{
  "responseType" : null,
  "errors" : [ ],
  "data" : [ {
    "id" : 0,
    "crudAction" : "NONE",
    "message" : "Items deleted"
  }, {
    "id" : 0,
    "crudAction" : "NONE",
    "message" : "BOMs deleted"
  }, {
    "id" : 0,
    "crudAction" : "NONE",
    "message" : "OrdereLineItems deleted"
  }, {
    "id" : 0,
    "crudAction" : "NONE",
    "message" : "Adjustments deleted"
  }, {
    "id" : 0,
    "crudAction" : "NONE",
    "message" : "Items PK Reset"
  }, {
    "id" : 0,
    "crudAction" : "NONE",
    "message" : "BOMs PK Reset"
  }, {
    "id" : 0,
    "crudAction" : "NONE",
    "message" : "Order Line Items PK reset"
  }, {
    "id" : 0,
    "crudAction" : "NONE",
    "message" : "Adjustment PK reset"
  } ]
}