{
  "responseType" : "ADD",
  "errors" : [ ],
  "data" : [ {
    "id" : 1,
    "crudAction" : "NONE",
    "external" : "36 In Red Wagon"
  }, {
    "id" : 2,
    "crudAction" : "NONE",
    "external" : "Red Wagon Body"
  }, {
    "id" : 3,
    "crudAction" : "NONE",
    "external" : "Front Wheel Asmbly"
  }, {
    "id" : 4,
    "crudAction" : "NONE",
    "external" : "Rear Wheel Asmbly"
  }, {
    "id" : 5,
    "crudAction" : "NONE",
    "external" : "Axle"
  }, {
    "id" : 6,
    "crudAction" : "NONE",
    "external" : "Decal"
  }, {
    "id" : 7,
    "crudAction" : "NONE",
    "external" : "Washer"
  }, {
    "id" : 8,
    "crudAction" : "NONE",
    "external" : "Threaded bolt"
  }, {
    "id" : 9,
    "crudAction" : "NONE",
    "external" : "Nut"
  }, {
    "id" : 10,
    "crudAction" : "NONE",
    "external" : "8 In Wheel"
  }, {
    "id" : 11,
    "crudAction" : "NONE",
    "external" : "Front Wheel Bracket"
  }, {
    "id" : 12,
    "crudAction" : "NONE",
    "external" : "Yoke"
  }, {
    "id" : 13,
    "crudAction" : "NONE",
    "external" : "Wagon Body"
  }, {
    "id" : 14,
    "crudAction" : "NONE",
    "external" : "Red Paint"
  }, {
    "id" : 15,
    "crudAction" : "NONE",
    "external" : "Rear Wheel bracket"
  }, {
    "id" : 16,
    "crudAction" : "NONE",
    "external" : "Axle Bracket Brace"
  }, {
    "id" : 17,
    "crudAction" : "NONE",
    "external" : "Rod Stock"
  }, {
    "id" : 18,
    "crudAction" : "NONE",
    "external" : "Carriage Bolt"
  } ]
}