{
  "responseType" : "ADD",
  "errors" : [ ],
  "data" : [ {
    "id" : 1,
    "crudAction" : "NONE",
    "external" : "W-001, 36 In Red Wagon"
  }, {
    "id" : 2,
    "crudAction" : "NONE",
    "external" : "W-002, Red Wagon Body"
  }, {
    "id" : 3,
    "crudAction" : "NONE",
    "external" : "W-003, Front Wheel Asmbly"
  }, {
    "id" : 4,
    "crudAction" : "NONE",
    "external" : "W-004, Rear Wheel Asmbly"
  }, {
    "id" : 5,
    "crudAction" : "NONE",
    "external" : "W-005, Axle"
  }, {
    "id" : 6,
    "crudAction" : "NONE",
    "external" : "W-006, Decal"
  }, {
    "id" : 7,
    "crudAction" : "NONE",
    "external" : "W-007, Washer"
  }, {
    "id" : 8,
    "crudAction" : "NONE",
    "external" : "W-008, Threaded bolt"
  }, {
    "id" : 9,
    "crudAction" : "NONE",
    "external" : "W-009, Nut"
  }, {
    "id" : 10,
    "crudAction" : "NONE",
    "external" : "W-010, 8 In Wheel"
  }, {
    "id" : 11,
    "crudAction" : "NONE",
    "external" : "W-011, Front Wheel Bracket"
  }, {
    "id" : 12,
    "crudAction" : "NONE",
    "external" : "W-012, Yoke"
  }, {
    "id" : 13,
    "crudAction" : "NONE",
    "external" : "W-013, Wagon Body"
  }, {
    "id" : 14,
    "crudAction" : "NONE",
    "external" : "W-014, Red Paint"
  }, {
    "id" : 15,
    "crudAction" : "NONE",
    "external" : "W-015, Rear Wheel bracket"
  }, {
    "id" : 16,
    "crudAction" : "NONE",
    "external" : "W-016, Axle Bracket Brace"
  }, {
    "id" : 17,
    "crudAction" : "NONE",
    "external" : "W-017, Rod Stock"
  }, {
    "id" : 18,
    "crudAction" : "NONE",
    "external" : "W-018, Carriage Bolt"
  } ]
}