{
  "responseType" : "CHANGE",
  "errors" : [ ],
  "data" : [ {
    "id" : 1,
    "crudAction" : "INSERT",
    "parentId" : 1,
    "childId" : 2,
    "quantityPer" : 1.0,
    "parentDescription" : "36 In Red Wagon",
    "childDescription" : "Red Wagon Body",
    "unitCost" : 0.0,
    "extendedCost" : 0.0
  }, {
    "id" : 2,
    "crudAction" : "INSERT",
    "parentId" : 2,
    "childId" : 13,
    "quantityPer" : 1.0,
    "parentDescription" : "Red Wagon Body",
    "childDescription" : "Wagon Body",
    "unitCost" : 2.25,
    "extendedCost" : 2.25
  } ]
}