{
  "responseType" : "QUERY",
  "errors" : [ ],
  "data" : [ {
    "id" : 0,
    "crudAction" : "NONE",
    "message" : "%-30s  Description  Unit Cost    Sourcing"
  }, {
    "id" : 0,
    "crudAction" : "NONE",
    "message" : "36 In Red Wagon                       0.00  MAN           0"
  }, {
    "id" : 0,
    "crudAction" : "NONE",
    "message" : "   Red Wagon Body                        0.00  MAN           1"
  }, {
    "id" : 0,
    "crudAction" : "NONE",
    "message" : "       Wagon Body                            2.25  PUR           2"
  } ]
}