{
  "responseType" : "QUERY",
  "errors" : [ ],
  "data" : [ {
    "id" : 0,
    "crudAction" : "NONE",
    "message" : "   Id Description                      Unit Cost  Sourcing       Depth"
  }, {
    "id" : 0,
    "crudAction" : "NONE",
    "message" : "    1 36 In Red Wagon                       0.00  MAN           0"
  }, {
    "id" : 0,
    "crudAction" : "NONE",
    "message" : "       2 Red Wagon Body                        0.00  MAN           1"
  }, {
    "id" : 0,
    "crudAction" : "NONE",
    "message" : "          13 Wagon Body                            2.25  PUR           2"
  } ]
}