{
  "responseType" : "MULTILINE",
  "errors" : [ ],
  "data" : [ {
    "id" : 19,
    "crudAction" : "CHANGE",
    "description" : "Purple Wagon",
    "unitCost" : 2.0,
    "sourcing" : "PUR",
    "maxDepth" : 0,
    "leadTime" : 5,
    "quantityOnHand" : 0.0,
    "minimumOrderQuantity" : 0.0
  } ]
}