{
  "responseType" : "CHANGE",
  "errors" : [ ],
  "data" : [ {
    "id" : 4,
    "crudAction" : "INSERT",
    "parentId" : 1,
    "childId" : 3,
    "quantityPer" : 1.0,
    "parentDescription" : "36 In Red Wagon",
    "childDescription" : "Front Wheel Asmbly",
    "unitCost" : 0.0,
    "extendedCost" : 0.0
  } ]
}