{
  "responseType" : "QUERY",
  "errors" : [ ],
  "data" : [ {
    "id" : 0,
    "activityState" : "NONE",
    "message" : "0002: W-002,Red Wagon Body     0.00 MAN   1  10 depth changing from 1 to 1"
  }, {
    "id" : 0,
    "activityState" : "NONE",
    "message" : "0013: W-013,Wagon Body     2.25 PUR   2  20 depth changing from 2 to 2"
  }, {
    "id" : 0,
    "activityState" : "NONE",
    "message" : "0003: W-003,Front Wheel Asmbly     0.00 MAN   1   1 depth changing from 1 to 1"
  }, {
    "id" : 0,
    "activityState" : "NONE",
    "message" : "Report Comppleted"
  } ]
}