{
  "responseType" : "QUERY",
  "errors" : [ {
    "key" : 0,
    "message" : "Started max depth calculations...",
    "status" : "OK"
  }, {
    "key" : 0,
    "message" : "18 items were reset",
    "status" : "OK"
  }, {
    "key" : 0,
    "message" : "Processing item 1:36 In Red Wagon",
    "status" : "OK"
  }, {
    "key" : 0,
    "message" : "   2:Red Wagon Body       is updated to  1",
    "status" : "OK"
  }, {
    "key" : 0,
    "message" : "  13:Wagon Body           is updated to  2",
    "status" : "OK"
  }, {
    "key" : 0,
    "message" : "   3:Front Wheel Asmbly   is updated to  1",
    "status" : "OK"
  }, {
    "key" : 0,
    "message" : "Processing item 2:Red Wagon Body",
    "status" : "OK"
  }, {
    "key" : 0,
    "message" : "  13:Wagon Body           does not require updating.",
    "status" : "OK"
  }, {
    "key" : 0,
    "message" : "Processing item 3:Front Wheel Asmbly",
    "status" : "OK"
  }, {
    "key" : 0,
    "message" : "Processing item 4:Rear Wheel Asmbly",
    "status" : "OK"
  }, {
    "key" : 0,
    "message" : "Processing item 5:Axle",
    "status" : "OK"
  }, {
    "key" : 0,
    "message" : "Processing item 6:Decal",
    "status" : "OK"
  }, {
    "key" : 0,
    "message" : "Processing item 7:Washer",
    "status" : "OK"
  }, {
    "key" : 0,
    "message" : "Processing item 8:Threaded bolt",
    "status" : "OK"
  }, {
    "key" : 0,
    "message" : "Processing item 9:Nut",
    "status" : "OK"
  }, {
    "key" : 0,
    "message" : "Processing item 10:8 In Wheel",
    "status" : "OK"
  }, {
    "key" : 0,
    "message" : "Processing item 11:Front Wheel Bracket",
    "status" : "OK"
  }, {
    "key" : 0,
    "message" : "Processing item 12:Yoke",
    "status" : "OK"
  }, {
    "key" : 0,
    "message" : "Processing item 13:Wagon Body",
    "status" : "OK"
  }, {
    "key" : 0,
    "message" : "Processing item 14:Red Paint",
    "status" : "OK"
  }, {
    "key" : 0,
    "message" : "Processing item 15:Rear Wheel bracket",
    "status" : "OK"
  }, {
    "key" : 0,
    "message" : "Processing item 16:Axle Bracket Brace",
    "status" : "OK"
  }, {
    "key" : 0,
    "message" : "Processing item 17:Rod Stock",
    "status" : "OK"
  }, {
    "key" : 0,
    "message" : "Processing item 18:Carriage Bolt",
    "status" : "OK"
  }, {
    "key" : 0,
    "message" : "Max depth calculcations completed",
    "status" : "OK"
  } ],
  "data" : [ {
    "id" : 1,
    "crudAction" : "NONE",
    "message" : "Started max depth calculations..."
  }, {
    "id" : 2,
    "crudAction" : "NONE",
    "message" : "18 items were reset"
  }, {
    "id" : 3,
    "crudAction" : "NONE",
    "message" : "Processing item 1:36 In Red Wagon"
  }, {
    "id" : 4,
    "crudAction" : "NONE",
    "message" : "   2:Red Wagon Body       is updated to  1"
  }, {
    "id" : 5,
    "crudAction" : "NONE",
    "message" : "  13:Wagon Body           is updated to  2"
  }, {
    "id" : 6,
    "crudAction" : "NONE",
    "message" : "   3:Front Wheel Asmbly   is updated to  1"
  }, {
    "id" : 7,
    "crudAction" : "NONE",
    "message" : "Processing item 2:Red Wagon Body"
  }, {
    "id" : 8,
    "crudAction" : "NONE",
    "message" : "  13:Wagon Body           does not require updating."
  }, {
    "id" : 9,
    "crudAction" : "NONE",
    "message" : "Processing item 3:Front Wheel Asmbly"
  }, {
    "id" : 10,
    "crudAction" : "NONE",
    "message" : "Processing item 4:Rear Wheel Asmbly"
  }, {
    "id" : 11,
    "crudAction" : "NONE",
    "message" : "Processing item 5:Axle"
  }, {
    "id" : 12,
    "crudAction" : "NONE",
    "message" : "Processing item 6:Decal"
  }, {
    "id" : 13,
    "crudAction" : "NONE",
    "message" : "Processing item 7:Washer"
  }, {
    "id" : 14,
    "crudAction" : "NONE",
    "message" : "Processing item 8:Threaded bolt"
  }, {
    "id" : 15,
    "crudAction" : "NONE",
    "message" : "Processing item 9:Nut"
  }, {
    "id" : 16,
    "crudAction" : "NONE",
    "message" : "Processing item 10:8 In Wheel"
  }, {
    "id" : 17,
    "crudAction" : "NONE",
    "message" : "Processing item 11:Front Wheel Bracket"
  }, {
    "id" : 18,
    "crudAction" : "NONE",
    "message" : "Processing item 12:Yoke"
  }, {
    "id" : 19,
    "crudAction" : "NONE",
    "message" : "Processing item 13:Wagon Body"
  }, {
    "id" : 20,
    "crudAction" : "NONE",
    "message" : "Processing item 14:Red Paint"
  }, {
    "id" : 21,
    "crudAction" : "NONE",
    "message" : "Processing item 15:Rear Wheel bracket"
  }, {
    "id" : 22,
    "crudAction" : "NONE",
    "message" : "Processing item 16:Axle Bracket Brace"
  }, {
    "id" : 23,
    "crudAction" : "NONE",
    "message" : "Processing item 17:Rod Stock"
  }, {
    "id" : 24,
    "crudAction" : "NONE",
    "message" : "Processing item 18:Carriage Bolt"
  }, {
    "id" : 25,
    "crudAction" : "NONE",
    "message" : "Max depth calculcations completed"
  } ]
}