{
  "responseType" : "CHANGE",
  "errors" : [ ],
  "data" : [ {
    "id" : 5,
    "activityState" : "INSERT",
    "parentId" : 1,
    "childId" : 4,
    "quantityPer" : 1.0,
    "parentSummary" : "W-001",
    "parentDescription" : "36 In Red Wagon",
    "childSummary" : "W-004",
    "childDescription" : "Rear Wheel Asmbly",
    "unitCost" : 0.0,
    "extendedCost" : 0.0
  }, {
    "id" : 6,
    "activityState" : "INSERT",
    "parentId" : 1,
    "childId" : 6,
    "quantityPer" : 2.0,
    "parentSummary" : "W-001",
    "parentDescription" : "36 In Red Wagon",
    "childSummary" : "W-006",
    "childDescription" : "Decal",
    "unitCost" : 0.25,
    "extendedCost" : 0.5
  }, {
    "id" : 7,
    "activityState" : "INSERT",
    "parentId" : 1,
    "childId" : 7,
    "quantityPer" : 8.0,
    "parentSummary" : "W-001",
    "parentDescription" : "36 In Red Wagon",
    "childSummary" : "W-007",
    "childDescription" : "Washer",
    "unitCost" : 0.21,
    "extendedCost" : 1.68
  }, {
    "id" : 8,
    "activityState" : "INSERT",
    "parentId" : 1,
    "childId" : 8,
    "quantityPer" : 4.0,
    "parentSummary" : "W-001",
    "parentDescription" : "36 In Red Wagon",
    "childSummary" : "W-008",
    "childDescription" : "Threaded bolt",
    "unitCost" : 0.6,
    "extendedCost" : 2.4
  }, {
    "id" : 9,
    "activityState" : "INSERT",
    "parentId" : 1,
    "childId" : 9,
    "quantityPer" : 4.0,
    "parentSummary" : "W-001",
    "parentDescription" : "36 In Red Wagon",
    "childSummary" : "W-009",
    "childDescription" : "Nut",
    "unitCost" : 0.17,
    "extendedCost" : 0.68
  }, {
    "id" : 10,
    "activityState" : "INSERT",
    "parentId" : 2,
    "childId" : 14,
    "quantityPer" : 0.25,
    "parentSummary" : "W-002",
    "parentDescription" : "Red Wagon Body",
    "childSummary" : "W-014",
    "childDescription" : "Red Paint",
    "unitCost" : 20.0,
    "extendedCost" : 5.0
  }, {
    "id" : 11,
    "activityState" : "INSERT",
    "parentId" : 3,
    "childId" : 11,
    "quantityPer" : 2.0,
    "parentSummary" : "W-003",
    "parentDescription" : "Front Wheel Asmbly",
    "childSummary" : "W-011",
    "childDescription" : "Front Wheel Bracket",
    "unitCost" : 0.95,
    "extendedCost" : 1.9
  }, {
    "id" : 12,
    "activityState" : "INSERT",
    "parentId" : 3,
    "childId" : 12,
    "quantityPer" : 2.0,
    "parentSummary" : "W-003",
    "parentDescription" : "Front Wheel Asmbly",
    "childSummary" : "W-012",
    "childDescription" : "Yoke",
    "unitCost" : 0.17,
    "extendedCost" : 0.34
  }, {
    "id" : 13,
    "activityState" : "INSERT",
    "parentId" : 3,
    "childId" : 5,
    "quantityPer" : 1.0,
    "parentSummary" : "W-003",
    "parentDescription" : "Front Wheel Asmbly",
    "childSummary" : "W-005",
    "childDescription" : "Axle",
    "unitCost" : 0.0,
    "extendedCost" : 0.0
  }, {
    "id" : 14,
    "activityState" : "INSERT",
    "parentId" : 3,
    "childId" : 9,
    "quantityPer" : 2.0,
    "parentSummary" : "W-003",
    "parentDescription" : "Front Wheel Asmbly",
    "childSummary" : "W-009",
    "childDescription" : "Nut",
    "unitCost" : 0.17,
    "extendedCost" : 0.34
  }, {
    "id" : 15,
    "activityState" : "INSERT",
    "parentId" : 5,
    "childId" : 17,
    "quantityPer" : 1.5,
    "parentSummary" : "W-005",
    "parentDescription" : "Axle",
    "childSummary" : "W-017",
    "childDescription" : "Rod Stock",
    "unitCost" : 0.7,
    "extendedCost" : 1.0499999999999998
  }, {
    "id" : 16,
    "activityState" : "INSERT",
    "parentId" : 4,
    "childId" : 15,
    "quantityPer" : 1.0,
    "parentSummary" : "W-004",
    "parentDescription" : "Rear Wheel Asmbly",
    "childSummary" : "W-015",
    "childDescription" : "Rear Wheel bracket",
    "unitCost" : 1.0,
    "extendedCost" : 1.0
  }, {
    "id" : 17,
    "activityState" : "INSERT",
    "parentId" : 4,
    "childId" : 16,
    "quantityPer" : 1.0,
    "parentSummary" : "W-004",
    "parentDescription" : "Rear Wheel Asmbly",
    "childSummary" : "W-016",
    "childDescription" : "Axle Bracket Brace",
    "unitCost" : 0.75,
    "extendedCost" : 0.75
  }, {
    "id" : 18,
    "activityState" : "INSERT",
    "parentId" : 4,
    "childId" : 5,
    "quantityPer" : 1.0,
    "parentSummary" : "W-004",
    "parentDescription" : "Rear Wheel Asmbly",
    "childSummary" : "W-005",
    "childDescription" : "Axle",
    "unitCost" : 0.0,
    "extendedCost" : 0.0
  }, {
    "id" : 19,
    "activityState" : "INSERT",
    "parentId" : 4,
    "childId" : 7,
    "quantityPer" : 2.0,
    "parentSummary" : "W-004",
    "parentDescription" : "Rear Wheel Asmbly",
    "childSummary" : "W-007",
    "childDescription" : "Washer",
    "unitCost" : 0.21,
    "extendedCost" : 0.42
  }, {
    "id" : 20,
    "activityState" : "INSERT",
    "parentId" : 4,
    "childId" : 9,
    "quantityPer" : 2.0,
    "parentSummary" : "W-004",
    "parentDescription" : "Rear Wheel Asmbly",
    "childSummary" : "W-009",
    "childDescription" : "Nut",
    "unitCost" : 0.17,
    "extendedCost" : 0.34
  }, {
    "id" : 21,
    "activityState" : "INSERT",
    "parentId" : 4,
    "childId" : 10,
    "quantityPer" : 2.0,
    "parentSummary" : "W-004",
    "parentDescription" : "Rear Wheel Asmbly",
    "childSummary" : "W-010",
    "childDescription" : "8 In Wheel",
    "unitCost" : 0.17,
    "extendedCost" : 0.34
  }, {
    "id" : 22,
    "activityState" : "INSERT",
    "parentId" : 4,
    "childId" : 18,
    "quantityPer" : 1.0,
    "parentSummary" : "W-004",
    "parentDescription" : "Rear Wheel Asmbly",
    "childSummary" : "W-018",
    "childDescription" : "Carriage Bolt",
    "unitCost" : 0.17,
    "extendedCost" : 0.17
  } ]
}