{
  "responseType" : "QUERY",
  "errors" : [ ],
  "data" : [ {
    "id" : 1,
    "crudAction" : "NONE",
    "message" : "   Id Description                      Unit Cost  Sourcing       Depth"
  }, {
    "id" : 2,
    "crudAction" : "NONE",
    "message" : "    1 36 In Red Wagon                       0.00  MAN           0"
  }, {
    "id" : 3,
    "crudAction" : "NONE",
    "message" : "       2 Red Wagon Body                        0.00  MAN           1"
  }, {
    "id" : 4,
    "crudAction" : "NONE",
    "message" : "          13 Wagon Body                            2.25  PUR           2"
  }, {
    "id" : 5,
    "crudAction" : "NONE",
    "message" : "          14 Red Paint                            20.00  PUR           2"
  }, {
    "id" : 6,
    "crudAction" : "NONE",
    "message" : "       3 Front Wheel Asmbly                    0.00  MAN           1"
  }, {
    "id" : 7,
    "crudAction" : "NONE",
    "message" : "           5 Axle                                  0.00  MAN           2"
  }, {
    "id" : 8,
    "crudAction" : "NONE",
    "message" : "              17 Rod Stock                             0.70  PUR           3"
  }, {
    "id" : 9,
    "crudAction" : "NONE",
    "message" : "           9 Nut                                   0.17  PUR           2"
  }, {
    "id" : 10,
    "crudAction" : "NONE",
    "message" : "          11 Front Wheel Bracket                   0.95  PUR           2"
  }, {
    "id" : 11,
    "crudAction" : "NONE",
    "message" : "          12 Yoke                                  0.17  PUR           2"
  }, {
    "id" : 12,
    "crudAction" : "NONE",
    "message" : "       4 Rear Wheel Asmbly                     0.00  MAN           1"
  }, {
    "id" : 13,
    "crudAction" : "NONE",
    "message" : "           5 Axle                                  0.00  MAN           2"
  }, {
    "id" : 14,
    "crudAction" : "NONE",
    "message" : "              17 Rod Stock                             0.70  PUR           3"
  }, {
    "id" : 15,
    "crudAction" : "NONE",
    "message" : "           7 Washer                                0.21  PUR           2"
  }, {
    "id" : 16,
    "crudAction" : "NONE",
    "message" : "           9 Nut                                   0.17  PUR           2"
  }, {
    "id" : 17,
    "crudAction" : "NONE",
    "message" : "          10 8 In Wheel                            0.17  PUR           2"
  }, {
    "id" : 18,
    "crudAction" : "NONE",
    "message" : "          15 Rear Wheel bracket                    1.00  PUR           2"
  }, {
    "id" : 19,
    "crudAction" : "NONE",
    "message" : "          16 Axle Bracket Brace                    0.75  PUR           2"
  }, {
    "id" : 20,
    "crudAction" : "NONE",
    "message" : "          18 Carriage Bolt                         0.17  PUR           2"
  }, {
    "id" : 21,
    "crudAction" : "NONE",
    "message" : "       6 Decal                                 0.25  PUR           1"
  }, {
    "id" : 22,
    "crudAction" : "NONE",
    "message" : "       7 Washer                                0.21  PUR           2"
  }, {
    "id" : 23,
    "crudAction" : "NONE",
    "message" : "       8 Threaded bolt                         0.60  PUR           1"
  }, {
    "id" : 24,
    "crudAction" : "NONE",
    "message" : "       9 Nut                                   0.17  PUR           2"
  } ]
}