{
  "responseType" : "MULTILINE",
  "errors" : [ ],
  "data" : [ {
    "id" : 1,
    "activityState" : "DELETE",
    "itemId" : 1,
    "quantityOrdered" : 1.0,
    "quantityAssigned" : 0.0,
    "startDate" : "2025-0701",
    "completeDate" : "2025-0703",
    "parentOliId" : 0,
    "orderState" : "PLANNED",
    "orderType" : "MO"
  } ]
}