{
  "responseType" : "MULTILINE",
  "errors" : [ ],
  "data" : [ {
    "id" : 2,
    "crudAction" : "CHANGE",
    "itemId" : 2,
    "quantityOrdered" : 5.0,
    "quantityAssigned" : 0.0,
    "startDate" : "2025-0711",
    "completeDate" : "2025-0715",
    "parentOliId" : 0,
    "orderState" : "PLANNED",
    "orderType" : "MOHEAD"
  } ]
}