{
  "responseType" : "MULTILINE",
  "errors" : [ ],
  "data" : [ {
    "id" : 0,
    "crudAction" : "NONE",
    "message" : "Item                         Ordered Assigned     Start  Complete State   Type"
  }, {
    "id" : 0,
    "crudAction" : "NONE",
    "message" : "Red Wagon Body                  5.00     0.00 2025-0711 2025-0715 PLANNED MOHEAD"
  }, {
    "id" : 0,
    "crudAction" : "NONE",
    "message" : "   Front Wheel Asmbly           5.00     0.00 2025-0711 2025-0715 PLANNED MOHEAD"
  }, {
    "id" : 0,
    "crudAction" : "NONE",
    "message" : "   Rear Wheel Asmbly            5.00     0.00 2025-0711 2025-0715 PLANNED MOHEAD"
  }, {
    "id" : 0,
    "crudAction" : "NONE",
    "message" : "       Axle                     5.00     0.00 2025-0704 2025-0714 PLANNED MOHEAD"
  } ]
}