{
  "responseType" : "MULTILINE",
  "errors" : [ {
    "key" : 1,
    "message" : "Added 8 items to order"
  } ],
  "data" : [ {
    "id" : 6,
    "activityState" : "INSERT",
    "itemId" : 1,
    "quantityOrdered" : 10.0,
    "quantityAssigned" : 0.0,
    "startDate" : "2025-0801",
    "completeDate" : "2025-0803",
    "parentOliId" : 0,
    "orderState" : "OPEN",
    "orderType" : "MO"
  } ]
}