{
  "responseType" : "MULTILINE",
  "errors" : [ ],
  "data" : [ {
    "id" : 0,
    "crudAction" : "NONE",
    "message" : "Item                         Ordered Assigned     Start  Complete State   Type"
  }, {
    "id" : 0,
    "crudAction" : "NONE",
    "message" : "36 In Red Wagon                10.00     0.00 2025-0801 2025-0803 OPEN    MOHEAD"
  }, {
    "id" : 0,
    "crudAction" : "NONE",
    "message" : "   Red Wagon Body              10.00     0.00 2025-0730 2025-0801 OPEN    MODET"
  }, {
    "id" : 0,
    "crudAction" : "NONE",
    "message" : "   Front Wheel Asmbly          10.00     0.00 2025-0730 2025-0801 OPEN    MODET"
  }, {
    "id" : 0,
    "crudAction" : "NONE",
    "message" : "   Rear Wheel Asmbly           10.00     0.00 2025-0730 2025-0801 OPEN    MODET"
  }, {
    "id" : 0,
    "crudAction" : "NONE",
    "message" : "   Decal                       20.00     0.00 2025-0730 2025-0801 OPEN    MODET"
  }, {
    "id" : 0,
    "crudAction" : "NONE",
    "message" : "   Washer                      80.00     0.00 2025-0730 2025-0801 OPEN    MODET"
  }, {
    "id" : 0,
    "crudAction" : "NONE",
    "message" : "   Threaded bolt               40.00     0.00 2025-0730 2025-0801 OPEN    MODET"
  }, {
    "id" : 0,
    "crudAction" : "NONE",
    "message" : "   Nut                         40.00     0.00 2025-0730 2025-0801 OPEN    MODET"
  } ]
}