{
  "responseType" : "MULTILINE",
  "errors" : [ ],
  "data" : [ {
    "id" : 0,
    "activityState" : "NONE",
    "message" : "   6    1       0    10.00   0.00  2025-0801  2025-0803 CLOSED MOHEAD NONE"
  }, {
    "id" : 0,
    "activityState" : "NONE",
    "message" : "   2    2       0     5.00   0.00  2025-0711  2025-0715 PLANNED MOHEAD NONE"
  }, {
    "id" : 0,
    "activityState" : "NONE",
    "message" : "   7    2       6    10.00   0.00  2025-0801  2025-0803 CLOSED  MODET NONE"
  }, {
    "id" : 0,
    "activityState" : "NONE",
    "message" : "   3    3       2     5.00   0.00  2025-0711  2025-0715 PLANNED MOHEAD NONE"
  }, {
    "id" : 0,
    "activityState" : "NONE",
    "message" : "   8    3       6    10.00   0.00  2025-0801  2025-0803 CLOSED  MODET NONE"
  }, {
    "id" : 0,
    "activityState" : "NONE",
    "message" : "   4    4       2     5.00   0.00  2025-0711  2025-0715 PLANNED MOHEAD NONE"
  }, {
    "id" : 0,
    "activityState" : "NONE",
    "message" : "   9    4       6    10.00   0.00  2025-0801  2025-0803 CLOSED  MODET NONE"
  }, {
    "id" : 0,
    "activityState" : "NONE",
    "message" : "   5    5       4     5.00   0.00  2025-0704  2025-0714 PLANNED MOHEAD NONE"
  }, {
    "id" : 0,
    "activityState" : "NONE",
    "message" : "  10    6       6    10.00   0.00  2025-0801  2025-0803 CLOSED  MODET NONE"
  }, {
    "id" : 0,
    "activityState" : "NONE",
    "message" : "  11    7       6    80.00   0.00  2025-0801  2025-0803 CLOSED  MODET NONE"
  }, {
    "id" : 0,
    "activityState" : "NONE",
    "message" : "  12    8       6    40.00   0.00  2025-0801  2025-0803 CLOSED  MODET NONE"
  }, {
    "id" : 0,
    "activityState" : "NONE",
    "message" : "  13    9       6    40.00   0.00  2025-0801  2025-0803 CLOSED  MODET NONE"
  } ]
}