{
  "responseType" : "MULTILINE",
  "errors" : [ ],
  "data" : [ {
    "id" : 7,
    "crudAction" : "DELETE",
    "itemId" : 2,
    "quantityOrdered" : 10.0,
    "quantityAssigned" : 0.0,
    "startDate" : "2025-0730",
    "completeDate" : "2025-0801",
    "parentOliId" : 6,
    "orderState" : "CLOSED",
    "orderType" : "MODET"
  }, {
    "id" : 8,
    "crudAction" : "DELETE",
    "itemId" : 3,
    "quantityOrdered" : 10.0,
    "quantityAssigned" : 0.0,
    "startDate" : "2025-0730",
    "completeDate" : "2025-0801",
    "parentOliId" : 6,
    "orderState" : "CLOSED",
    "orderType" : "MODET"
  }, {
    "id" : 9,
    "crudAction" : "DELETE",
    "itemId" : 4,
    "quantityOrdered" : 10.0,
    "quantityAssigned" : 0.0,
    "startDate" : "2025-0730",
    "completeDate" : "2025-0801",
    "parentOliId" : 6,
    "orderState" : "CLOSED",
    "orderType" : "MODET"
  }, {
    "id" : 10,
    "crudAction" : "DELETE",
    "itemId" : 6,
    "quantityOrdered" : 20.0,
    "quantityAssigned" : 0.0,
    "startDate" : "2025-0730",
    "completeDate" : "2025-0801",
    "parentOliId" : 6,
    "orderState" : "CLOSED",
    "orderType" : "MODET"
  }, {
    "id" : 11,
    "crudAction" : "DELETE",
    "itemId" : 7,
    "quantityOrdered" : 80.0,
    "quantityAssigned" : 0.0,
    "startDate" : "2025-0730",
    "completeDate" : "2025-0801",
    "parentOliId" : 6,
    "orderState" : "CLOSED",
    "orderType" : "MODET"
  }, {
    "id" : 12,
    "crudAction" : "DELETE",
    "itemId" : 8,
    "quantityOrdered" : 40.0,
    "quantityAssigned" : 0.0,
    "startDate" : "2025-0730",
    "completeDate" : "2025-0801",
    "parentOliId" : 6,
    "orderState" : "CLOSED",
    "orderType" : "MODET"
  }, {
    "id" : 13,
    "crudAction" : "DELETE",
    "itemId" : 9,
    "quantityOrdered" : 40.0,
    "quantityAssigned" : 0.0,
    "startDate" : "2025-0730",
    "completeDate" : "2025-0801",
    "parentOliId" : 6,
    "orderState" : "CLOSED",
    "orderType" : "MODET"
  } ]
}