{
  "responseType" : "MULTILINE",
  "errors" : [ ],
  "data" : [ {
    "id" : 0,
    "activityState" : "NONE",
    "message" : "   6    1        0    10.00     0.00  2025-0801  2025-0803 CLOSED MOHEAD NONE"
  }, {
    "id" : 0,
    "activityState" : "NONE",
    "message" : "   2    2        0     5.00     0.00  2025-0711  2025-0715 PLANNED MOHEAD NONE"
  }, {
    "id" : 0,
    "activityState" : "NONE",
    "message" : "   3    3        2     5.00     0.00  2025-0711  2025-0715 PLANNED MOHEAD NONE"
  }, {
    "id" : 0,
    "activityState" : "NONE",
    "message" : "   4    4        2     5.00     0.00  2025-0711  2025-0715 PLANNED MOHEAD NONE"
  }, {
    "id" : 0,
    "activityState" : "NONE",
    "message" : "   5    5        4     5.00     0.00  2025-0704  2025-0714 PLANNED MOHEAD NONE"
  } ]
}