{
  "responseType" : "MULTILINE",
  "errors" : [ ],
  "data" : [ {
    "id" : 3,
    "crudAction" : "DELETE",
    "itemId" : 3,
    "quantityOrdered" : 5.0,
    "quantityAssigned" : 0.0,
    "startDate" : "2025-0711",
    "completeDate" : "2025-0715",
    "parentOliId" : 2,
    "orderState" : "PLANNED",
    "orderType" : "MOHEAD"
  }, {
    "id" : 5,
    "crudAction" : "DELETE",
    "itemId" : 5,
    "quantityOrdered" : 5.0,
    "quantityAssigned" : 0.0,
    "startDate" : "2025-0704",
    "completeDate" : "2025-0714",
    "parentOliId" : 4,
    "orderState" : "PLANNED",
    "orderType" : "MOHEAD"
  }, {
    "id" : 4,
    "crudAction" : "DELETE",
    "itemId" : 4,
    "quantityOrdered" : 5.0,
    "quantityAssigned" : 0.0,
    "startDate" : "2025-0711",
    "completeDate" : "2025-0715",
    "parentOliId" : 2,
    "orderState" : "PLANNED",
    "orderType" : "MOHEAD"
  }, {
    "id" : 2,
    "crudAction" : "DELETE",
    "itemId" : 2,
    "quantityOrdered" : 5.0,
    "quantityAssigned" : 0.0,
    "startDate" : "2025-0711",
    "completeDate" : "2025-0715",
    "parentOliId" : 0,
    "orderState" : "PLANNED",
    "orderType" : "MOHEAD"
  }, {
    "id" : 6,
    "crudAction" : "DELETE",
    "itemId" : 1,
    "quantityOrdered" : 10.0,
    "quantityAssigned" : 0.0,
    "startDate" : "2025-0801",
    "completeDate" : "2025-0803",
    "parentOliId" : 0,
    "orderState" : "CLOSED",
    "orderType" : "MOHEAD"
  }, {
    "id" : 14,
    "crudAction" : "INSERT",
    "itemId" : 2,
    "quantityOrdered" : 7.0,
    "quantityAssigned" : 0.0,
    "startDate" : "2025-0801",
    "completeDate" : "2025-0811",
    "parentOliId" : 0,
    "orderState" : "PLANNED",
    "orderType" : "MOHEAD"
  }, {
    "id" : 15,
    "crudAction" : "INSERT",
    "itemId" : 5,
    "quantityOrdered" : 9.0,
    "quantityAssigned" : 0.0,
    "startDate" : "2025-0801",
    "completeDate" : "2025-0803",
    "parentOliId" : 0,
    "orderState" : "PLANNED",
    "orderType" : "MOHEAD"
  } ]
}