{
  "responseType" : null,
  "errors" : [ {
    "key" : 1,
    "message" : "Added 3 lines to order 14"
  }, {
    "key" : 1,
    "message" : "Cannot change state on order 15 +  from planned to close.  Try delete. "
  } ],
  "data" : [ {
    "id" : 14,
    "activityState" : "CHANGE",
    "itemId" : 2,
    "quantityOrdered" : 6.0,
    "quantityAssigned" : 0.0,
    "startDate" : "2025-0901",
    "completeDate" : "2025-0903",
    "parentOliId" : 0,
    "orderState" : "OPEN",
    "orderType" : "MO"
  } ]
}