{
  "responseType" : null,
  "errors" : [ {
    "key" : 0,
    "message" : "An order line item must have either startDate or completedDate",
    "status" : "BAD_REQUEST"
  } ],
  "data" : [ {
    "id" : 21,
    "crudAction" : "INSERT",
    "itemId" : 2,
    "quantityOrdered" : 6.0,
    "quantityAssigned" : 0.0,
    "startDate" : "2025-0901",
    "completeDate" : "2025-0913",
    "parentOliId" : 0,
    "orderState" : "OPEN",
    "orderType" : "MOHEAD"
  }, {
    "id" : 24,
    "crudAction" : "INSERT",
    "itemId" : 2,
    "quantityOrdered" : 6.0,
    "quantityAssigned" : 0.0,
    "startDate" : "2025-0901",
    "completeDate" : "2025-0911",
    "parentOliId" : 0,
    "orderState" : "OPEN",
    "orderType" : "MOHEAD"
  }, {
    "id" : 27,
    "crudAction" : "INSERT",
    "itemId" : 2,
    "quantityOrdered" : 6.0,
    "quantityAssigned" : 0.0,
    "startDate" : "2025-0824",
    "completeDate" : "2025-0903",
    "parentOliId" : 0,
    "orderState" : "OPEN",
    "orderType" : "MOHEAD"
  } ]
}