{
  "responseType" : "MULTILINE",
  "errors" : [ {
    "key" : 1,
    "message" : "Resetting max depth..."
  } ],
  "data" : [ {
    "id" : 0,
    "activityState" : "NONE",
    "message" : "18 items were reset"
  }, {
    "id" : 0,
    "activityState" : "NONE",
    "message" : "Inventory Analysis for 0005: W-005,Axle     0.00 MAN   2   4     0.00     1.00"
  }, {
    "id" : 0,
    "activityState" : "NONE",
    "message" : "  Opening Balance of 0.0 and there are 1 open orders"
  }, {
    "id" : 0,
    "activityState" : "NONE",
    "message" : "Inventory Analysis for 0017: W-017,Rod Stock     0.70 PUR   3   5     0.00  1000.00"
  }, {
    "id" : 0,
    "activityState" : "NONE",
    "message" : "  Opening Balance of 0.0 and there are 1 open orders"
  }, {
    "id" : 0,
    "activityState" : "NONE",
    "message" : "     2   17       1     9.00   0.00  2025-0901  2025-0913 OPEN  MODET NONE : -9.0000008.2"
  }, {
    "id" : 0,
    "activityState" : "NONE",
    "message" : " +  21   17       1  1000.00   0.00       null  2025-0901 OPEN     PO INSERT"
  }, {
    "id" : 0,
    "activityState" : "NONE",
    "message" : "    Projected balance of 991.0 on 2025-0901"
  } ]
}