{
  "responseType" : "MULTILINE",
  "errors" : [ {
    "key" : 1,
    "message" : "Added 2 line items to order 4"
  }, {
    "key" : 1,
    "message" : "Added 2 line items to order 6"
  }, {
    "key" : 1,
    "message" : "Added 2 line items to order 8"
  }, {
    "key" : 1,
    "message" : "Added 2 line items to order 10"
  } ],
  "data" : [ {
    "id" : 4,
    "crudAction" : "INSERT",
    "itemId" : 5,
    "quantityOrdered" : 500.0,
    "quantityAssigned" : 0.0,
    "startDate" : "2025-0911",
    "completeDate" : "2025-0915",
    "parentOliId" : 0,
    "orderState" : "OPEN",
    "orderType" : "MOHEAD"
  }, {
    "id" : 6,
    "crudAction" : "INSERT",
    "itemId" : 5,
    "quantityOrdered" : 1000.0,
    "quantityAssigned" : 0.0,
    "startDate" : "2025-1011",
    "completeDate" : "2025-1015",
    "parentOliId" : 0,
    "orderState" : "OPEN",
    "orderType" : "MOHEAD"
  }, {
    "id" : 8,
    "crudAction" : "INSERT",
    "itemId" : 5,
    "quantityOrdered" : 1500.0,
    "quantityAssigned" : 0.0,
    "startDate" : "2025-1111",
    "completeDate" : "2025-1115",
    "parentOliId" : 0,
    "orderState" : "OPEN",
    "orderType" : "MOHEAD"
  }, {
    "id" : 10,
    "crudAction" : "INSERT",
    "itemId" : 5,
    "quantityOrdered" : 50.0,
    "quantityAssigned" : 0.0,
    "startDate" : "2025-1211",
    "completeDate" : "2025-1215",
    "parentOliId" : 0,
    "orderState" : "OPEN",
    "orderType" : "MOHEAD"
  } ]
}