{
  "responseType" : "MULTILINE",
  "errors" : [ ],
  "data" : [ {
    "id" : 0,
    "activityState" : "NONE",
    "message" : "  11    3        0   500.00     0.00  2025-0914  2025-0915 OPEN MOHEAD NONE"
  }, {
    "id" : 0,
    "activityState" : "NONE",
    "message" : "  16    3        0  1000.00     0.00  2025-1014  2025-1015 OPEN MOHEAD NONE"
  }, {
    "id" : 0,
    "activityState" : "NONE",
    "message" : "  21    3        0  1500.00     0.00  2025-1114  2025-1115 OPEN MOHEAD NONE"
  }, {
    "id" : 0,
    "activityState" : "NONE",
    "message" : "  26    3        0    50.00     0.00  2025-1214  2025-1215 OPEN MOHEAD NONE"
  }, {
    "id" : 0,
    "activityState" : "NONE",
    "message" : "   1    5        0     6.00     0.00  2025-0901  2025-0913 OPEN MOHEAD NONE"
  }, {
    "id" : 0,
    "activityState" : "NONE",
    "message" : "   3    5        0   500.00     0.00  2025-0911  2025-0915 OPEN MOHEAD NONE"
  }, {
    "id" : 0,
    "activityState" : "NONE",
    "message" : "  12    5       11   500.00     0.00  2025-0914  2025-0915 OPEN  MODET NONE"
  }, {
    "id" : 0,
    "activityState" : "NONE",
    "message" : "   5    5        0  1000.00     0.00  2025-1011  2025-1015 OPEN MOHEAD NONE"
  }, {
    "id" : 0,
    "activityState" : "NONE",
    "message" : "  17    5       16  1000.00     0.00  2025-1014  2025-1015 OPEN  MODET NONE"
  }, {
    "id" : 0,
    "activityState" : "NONE",
    "message" : "   7    5        0  1500.00     0.00  2025-1111  2025-1115 OPEN MOHEAD NONE"
  }, {
    "id" : 0,
    "activityState" : "NONE",
    "message" : "  22    5       21  1500.00     0.00  2025-1114  2025-1115 OPEN  MODET NONE"
  }, {
    "id" : 0,
    "activityState" : "NONE",
    "message" : "   9    5        0    50.00     0.00  2025-1211  2025-1215 OPEN MOHEAD NONE"
  }, {
    "id" : 0,
    "activityState" : "NONE",
    "message" : "  27    5       26    50.00     0.00  2025-1214  2025-1215 OPEN  MODET NONE"
  }, {
    "id" : 0,
    "activityState" : "NONE",
    "message" : "  13    9       11  1000.00     0.00  2025-0914  2025-0915 OPEN  MODET NONE"
  }, {
    "id" : 0,
    "activityState" : "NONE",
    "message" : "  18    9       16  2000.00     0.00  2025-1014  2025-1015 OPEN  MODET NONE"
  }, {
    "id" : 0,
    "activityState" : "NONE",
    "message" : "  23    9       21  3000.00     0.00  2025-1114  2025-1115 OPEN  MODET NONE"
  }, {
    "id" : 0,
    "activityState" : "NONE",
    "message" : "  28    9       26   100.00     0.00  2025-1214  2025-1215 OPEN  MODET NONE"
  }, {
    "id" : 0,
    "activityState" : "NONE",
    "message" : "  14   11       11  1000.00     0.00  2025-0914  2025-0915 OPEN  MODET NONE"
  }, {
    "id" : 0,
    "activityState" : "NONE",
    "message" : "  19   11       16  2000.00     0.00  2025-1014  2025-1015 OPEN  MODET NONE"
  }, {
    "id" : 0,
    "activityState" : "NONE",
    "message" : "  24   11       21  3000.00     0.00  2025-1114  2025-1115 OPEN  MODET NONE"
  }, {
    "id" : 0,
    "activityState" : "NONE",
    "message" : "  29   11       26   100.00     0.00  2025-1214  2025-1215 OPEN  MODET NONE"
  }, {
    "id" : 0,
    "activityState" : "NONE",
    "message" : "  15   12       11  1000.00     0.00  2025-0914  2025-0915 OPEN  MODET NONE"
  }, {
    "id" : 0,
    "activityState" : "NONE",
    "message" : "  20   12       16  2000.00     0.00  2025-1014  2025-1015 OPEN  MODET NONE"
  }, {
    "id" : 0,
    "activityState" : "NONE",
    "message" : "  25   12       21  3000.00     0.00  2025-1114  2025-1115 OPEN  MODET NONE"
  }, {
    "id" : 0,
    "activityState" : "NONE",
    "message" : "  30   12       26   100.00     0.00  2025-1214  2025-1215 OPEN  MODET NONE"
  }, {
    "id" : 0,
    "activityState" : "NONE",
    "message" : "   2   17        1  1000.00     0.00  2025-0827  2025-0901 OPEN     PO NONE"
  }, {
    "id" : 0,
    "activityState" : "NONE",
    "message" : "   4   17        3   750.00     0.00  2025-0911  2025-0915 OPEN  MODET NONE"
  }, {
    "id" : 0,
    "activityState" : "NONE",
    "message" : "   6   17        5  1250.00     0.00  2025-1006  2025-1011 OPEN     PO NONE"
  }, {
    "id" : 0,
    "activityState" : "NONE",
    "message" : "   8   17        7  2250.00     0.00  2025-1106  2025-1111 OPEN     PO NONE"
  }, {
    "id" : 0,
    "activityState" : "NONE",
    "message" : "  10   17        9  1000.00     0.00  2025-1206  2025-1211 OPEN     PO NONE"
  } ]
}