{
  "responseType" : "MULTILINE",
  "errors" : [ {
    "key" : 1,
    "message" : "Resetting max depth..."
  } ],
  "data" : [ {
    "id" : 0,
    "activityState" : "NONE",
    "message" : "18 items were reset"
  }, {
    "id" : 0,
    "activityState" : "NONE",
    "message" : "Inventory Analysis for 0001: W-001,36 In Red Wagon     0.00 MAN   0   2     5.00     1.00"
  }, {
    "id" : 0,
    "activityState" : "NONE",
    "message" : "  Opening Balance of 5.0 and there are 0 open orders"
  }, {
    "id" : 0,
    "activityState" : "NONE",
    "message" : "Inventory Analysis for 0002: W-002,Red Wagon Body     0.00 MAN   1  10     0.00     1.00"
  }, {
    "id" : 0,
    "activityState" : "NONE",
    "message" : "  Opening Balance of 0.0 and there are 0 open orders"
  }, {
    "id" : 0,
    "activityState" : "NONE",
    "message" : "Inventory Analysis for 0003: W-003,Front Wheel Asmbly     0.00 MAN   1   1     0.00     1.00"
  }, {
    "id" : 0,
    "activityState" : "NONE",
    "message" : "  Opening Balance of 0.0 and there are 4 open orders"
  }, {
    "id" : 0,
    "activityState" : "NONE",
    "message" : "Inventory Analysis for 0004: W-004,Rear Wheel Asmbly     0.00 MAN   1   1     0.00     1.00"
  }, {
    "id" : 0,
    "activityState" : "NONE",
    "message" : "  Opening Balance of 0.0 and there are 0 open orders"
  }, {
    "id" : 0,
    "activityState" : "NONE",
    "message" : "Inventory Analysis for 0006: W-006,Red Wagon Body     0.00 MAN   1   1     0.00     1.00"
  }, {
    "id" : 0,
    "activityState" : "NONE",
    "message" : "  Opening Balance of 0.0 and there are 0 open orders"
  }, {
    "id" : 0,
    "activityState" : "NONE",
    "message" : "Inventory Analysis for 0008: W-008,Threaded bolt     0.60 PUR   1   5     0.00   500.00"
  }, {
    "id" : 0,
    "activityState" : "NONE",
    "message" : "  Opening Balance of 0.0 and there are 0 open orders"
  }, {
    "id" : 0,
    "activityState" : "NONE",
    "message" : "Inventory Analysis for 0005: W-005,Axle     0.00 MAN   2   4     0.00     1.00"
  }, {
    "id" : 0,
    "activityState" : "NONE",
    "message" : "  Opening Balance of 0.0 and there are 9 open orders"
  }, {
    "id" : 0,
    "activityState" : "NONE",
    "message" : "Inventory Analysis for 0007: W-007,Washer     0.21 PUR   2   5     0.00  1000.00"
  }, {
    "id" : 0,
    "activityState" : "NONE",
    "message" : "  Opening Balance of 0.0 and there are 0 open orders"
  }, {
    "id" : 0,
    "activityState" : "NONE",
    "message" : "Inventory Analysis for 0009: W-009,Nut     0.17 PUR   2   6     0.00   500.00"
  }, {
    "id" : 0,
    "activityState" : "NONE",
    "message" : "  Opening Balance of 0.0 and there are 4 open orders"
  }, {
    "id" : 0,
    "activityState" : "NONE",
    "message" : "    13    9       11  1000.00     0.00  2025-0914  2025-0915 OPEN  MODET NONE : -1000.0000008.2"
  }, {
    "id" : 0,
    "activityState" : "NONE",
    "message" : " +  13    9       11  1000.00     0.00       null  2025-0914 OPEN     PO INSERT"
  }, {
    "id" : 0,
    "activityState" : "NONE",
    "message" : "    18    9       16  2000.00     0.00  2025-1014  2025-1015 OPEN  MODET NONE : -2000.0000008.2"
  }, {
    "id" : 0,
    "activityState" : "NONE",
    "message" : " +  18    9       16  2000.00     0.00       null  2025-1014 OPEN     PO INSERT"
  }, {
    "id" : 0,
    "activityState" : "NONE",
    "message" : "    23    9       21  3000.00     0.00  2025-1114  2025-1115 OPEN  MODET NONE : -3000.0000008.2"
  }, {
    "id" : 0,
    "activityState" : "NONE",
    "message" : " +  23    9       21  3000.00     0.00       null  2025-1114 OPEN     PO INSERT"
  }, {
    "id" : 0,
    "activityState" : "NONE",
    "message" : "    28    9       26   100.00     0.00  2025-1214  2025-1215 OPEN  MODET NONE : -100.0000008.2"
  }, {
    "id" : 0,
    "activityState" : "NONE",
    "message" : " +  28    9       26   500.00     0.00       null  2025-1214 OPEN     PO INSERT"
  }, {
    "id" : 0,
    "activityState" : "NONE",
    "message" : "    Projected balance of 400.0 on 2025-1214"
  }, {
    "id" : 0,
    "activityState" : "NONE",
    "message" : "Inventory Analysis for 0010: W-010,8 In Wheel     0.17 PUR   2  10     0.00   120.00"
  }, {
    "id" : 0,
    "activityState" : "NONE",
    "message" : "  Opening Balance of 0.0 and there are 0 open orders"
  }, {
    "id" : 0,
    "activityState" : "NONE",
    "message" : "    Projected balance of 0.0 on 2025-1214"
  }, {
    "id" : 0,
    "activityState" : "NONE",
    "message" : "Inventory Analysis for 0011: W-011,Front Wheel Bracket     0.95 PUR   2   2     0.00    50.00"
  }, {
    "id" : 0,
    "activityState" : "NONE",
    "message" : "  Opening Balance of 0.0 and there are 4 open orders"
  }, {
    "id" : 0,
    "activityState" : "NONE",
    "message" : "    14   11       11  1000.00     0.00  2025-0914  2025-0915 OPEN  MODET NONE : -1000.0000008.2"
  }, {
    "id" : 0,
    "activityState" : "NONE",
    "message" : " +  14   11       11  1000.00     0.00       null  2025-0914 OPEN     PO INSERT"
  }, {
    "id" : 0,
    "activityState" : "NONE",
    "message" : "    19   11       16  2000.00     0.00  2025-1014  2025-1015 OPEN  MODET NONE : -2000.0000008.2"
  }, {
    "id" : 0,
    "activityState" : "NONE",
    "message" : " +  19   11       16  2000.00     0.00       null  2025-1014 OPEN     PO INSERT"
  }, {
    "id" : 0,
    "activityState" : "NONE",
    "message" : "    24   11       21  3000.00     0.00  2025-1114  2025-1115 OPEN  MODET NONE : -3000.0000008.2"
  }, {
    "id" : 0,
    "activityState" : "NONE",
    "message" : " +  24   11       21  3000.00     0.00       null  2025-1114 OPEN     PO INSERT"
  }, {
    "id" : 0,
    "activityState" : "NONE",
    "message" : "    29   11       26   100.00     0.00  2025-1214  2025-1215 OPEN  MODET NONE : -100.0000008.2"
  }, {
    "id" : 0,
    "activityState" : "NONE",
    "message" : " +  29   11       26   100.00     0.00       null  2025-1214 OPEN     PO INSERT"
  }, {
    "id" : 0,
    "activityState" : "NONE",
    "message" : "    Projected balance of 0.0 on 2025-1214"
  }, {
    "id" : 0,
    "activityState" : "NONE",
    "message" : "Inventory Analysis for 0012: W-012,Yoke     0.17 PUR   2  10     0.00    50.00"
  }, {
    "id" : 0,
    "activityState" : "NONE",
    "message" : "  Opening Balance of 0.0 and there are 4 open orders"
  }, {
    "id" : 0,
    "activityState" : "NONE",
    "message" : "    15   12       11  1000.00     0.00  2025-0914  2025-0915 OPEN  MODET NONE : -1000.0000008.2"
  }, {
    "id" : 0,
    "activityState" : "NONE",
    "message" : " +  15   12       11  1000.00     0.00       null  2025-0914 OPEN     PO INSERT"
  }, {
    "id" : 0,
    "activityState" : "NONE",
    "message" : "    20   12       16  2000.00     0.00  2025-1014  2025-1015 OPEN  MODET NONE : -2000.0000008.2"
  }, {
    "id" : 0,
    "activityState" : "NONE",
    "message" : " +  20   12       16  2000.00     0.00       null  2025-1014 OPEN     PO INSERT"
  }, {
    "id" : 0,
    "activityState" : "NONE",
    "message" : "    25   12       21  3000.00     0.00  2025-1114  2025-1115 OPEN  MODET NONE : -3000.0000008.2"
  }, {
    "id" : 0,
    "activityState" : "NONE",
    "message" : " +  25   12       21  3000.00     0.00       null  2025-1114 OPEN     PO INSERT"
  }, {
    "id" : 0,
    "activityState" : "NONE",
    "message" : "    30   12       26   100.00     0.00  2025-1214  2025-1215 OPEN  MODET NONE : -100.0000008.2"
  }, {
    "id" : 0,
    "activityState" : "NONE",
    "message" : " +  30   12       26   100.00     0.00       null  2025-1214 OPEN     PO INSERT"
  }, {
    "id" : 0,
    "activityState" : "NONE",
    "message" : "    Projected balance of 0.0 on 2025-1214"
  }, {
    "id" : 0,
    "activityState" : "NONE",
    "message" : "Inventory Analysis for 0013: W-013,Wagon Body     2.25 PUR   2  20     0.00   100.00"
  }, {
    "id" : 0,
    "activityState" : "NONE",
    "message" : "  Opening Balance of 0.0 and there are 0 open orders"
  }, {
    "id" : 0,
    "activityState" : "NONE",
    "message" : "    Projected balance of 0.0 on 2025-1214"
  }, {
    "id" : 0,
    "activityState" : "NONE",
    "message" : "Inventory Analysis for 0014: W-014,Red Paint    20.00 PUR   2   5     0.00     4.00"
  }, {
    "id" : 0,
    "activityState" : "NONE",
    "message" : "  Opening Balance of 0.0 and there are 0 open orders"
  }, {
    "id" : 0,
    "activityState" : "NONE",
    "message" : "    Projected balance of 0.0 on 2025-1214"
  }, {
    "id" : 0,
    "activityState" : "NONE",
    "message" : "Inventory Analysis for 0015: W-015,Rear Wheel bracket     1.00 PUR   2   4     0.00    50.00"
  }, {
    "id" : 0,
    "activityState" : "NONE",
    "message" : "  Opening Balance of 0.0 and there are 0 open orders"
  }, {
    "id" : 0,
    "activityState" : "NONE",
    "message" : "    Projected balance of 0.0 on 2025-1214"
  }, {
    "id" : 0,
    "activityState" : "NONE",
    "message" : "Inventory Analysis for 0016: W-016,Axle Bracket Brace     0.75 PUR   2   6     0.00    50.00"
  }, {
    "id" : 0,
    "activityState" : "NONE",
    "message" : "  Opening Balance of 0.0 and there are 0 open orders"
  }, {
    "id" : 0,
    "activityState" : "NONE",
    "message" : "    Projected balance of 0.0 on 2025-1214"
  }, {
    "id" : 0,
    "activityState" : "NONE",
    "message" : "Inventory Analysis for 0018: W-018,Carrige Bolt     0.17 PUR   2   3     0.00   500.00"
  }, {
    "id" : 0,
    "activityState" : "NONE",
    "message" : "  Opening Balance of 0.0 and there are 0 open orders"
  }, {
    "id" : 0,
    "activityState" : "NONE",
    "message" : "    Projected balance of 0.0 on 2025-1214"
  }, {
    "id" : 0,
    "activityState" : "NONE",
    "message" : "Inventory Analysis for 0017: W-017,Rod Stock     0.70 PUR   3   5     0.00  1000.00"
  }, {
    "id" : 0,
    "activityState" : "NONE",
    "message" : "  Opening Balance of 0.0 and there are 5 open orders"
  }, {
    "id" : 0,
    "activityState" : "NONE",
    "message" : "     2   17        1  1000.00     0.00  2025-0827  2025-0901 OPEN     PO NONE : 1000.0000008.2"
  }, {
    "id" : 0,
    "activityState" : "NONE",
    "message" : "     4   17        3   750.00     0.00  2025-0911  2025-0915 OPEN  MODET NONE : 250.0000008.2"
  }, {
    "id" : 0,
    "activityState" : "NONE",
    "message" : "     6   17        5  1250.00     0.00  2025-1006  2025-1011 OPEN     PO NONE : 1500.0000008.2"
  }, {
    "id" : 0,
    "activityState" : "NONE",
    "message" : "     8   17        7  2250.00     0.00  2025-1106  2025-1111 OPEN     PO NONE : 3750.0000008.2"
  }, {
    "id" : 0,
    "activityState" : "NONE",
    "message" : "    10   17        9  1000.00     0.00  2025-1206  2025-1211 OPEN     PO NONE : 4750.0000008.2"
  }, {
    "id" : 0,
    "activityState" : "NONE",
    "message" : "    Projected balance of 4750.0 on 2025-1214"
  } ]
}