{
  "responseType" : null,
  "errors" : [ ],
  "data" : [ {
    "id" : 1,
    "crudAction" : "NONE",
    "itemId" : 5,
    "quantityOrdered" : 6.0,
    "quantityAssigned" : 0.0,
    "startDate" : "2025-0901",
    "completeDate" : "2025-0913",
    "parentOliId" : 0,
    "orderState" : "OPEN",
    "orderType" : "MOHEAD"
  }, {
    "id" : 2,
    "crudAction" : "NONE",
    "itemId" : 17,
    "quantityOrdered" : 9.0,
    "quantityAssigned" : 0.0,
    "startDate" : "2025-0828",
    "completeDate" : "2025-0901",
    "parentOliId" : 1,
    "orderState" : "OPEN",
    "orderType" : "MODET"
  }, {
    "id" : 3,
    "crudAction" : "NONE",
    "itemId" : 17,
    "quantityOrdered" : 1000.0,
    "quantityAssigned" : 0.0,
    "startDate" : "2025-0823",
    "completeDate" : "2025-0828",
    "parentOliId" : 0,
    "orderState" : "OPEN",
    "orderType" : "PO"
  }, {
    "id" : 4,
    "crudAction" : "NONE",
    "itemId" : 5,
    "quantityOrdered" : 500.0,
    "quantityAssigned" : 0.0,
    "startDate" : "2025-0911",
    "completeDate" : "2025-0915",
    "parentOliId" : 0,
    "orderState" : "OPEN",
    "orderType" : "MOHEAD"
  }, {
    "id" : 5,
    "crudAction" : "NONE",
    "itemId" : 17,
    "quantityOrdered" : 750.0,
    "quantityAssigned" : 0.0,
    "startDate" : "2025-0907",
    "completeDate" : "2025-0911",
    "parentOliId" : 4,
    "orderState" : "OPEN",
    "orderType" : "MODET"
  }, {
    "id" : 6,
    "crudAction" : "NONE",
    "itemId" : 5,
    "quantityOrdered" : 1000.0,
    "quantityAssigned" : 0.0,
    "startDate" : "2025-1011",
    "completeDate" : "2025-1015",
    "parentOliId" : 0,
    "orderState" : "OPEN",
    "orderType" : "MOHEAD"
  }, {
    "id" : 7,
    "crudAction" : "NONE",
    "itemId" : 17,
    "quantityOrdered" : 1500.0,
    "quantityAssigned" : 0.0,
    "startDate" : "2025-1007",
    "completeDate" : "2025-1011",
    "parentOliId" : 6,
    "orderState" : "OPEN",
    "orderType" : "MODET"
  }, {
    "id" : 8,
    "crudAction" : "NONE",
    "itemId" : 5,
    "quantityOrdered" : 1500.0,
    "quantityAssigned" : 0.0,
    "startDate" : "2025-1111",
    "completeDate" : "2025-1115",
    "parentOliId" : 0,
    "orderState" : "OPEN",
    "orderType" : "MOHEAD"
  }, {
    "id" : 9,
    "crudAction" : "NONE",
    "itemId" : 17,
    "quantityOrdered" : 2250.0,
    "quantityAssigned" : 0.0,
    "startDate" : "2025-1107",
    "completeDate" : "2025-1111",
    "parentOliId" : 8,
    "orderState" : "OPEN",
    "orderType" : "MODET"
  }, {
    "id" : 10,
    "crudAction" : "NONE",
    "itemId" : 5,
    "quantityOrdered" : 50.0,
    "quantityAssigned" : 0.0,
    "startDate" : "2025-1211",
    "completeDate" : "2025-1215",
    "parentOliId" : 0,
    "orderState" : "OPEN",
    "orderType" : "MOHEAD"
  }, {
    "id" : 11,
    "crudAction" : "NONE",
    "itemId" : 17,
    "quantityOrdered" : 75.0,
    "quantityAssigned" : 0.0,
    "startDate" : "2025-1207",
    "completeDate" : "2025-1211",
    "parentOliId" : 10,
    "orderState" : "OPEN",
    "orderType" : "MODET"
  }, {
    "id" : 12,
    "crudAction" : "NONE",
    "itemId" : 17,
    "quantityOrdered" : 1259.0,
    "quantityAssigned" : 0.0,
    "startDate" : "2025-1002",
    "completeDate" : "2025-1007",
    "parentOliId" : 0,
    "orderState" : "OPEN",
    "orderType" : "PO"
  }, {
    "id" : 13,
    "crudAction" : "NONE",
    "itemId" : 17,
    "quantityOrdered" : 2250.0,
    "quantityAssigned" : 0.0,
    "startDate" : "2025-1102",
    "completeDate" : "2025-1107",
    "parentOliId" : 0,
    "orderState" : "OPEN",
    "orderType" : "PO"
  }, {
    "id" : 14,
    "crudAction" : "NONE",
    "itemId" : 17,
    "quantityOrdered" : 1000.0,
    "quantityAssigned" : 0.0,
    "startDate" : "2025-1202",
    "completeDate" : "2025-1207",
    "parentOliId" : 0,
    "orderState" : "OPEN",
    "orderType" : "PO"
  }, {
    "id" : 15,
    "crudAction" : "NONE",
    "itemId" : 3,
    "quantityOrdered" : 500.0,
    "quantityAssigned" : 0.0,
    "startDate" : "2025-0914",
    "completeDate" : "2025-0915",
    "parentOliId" : 0,
    "orderState" : "OPEN",
    "orderType" : "MOHEAD"
  }, {
    "id" : 16,
    "crudAction" : "NONE",
    "itemId" : 5,
    "quantityOrdered" : 500.0,
    "quantityAssigned" : 0.0,
    "startDate" : "2025-0913",
    "completeDate" : "2025-0914",
    "parentOliId" : 15,
    "orderState" : "OPEN",
    "orderType" : "MODET"
  }, {
    "id" : 17,
    "crudAction" : "NONE",
    "itemId" : 9,
    "quantityOrdered" : 1000.0,
    "quantityAssigned" : 0.0,
    "startDate" : "2025-0913",
    "completeDate" : "2025-0914",
    "parentOliId" : 15,
    "orderState" : "OPEN",
    "orderType" : "MODET"
  }, {
    "id" : 18,
    "crudAction" : "NONE",
    "itemId" : 11,
    "quantityOrdered" : 1000.0,
    "quantityAssigned" : 0.0,
    "startDate" : "2025-0913",
    "completeDate" : "2025-0914",
    "parentOliId" : 15,
    "orderState" : "OPEN",
    "orderType" : "MODET"
  }, {
    "id" : 19,
    "crudAction" : "NONE",
    "itemId" : 12,
    "quantityOrdered" : 1000.0,
    "quantityAssigned" : 0.0,
    "startDate" : "2025-0913",
    "completeDate" : "2025-0914",
    "parentOliId" : 15,
    "orderState" : "OPEN",
    "orderType" : "MODET"
  } ]
}