{
  "responseType" : "MULTILINE",
  "errors" : [ ],
  "data" : [ {
    "id" : 0,
    "crudAction" : "NONE",
    "message" : ""
  }, {
    "id" : 0,
    "crudAction" : "NONE",
    "message" : "Inventory Analysis for 0001: W-001,36 In Red Wagon     0.00 MAN   0   2     5.00     1.00"
  }, {
    "id" : 0,
    "crudAction" : "NONE",
    "message" : "Opening Balance of 5.0 and there are 1 open orders"
  }, {
    "id" : 0,
    "crudAction" : "NONE",
    "message" : "  Id Item ParentId  Ordered Assigned      Start   Complete Stat   Type Acti  Balance"
  }, {
    "id" : 0,
    "crudAction" : "NONE",
    "message" : " 109    1        0   500.00     0.00  2025-0913  2025-0915 OPEN MOHEAD NONE   505.00"
  }, {
    "id" : 0,
    "crudAction" : "NONE",
    "message" : ""
  }, {
    "id" : 0,
    "crudAction" : "NONE",
    "message" : "Inventory Analysis for 0002: W-002,Red Wagon Body     0.00 MAN   1  10     0.00     1.00"
  }, {
    "id" : 0,
    "crudAction" : "NONE",
    "message" : "Opening Balance of 0.0 and there are 1 open orders"
  }, {
    "id" : 0,
    "crudAction" : "NONE",
    "message" : "  Id Item ParentId  Ordered Assigned      Start   Complete Stat   Type Acti  Balance"
  }, {
    "id" : 0,
    "crudAction" : "NONE",
    "message" : " 110    2      109  -500.00     0.00  2025-0911  2025-0913 OPEN  MODET NONE  -500.00"
  }, {
    "id" : 0,
    "crudAction" : "NONE",
    "message" : "   0    2        0   500.00     0.00       null  2025-0911 OPEN MOHEAD INSERT     0.00"
  }, {
    "id" : 0,
    "crudAction" : "NONE",
    "message" : ""
  }, {
    "id" : 0,
    "crudAction" : "NONE",
    "message" : "Inventory Analysis for 0003: W-003,Front Wheel Asmbly     0.00 MAN   1   1     0.00     1.00"
  }, {
    "id" : 0,
    "crudAction" : "NONE",
    "message" : "Opening Balance of 0.0 and there are 5 open orders"
  }, {
    "id" : 0,
    "crudAction" : "NONE",
    "message" : "  Id Item ParentId  Ordered Assigned      Start   Complete Stat   Type Acti  Balance"
  }, {
    "id" : 0,
    "crudAction" : "NONE",
    "message" : " 111    3      109  -500.00     0.00  2025-0911  2025-0913 OPEN  MODET NONE  -500.00"
  }, {
    "id" : 0,
    "crudAction" : "NONE",
    "message" : "   0    3        0   500.00     0.00       null  2025-0911 OPEN MOHEAD INSERT     0.00"
  }, {
    "id" : 0,
    "crudAction" : "NONE",
    "message" : "  15    3        0   500.00     0.00  2025-0914  2025-0915 OPEN MOHEAD NONE   500.00"
  }, {
    "id" : 0,
    "crudAction" : "NONE",
    "message" : "  20    3        0  1000.00     0.00  2025-1014  2025-1015 OPEN MOHEAD NONE  1500.00"
  }, {
    "id" : 0,
    "crudAction" : "NONE",
    "message" : "  25    3        0  1500.00     0.00  2025-1114  2025-1115 OPEN MOHEAD NONE  3000.00"
  }, {
    "id" : 0,
    "crudAction" : "NONE",
    "message" : "  30    3        0    50.00     0.00  2025-1214  2025-1215 OPEN MOHEAD NONE  3050.00"
  }, {
    "id" : 0,
    "crudAction" : "NONE",
    "message" : ""
  }, {
    "id" : 0,
    "crudAction" : "NONE",
    "message" : "Inventory Analysis for 0004: W-004,Rear Wheel Asmbly     0.00 MAN   1   1     0.00     1.00"
  }, {
    "id" : 0,
    "crudAction" : "NONE",
    "message" : "Opening Balance of 0.0 and there are 1 open orders"
  }, {
    "id" : 0,
    "crudAction" : "NONE",
    "message" : "  Id Item ParentId  Ordered Assigned      Start   Complete Stat   Type Acti  Balance"
  }, {
    "id" : 0,
    "crudAction" : "NONE",
    "message" : " 112    4      109  -500.00     0.00  2025-0911  2025-0913 OPEN  MODET NONE  -500.00"
  }, {
    "id" : 0,
    "crudAction" : "NONE",
    "message" : "   0    4        0   500.00     0.00       null  2025-0911 OPEN MOHEAD INSERT     0.00"
  }, {
    "id" : 0,
    "crudAction" : "NONE",
    "message" : ""
  }, {
    "id" : 0,
    "crudAction" : "NONE",
    "message" : "Inventory Analysis for 0006: W-006,Decal     0.25 PUR   1   5     0.00     1.00"
  }, {
    "id" : 0,
    "crudAction" : "NONE",
    "message" : "Opening Balance of 0.0 and there are 1 open orders"
  }, {
    "id" : 0,
    "crudAction" : "NONE",
    "message" : "  Id Item ParentId  Ordered Assigned      Start   Complete Stat   Type Acti  Balance"
  }, {
    "id" : 0,
    "crudAction" : "NONE",
    "message" : " 113    6      109 -1000.00     0.00  2025-0911  2025-0913 OPEN  MODET NONE -1000.00"
  }, {
    "id" : 0,
    "crudAction" : "NONE",
    "message" : "   0    6        0  1000.00     0.00       null  2025-0911 OPEN     PO INSERT     0.00"
  }, {
    "id" : 0,
    "crudAction" : "NONE",
    "message" : ""
  }, {
    "id" : 0,
    "crudAction" : "NONE",
    "message" : "Inventory Analysis for 0008: W-008,Threaded bolt     0.60 PUR   1   5     0.00   500.00"
  }, {
    "id" : 0,
    "crudAction" : "NONE",
    "message" : "Opening Balance of 0.0 and there are 1 open orders"
  }, {
    "id" : 0,
    "crudAction" : "NONE",
    "message" : "  Id Item ParentId  Ordered Assigned      Start   Complete Stat   Type Acti  Balance"
  }, {
    "id" : 0,
    "crudAction" : "NONE",
    "message" : " 115    8      109 -2000.00     0.00  2025-0911  2025-0913 OPEN  MODET NONE -2000.00"
  }, {
    "id" : 0,
    "crudAction" : "NONE",
    "message" : "   0    8        0  2000.00     0.00       null  2025-0911 OPEN     PO INSERT     0.00"
  }, {
    "id" : 0,
    "crudAction" : "NONE",
    "message" : ""
  }, {
    "id" : 0,
    "crudAction" : "NONE",
    "message" : "Inventory Analysis for 0005: W-005,Axle     0.00 MAN   2   4     0.00     1.00"
  }, {
    "id" : 0,
    "crudAction" : "NONE",
    "message" : "Opening Balance of 0.0 and there are 19 open orders"
  }, {
    "id" : 0,
    "crudAction" : "NONE",
    "message" : "  Id Item ParentId  Ordered Assigned      Start   Complete Stat   Type Acti  Balance"
  }, {
    "id" : 0,
    "crudAction" : "NONE",
    "message" : " 123    5      122  -500.00     0.00  2025-0909  2025-0910 OPEN  MODET INSERT  -500.00"
  }, {
    "id" : 0,
    "crudAction" : "NONE",
    "message" : "   0    5        0   500.00     0.00       null  2025-0909 OPEN MOHEAD INSERT     0.00"
  }, {
    "id" : 0,
    "crudAction" : "NONE",
    "message" : " 129    5      122  -500.00     0.00  2025-0909  2025-0910 OPEN  MODET INSERT  -500.00"
  }, {
    "id" : 0,
    "crudAction" : "NONE",
    "message" : "   0    5        0   500.00     0.00       null  2025-0909 OPEN MOHEAD INSERT     0.00"
  }, {
    "id" : 0,
    "crudAction" : "NONE",
    "message" : " 134    5      133  -500.00     0.00  2025-0909  2025-0910 OPEN  MODET INSERT  -500.00"
  }, {
    "id" : 0,
    "crudAction" : "NONE",
    "message" : "   0    5        0   500.00     0.00       null  2025-0909 OPEN MOHEAD INSERT     0.00"
  }, {
    "id" : 0,
    "crudAction" : "NONE",
    "message" : " 143    5      122  -500.00     0.00  2025-0909  2025-0910 OPEN  MODET INSERT  -500.00"
  }, {
    "id" : 0,
    "crudAction" : "NONE",
    "message" : "   0    5        0   500.00     0.00       null  2025-0909 OPEN MOHEAD INSERT     0.00"
  }, {
    "id" : 0,
    "crudAction" : "NONE",
    "message" : " 147    5      133  -500.00     0.00  2025-0909  2025-0910 OPEN  MODET INSERT  -500.00"
  }, {
    "id" : 0,
    "crudAction" : "NONE",
    "message" : "   0    5        0   500.00     0.00       null  2025-0909 OPEN MOHEAD INSERT     0.00"
  }, {
    "id" : 0,
    "crudAction" : "NONE",
    "message" : " 157    5      122  -500.00     0.00  2025-0909  2025-0910 OPEN  MODET INSERT  -500.00"
  }, {
    "id" : 0,
    "crudAction" : "NONE",
    "message" : "   0    5        0   500.00     0.00       null  2025-0909 OPEN MOHEAD INSERT     0.00"
  }, {
    "id" : 0,
    "crudAction" : "NONE",
    "message" : " 161    5      133  -500.00     0.00  2025-0909  2025-0910 OPEN  MODET INSERT  -500.00"
  }, {
    "id" : 0,
    "crudAction" : "NONE",
    "message" : "   0    5        0   500.00     0.00       null  2025-0909 OPEN MOHEAD INSERT     0.00"
  }, {
    "id" : 0,
    "crudAction" : "NONE",
    "message" : "   1    5        0     6.00     0.00  2025-0901  2025-0913 OPEN MOHEAD NONE     6.00"
  }, {
    "id" : 0,
    "crudAction" : "NONE",
    "message" : "  35    5        0   494.00     0.00  2025-0909  2025-0913 OPEN MOHEAD NONE   500.00"
  }, {
    "id" : 0,
    "crudAction" : "NONE",
    "message" : "  16    5       15  -500.00     0.00  2025-0913  2025-0914 OPEN  MODET NONE     0.00"
  }, {
    "id" : 0,
    "crudAction" : "NONE",
    "message" : "   4    5        0   500.00     0.00  2025-0911  2025-0915 OPEN MOHEAD NONE   500.00"
  }, {
    "id" : 0,
    "crudAction" : "NONE",
    "message" : "  37    5        0   500.00     0.00  2025-1009  2025-1013 OPEN MOHEAD NONE  1000.00"
  }, {
    "id" : 0,
    "crudAction" : "NONE",
    "message" : "  21    5       20 -1000.00     0.00  2025-1013  2025-1014 OPEN  MODET NONE     0.00"
  }, {
    "id" : 0,
    "crudAction" : "NONE",
    "message" : "   6    5        0  1000.00     0.00  2025-1011  2025-1015 OPEN MOHEAD NONE  1000.00"
  }, {
    "id" : 0,
    "crudAction" : "NONE",
    "message" : "  39    5        0   500.00     0.00  2025-1109  2025-1113 OPEN MOHEAD NONE  1500.00"
  }, {
    "id" : 0,
    "crudAction" : "NONE",
    "message" : "  26    5       25 -1500.00     0.00  2025-1113  2025-1114 OPEN  MODET NONE     0.00"
  }, {
    "id" : 0,
    "crudAction" : "NONE",
    "message" : "   8    5        0  1500.00     0.00  2025-1111  2025-1115 OPEN MOHEAD NONE  1500.00"
  }, {
    "id" : 0,
    "crudAction" : "NONE",
    "message" : "  31    5       30   -50.00     0.00  2025-1213  2025-1214 OPEN  MODET NONE  1450.00"
  }, {
    "id" : 0,
    "crudAction" : "NONE",
    "message" : "  10    5        0    50.00     0.00  2025-1211  2025-1215 OPEN MOHEAD NONE  1500.00"
  }, {
    "id" : 0,
    "crudAction" : "NONE",
    "message" : ""
  }, {
    "id" : 0,
    "crudAction" : "NONE",
    "message" : "Inventory Analysis for 0007: W-007,Washer     0.21 PUR   2   5     0.00  1000.00"
  }, {
    "id" : 0,
    "crudAction" : "NONE",
    "message" : "Opening Balance of 0.0 and there are 5 open orders"
  }, {
    "id" : 0,
    "crudAction" : "NONE",
    "message" : "  Id Item ParentId  Ordered Assigned      Start   Complete Stat   Type Acti  Balance"
  }, {
    "id" : 0,
    "crudAction" : "NONE",
    "message" : " 135    7      133 -1000.00     0.00  2025-0909  2025-0910 OPEN  MODET INSERT -1000.00"
  }, {
    "id" : 0,
    "crudAction" : "NONE",
    "message" : "   0    7        0  1000.00     0.00       null  2025-0909 OPEN     PO INSERT     0.00"
  }, {
    "id" : 0,
    "crudAction" : "NONE",
    "message" : " 148    7      133 -1000.00     0.00  2025-0909  2025-0910 OPEN  MODET INSERT -1000.00"
  }, {
    "id" : 0,
    "crudAction" : "NONE",
    "message" : "   0    7        0  1000.00     0.00       null  2025-0909 OPEN     PO INSERT     0.00"
  }, {
    "id" : 0,
    "crudAction" : "NONE",
    "message" : " 162    7      133 -1000.00     0.00  2025-0909  2025-0910 OPEN  MODET INSERT -1000.00"
  }, {
    "id" : 0,
    "crudAction" : "NONE",
    "message" : "   0    7        0  1000.00     0.00       null  2025-0909 OPEN     PO INSERT     0.00"
  }, {
    "id" : 0,
    "crudAction" : "NONE",
    "message" : " 176    7      133 -1000.00     0.00  2025-0909  2025-0910 OPEN  MODET INSERT -1000.00"
  }, {
    "id" : 0,
    "crudAction" : "NONE",
    "message" : "   0    7        0  1000.00     0.00       null  2025-0909 OPEN     PO INSERT     0.00"
  }, {
    "id" : 0,
    "crudAction" : "NONE",
    "message" : " 114    7      109 -4000.00     0.00  2025-0911  2025-0913 OPEN  MODET NONE -4000.00"
  }, {
    "id" : 0,
    "crudAction" : "NONE",
    "message" : "   0    7        0  4000.00     0.00       null  2025-0911 OPEN     PO INSERT     0.00"
  }, {
    "id" : 0,
    "crudAction" : "NONE",
    "message" : ""
  }, {
    "id" : 0,
    "crudAction" : "NONE",
    "message" : "Inventory Analysis for 0009: W-009,Nut     0.17 PUR   2   6     0.00   500.00"
  }, {
    "id" : 0,
    "crudAction" : "NONE",
    "message" : "Opening Balance of 0.0 and there are 20 open orders"
  }, {
    "id" : 0,
    "crudAction" : "NONE",
    "message" : "  Id Item ParentId  Ordered Assigned      Start   Complete Stat   Type Acti  Balance"
  }, {
    "id" : 0,
    "crudAction" : "NONE",
    "message" : " 124    9      122 -1000.00     0.00  2025-0909  2025-0910 OPEN  MODET INSERT -1000.00"
  }, {
    "id" : 0,
    "crudAction" : "NONE",
    "message" : "   0    9        0  1000.00     0.00       null  2025-0909 OPEN     PO INSERT     0.00"
  }, {
    "id" : 0,
    "crudAction" : "NONE",
    "message" : " 130    9      122 -1000.00     0.00  2025-0909  2025-0910 OPEN  MODET INSERT -1000.00"
  }, {
    "id" : 0,
    "crudAction" : "NONE",
    "message" : "   0    9        0  1000.00     0.00       null  2025-0909 OPEN     PO INSERT     0.00"
  }, {
    "id" : 0,
    "crudAction" : "NONE",
    "message" : " 136    9      133 -1000.00     0.00  2025-0909  2025-0910 OPEN  MODET INSERT -1000.00"
  }, {
    "id" : 0,
    "crudAction" : "NONE",
    "message" : "   0    9        0  1000.00     0.00       null  2025-0909 OPEN     PO INSERT     0.00"
  }, {
    "id" : 0,
    "crudAction" : "NONE",
    "message" : " 144    9      122 -1000.00     0.00  2025-0909  2025-0910 OPEN  MODET INSERT -1000.00"
  }, {
    "id" : 0,
    "crudAction" : "NONE",
    "message" : "   0    9        0  1000.00     0.00       null  2025-0909 OPEN     PO INSERT     0.00"
  }, {
    "id" : 0,
    "crudAction" : "NONE",
    "message" : " 149    9      133 -1000.00     0.00  2025-0909  2025-0910 OPEN  MODET INSERT -1000.00"
  }, {
    "id" : 0,
    "crudAction" : "NONE",
    "message" : "   0    9        0  1000.00     0.00       null  2025-0909 OPEN     PO INSERT     0.00"
  }, {
    "id" : 0,
    "crudAction" : "NONE",
    "message" : " 158    9      122 -1000.00     0.00  2025-0909  2025-0910 OPEN  MODET INSERT -1000.00"
  }, {
    "id" : 0,
    "crudAction" : "NONE",
    "message" : "   0    9        0  1000.00     0.00       null  2025-0909 OPEN     PO INSERT     0.00"
  }, {
    "id" : 0,
    "crudAction" : "NONE",
    "message" : " 163    9      133 -1000.00     0.00  2025-0909  2025-0910 OPEN  MODET INSERT -1000.00"
  }, {
    "id" : 0,
    "crudAction" : "NONE",
    "message" : "   0    9        0  1000.00     0.00       null  2025-0909 OPEN     PO INSERT     0.00"
  }, {
    "id" : 0,
    "crudAction" : "NONE",
    "message" : " 172    9      122 -1000.00     0.00  2025-0909  2025-0910 OPEN  MODET INSERT -1000.00"
  }, {
    "id" : 0,
    "crudAction" : "NONE",
    "message" : "   0    9        0  1000.00     0.00       null  2025-0909 OPEN     PO INSERT     0.00"
  }, {
    "id" : 0,
    "crudAction" : "NONE",
    "message" : " 177    9      133 -1000.00     0.00  2025-0909  2025-0910 OPEN  MODET INSERT -1000.00"
  }, {
    "id" : 0,
    "crudAction" : "NONE",
    "message" : "   0    9        0  1000.00     0.00       null  2025-0909 OPEN     PO INSERT     0.00"
  }, {
    "id" : 0,
    "crudAction" : "NONE",
    "message" : " 199    9      122 -1000.00     0.00  2025-0909  2025-0910 OPEN  MODET INSERT -1000.00"
  }, {
    "id" : 0,
    "crudAction" : "NONE",
    "message" : "   0    9        0  1000.00     0.00       null  2025-0909 OPEN     PO INSERT     0.00"
  }, {
    "id" : 0,
    "crudAction" : "NONE",
    "message" : " 204    9      133 -1000.00     0.00  2025-0909  2025-0910 OPEN  MODET INSERT -1000.00"
  }, {
    "id" : 0,
    "crudAction" : "NONE",
    "message" : "   0    9        0  1000.00     0.00       null  2025-0909 OPEN     PO INSERT     0.00"
  }, {
    "id" : 0,
    "crudAction" : "NONE",
    "message" : "  47    9        0  1000.00     0.00  2025-0907  2025-0913 OPEN     PO NONE  1000.00"
  }, {
    "id" : 0,
    "crudAction" : "NONE",
    "message" : " 116    9      109 -2000.00     0.00  2025-0911  2025-0913 OPEN  MODET NONE -1000.00"
  }, {
    "id" : 0,
    "crudAction" : "NONE",
    "message" : "   0    9        0  1000.00     0.00       null  2025-0911 OPEN     PO INSERT     0.00"
  }, {
    "id" : 0,
    "crudAction" : "NONE",
    "message" : "  17    9       15 -1000.00     0.00  2025-0913  2025-0914 OPEN  MODET NONE -1000.00"
  }, {
    "id" : 0,
    "crudAction" : "NONE",
    "message" : "   0    9        0  1000.00     0.00       null  2025-0913 OPEN     PO INSERT     0.00"
  }, {
    "id" : 0,
    "crudAction" : "NONE",
    "message" : "  48    9        0  2000.00     0.00  2025-1007  2025-1013 OPEN     PO NONE  2000.00"
  }, {
    "id" : 0,
    "crudAction" : "NONE",
    "message" : "  22    9       20 -2000.00     0.00  2025-1013  2025-1014 OPEN  MODET NONE     0.00"
  }, {
    "id" : 0,
    "crudAction" : "NONE",
    "message" : "  49    9        0  3000.00     0.00  2025-1107  2025-1113 OPEN     PO NONE  3000.00"
  }, {
    "id" : 0,
    "crudAction" : "NONE",
    "message" : "  27    9       25 -3000.00     0.00  2025-1113  2025-1114 OPEN  MODET NONE     0.00"
  }, {
    "id" : 0,
    "crudAction" : "NONE",
    "message" : "  50    9        0   500.00     0.00  2025-1207  2025-1213 OPEN     PO NONE   500.00"
  }, {
    "id" : 0,
    "crudAction" : "NONE",
    "message" : "  32    9       30  -100.00     0.00  2025-1213  2025-1214 OPEN  MODET NONE   400.00"
  }, {
    "id" : 0,
    "crudAction" : "NONE",
    "message" : ""
  }, {
    "id" : 0,
    "crudAction" : "NONE",
    "message" : "Inventory Analysis for 0010: W-010,8 In Wheel     0.17 PUR   2  10     0.00   120.00"
  }, {
    "id" : 0,
    "crudAction" : "NONE",
    "message" : "Opening Balance of 0.0 and there are 6 open orders"
  }, {
    "id" : 0,
    "crudAction" : "NONE",
    "message" : "  Id Item ParentId  Ordered Assigned      Start   Complete Stat   Type Acti  Balance"
  }, {
    "id" : 0,
    "crudAction" : "NONE",
    "message" : " 137   10      133 -1000.00     0.00  2025-0909  2025-0910 OPEN  MODET INSERT -1000.00"
  }, {
    "id" : 0,
    "crudAction" : "NONE",
    "message" : "   0   10        0  1000.00     0.00       null  2025-0909 OPEN     PO INSERT     0.00"
  }, {
    "id" : 0,
    "crudAction" : "NONE",
    "message" : " 150   10      133 -1000.00     0.00  2025-0909  2025-0910 OPEN  MODET INSERT -1000.00"
  }, {
    "id" : 0,
    "crudAction" : "NONE",
    "message" : "   0   10        0  1000.00     0.00       null  2025-0909 OPEN     PO INSERT     0.00"
  }, {
    "id" : 0,
    "crudAction" : "NONE",
    "message" : " 164   10      133 -1000.00     0.00  2025-0909  2025-0910 OPEN  MODET INSERT -1000.00"
  }, {
    "id" : 0,
    "crudAction" : "NONE",
    "message" : "   0   10        0  1000.00     0.00       null  2025-0909 OPEN     PO INSERT     0.00"
  }, {
    "id" : 0,
    "crudAction" : "NONE",
    "message" : " 178   10      133 -1000.00     0.00  2025-0909  2025-0910 OPEN  MODET INSERT -1000.00"
  }, {
    "id" : 0,
    "crudAction" : "NONE",
    "message" : "   0   10        0  1000.00     0.00       null  2025-0909 OPEN     PO INSERT     0.00"
  }, {
    "id" : 0,
    "crudAction" : "NONE",
    "message" : " 205   10      133 -1000.00     0.00  2025-0909  2025-0910 OPEN  MODET INSERT -1000.00"
  }, {
    "id" : 0,
    "crudAction" : "NONE",
    "message" : "   0   10        0  1000.00     0.00       null  2025-0909 OPEN     PO INSERT     0.00"
  }, {
    "id" : 0,
    "crudAction" : "NONE",
    "message" : " 230   10      133 -1000.00     0.00  2025-0909  2025-0910 OPEN  MODET INSERT -1000.00"
  }, {
    "id" : 0,
    "crudAction" : "NONE",
    "message" : "   0   10        0  1000.00     0.00       null  2025-0909 OPEN     PO INSERT     0.00"
  }, {
    "id" : 0,
    "crudAction" : "NONE",
    "message" : ""
  }, {
    "id" : 0,
    "crudAction" : "NONE",
    "message" : "Inventory Analysis for 0011: W-011,Front Wheel Bracket     0.95 PUR   2   2     0.00    50.00"
  }, {
    "id" : 0,
    "crudAction" : "NONE",
    "message" : "Opening Balance of 0.0 and there are 16 open orders"
  }, {
    "id" : 0,
    "crudAction" : "NONE",
    "message" : "  Id Item ParentId  Ordered Assigned      Start   Complete Stat   Type Acti  Balance"
  }, {
    "id" : 0,
    "crudAction" : "NONE",
    "message" : " 125   11      122 -1000.00     0.00  2025-0909  2025-0910 OPEN  MODET INSERT -1000.00"
  }, {
    "id" : 0,
    "crudAction" : "NONE",
    "message" : "   0   11        0  1000.00     0.00       null  2025-0909 OPEN     PO INSERT     0.00"
  }, {
    "id" : 0,
    "crudAction" : "NONE",
    "message" : " 131   11      122 -1000.00     0.00  2025-0909  2025-0910 OPEN  MODET INSERT -1000.00"
  }, {
    "id" : 0,
    "crudAction" : "NONE",
    "message" : "   0   11        0  1000.00     0.00       null  2025-0909 OPEN     PO INSERT     0.00"
  }, {
    "id" : 0,
    "crudAction" : "NONE",
    "message" : " 145   11      122 -1000.00     0.00  2025-0909  2025-0910 OPEN  MODET INSERT -1000.00"
  }, {
    "id" : 0,
    "crudAction" : "NONE",
    "message" : "   0   11        0  1000.00     0.00       null  2025-0909 OPEN     PO INSERT     0.00"
  }, {
    "id" : 0,
    "crudAction" : "NONE",
    "message" : " 159   11      122 -1000.00     0.00  2025-0909  2025-0910 OPEN  MODET INSERT -1000.00"
  }, {
    "id" : 0,
    "crudAction" : "NONE",
    "message" : "   0   11        0  1000.00     0.00       null  2025-0909 OPEN     PO INSERT     0.00"
  }, {
    "id" : 0,
    "crudAction" : "NONE",
    "message" : " 173   11      122 -1000.00     0.00  2025-0909  2025-0910 OPEN  MODET INSERT -1000.00"
  }, {
    "id" : 0,
    "crudAction" : "NONE",
    "message" : "   0   11        0  1000.00     0.00       null  2025-0909 OPEN     PO INSERT     0.00"
  }, {
    "id" : 0,
    "crudAction" : "NONE",
    "message" : " 200   11      122 -1000.00     0.00  2025-0909  2025-0910 OPEN  MODET INSERT -1000.00"
  }, {
    "id" : 0,
    "crudAction" : "NONE",
    "message" : "   0   11        0  1000.00     0.00       null  2025-0909 OPEN     PO INSERT     0.00"
  }, {
    "id" : 0,
    "crudAction" : "NONE",
    "message" : " 225   11      122 -1000.00     0.00  2025-0909  2025-0910 OPEN  MODET INSERT -1000.00"
  }, {
    "id" : 0,
    "crudAction" : "NONE",
    "message" : "   0   11        0  1000.00     0.00       null  2025-0909 OPEN     PO INSERT     0.00"
  }, {
    "id" : 0,
    "crudAction" : "NONE",
    "message" : " 258   11      122 -1000.00     0.00  2025-0909  2025-0910 OPEN  MODET INSERT -1000.00"
  }, {
    "id" : 0,
    "crudAction" : "NONE",
    "message" : "   0   11        0  1000.00     0.00       null  2025-0909 OPEN     PO INSERT     0.00"
  }, {
    "id" : 0,
    "crudAction" : "NONE",
    "message" : "  57   11        0  1000.00     0.00  2025-0911  2025-0913 OPEN     PO NONE  1000.00"
  }, {
    "id" : 0,
    "crudAction" : "NONE",
    "message" : "  18   11       15 -1000.00     0.00  2025-0913  2025-0914 OPEN  MODET NONE     0.00"
  }, {
    "id" : 0,
    "crudAction" : "NONE",
    "message" : "  58   11        0  2000.00     0.00  2025-1011  2025-1013 OPEN     PO NONE  2000.00"
  }, {
    "id" : 0,
    "crudAction" : "NONE",
    "message" : "  23   11       20 -2000.00     0.00  2025-1013  2025-1014 OPEN  MODET NONE     0.00"
  }, {
    "id" : 0,
    "crudAction" : "NONE",
    "message" : "  59   11        0  3000.00     0.00  2025-1111  2025-1113 OPEN     PO NONE  3000.00"
  }, {
    "id" : 0,
    "crudAction" : "NONE",
    "message" : "  28   11       25 -3000.00     0.00  2025-1113  2025-1114 OPEN  MODET NONE     0.00"
  }, {
    "id" : 0,
    "crudAction" : "NONE",
    "message" : "  60   11        0   100.00     0.00  2025-1211  2025-1213 OPEN     PO NONE   100.00"
  }, {
    "id" : 0,
    "crudAction" : "NONE",
    "message" : "  33   11       30  -100.00     0.00  2025-1213  2025-1214 OPEN  MODET NONE     0.00"
  }, {
    "id" : 0,
    "crudAction" : "NONE",
    "message" : ""
  }, {
    "id" : 0,
    "crudAction" : "NONE",
    "message" : "Inventory Analysis for 0012: W-012,Yoke     0.17 PUR   2  10     0.00    50.00"
  }, {
    "id" : 0,
    "crudAction" : "NONE",
    "message" : "Opening Balance of 0.0 and there are 17 open orders"
  }, {
    "id" : 0,
    "crudAction" : "NONE",
    "message" : "  Id Item ParentId  Ordered Assigned      Start   Complete Stat   Type Acti  Balance"
  }, {
    "id" : 0,
    "crudAction" : "NONE",
    "message" : " 126   12      122 -1000.00     0.00  2025-0909  2025-0910 OPEN  MODET INSERT -1000.00"
  }, {
    "id" : 0,
    "crudAction" : "NONE",
    "message" : "   0   12        0  1000.00     0.00       null  2025-0909 OPEN     PO INSERT     0.00"
  }, {
    "id" : 0,
    "crudAction" : "NONE",
    "message" : " 132   12      122 -1000.00     0.00  2025-0909  2025-0910 OPEN  MODET INSERT -1000.00"
  }, {
    "id" : 0,
    "crudAction" : "NONE",
    "message" : "   0   12        0  1000.00     0.00       null  2025-0909 OPEN     PO INSERT     0.00"
  }, {
    "id" : 0,
    "crudAction" : "NONE",
    "message" : " 146   12      122 -1000.00     0.00  2025-0909  2025-0910 OPEN  MODET INSERT -1000.00"
  }, {
    "id" : 0,
    "crudAction" : "NONE",
    "message" : "   0   12        0  1000.00     0.00       null  2025-0909 OPEN     PO INSERT     0.00"
  }, {
    "id" : 0,
    "crudAction" : "NONE",
    "message" : " 160   12      122 -1000.00     0.00  2025-0909  2025-0910 OPEN  MODET INSERT -1000.00"
  }, {
    "id" : 0,
    "crudAction" : "NONE",
    "message" : "   0   12        0  1000.00     0.00       null  2025-0909 OPEN     PO INSERT     0.00"
  }, {
    "id" : 0,
    "crudAction" : "NONE",
    "message" : " 174   12      122 -1000.00     0.00  2025-0909  2025-0910 OPEN  MODET INSERT -1000.00"
  }, {
    "id" : 0,
    "crudAction" : "NONE",
    "message" : "   0   12        0  1000.00     0.00       null  2025-0909 OPEN     PO INSERT     0.00"
  }, {
    "id" : 0,
    "crudAction" : "NONE",
    "message" : " 201   12      122 -1000.00     0.00  2025-0909  2025-0910 OPEN  MODET INSERT -1000.00"
  }, {
    "id" : 0,
    "crudAction" : "NONE",
    "message" : "   0   12        0  1000.00     0.00       null  2025-0909 OPEN     PO INSERT     0.00"
  }, {
    "id" : 0,
    "crudAction" : "NONE",
    "message" : " 226   12      122 -1000.00     0.00  2025-0909  2025-0910 OPEN  MODET INSERT -1000.00"
  }, {
    "id" : 0,
    "crudAction" : "NONE",
    "message" : "   0   12        0  1000.00     0.00       null  2025-0909 OPEN     PO INSERT     0.00"
  }, {
    "id" : 0,
    "crudAction" : "NONE",
    "message" : " 259   12      122 -1000.00     0.00  2025-0909  2025-0910 OPEN  MODET INSERT -1000.00"
  }, {
    "id" : 0,
    "crudAction" : "NONE",
    "message" : "   0   12        0  1000.00     0.00       null  2025-0909 OPEN     PO INSERT     0.00"
  }, {
    "id" : 0,
    "crudAction" : "NONE",
    "message" : " 285   12      122 -1000.00     0.00  2025-0909  2025-0910 OPEN  MODET INSERT -1000.00"
  }, {
    "id" : 0,
    "crudAction" : "NONE",
    "message" : "   0   12        0  1000.00     0.00       null  2025-0909 OPEN     PO INSERT     0.00"
  }, {
    "id" : 0,
    "crudAction" : "NONE",
    "message" : "  64   12        0  1000.00     0.00  2025-0903  2025-0913 OPEN     PO NONE  1000.00"
  }, {
    "id" : 0,
    "crudAction" : "NONE",
    "message" : "  19   12       15 -1000.00     0.00  2025-0913  2025-0914 OPEN  MODET NONE     0.00"
  }, {
    "id" : 0,
    "crudAction" : "NONE",
    "message" : "  65   12        0  2000.00     0.00  2025-1003  2025-1013 OPEN     PO NONE  2000.00"
  }, {
    "id" : 0,
    "crudAction" : "NONE",
    "message" : "  24   12       20 -2000.00     0.00  2025-1013  2025-1014 OPEN  MODET NONE     0.00"
  }, {
    "id" : 0,
    "crudAction" : "NONE",
    "message" : "  66   12        0  3000.00     0.00  2025-1103  2025-1113 OPEN     PO NONE  3000.00"
  }, {
    "id" : 0,
    "crudAction" : "NONE",
    "message" : "  29   12       25 -3000.00     0.00  2025-1113  2025-1114 OPEN  MODET NONE     0.00"
  }, {
    "id" : 0,
    "crudAction" : "NONE",
    "message" : "  67   12        0   100.00     0.00  2025-1203  2025-1213 OPEN     PO NONE   100.00"
  }, {
    "id" : 0,
    "crudAction" : "NONE",
    "message" : "  34   12       30  -100.00     0.00  2025-1213  2025-1214 OPEN  MODET NONE     0.00"
  }, {
    "id" : 0,
    "crudAction" : "NONE",
    "message" : ""
  }, {
    "id" : 0,
    "crudAction" : "NONE",
    "message" : "Inventory Analysis for 0013: W-013,Wagon Body     2.25 PUR   2  20     0.00   100.00"
  }, {
    "id" : 0,
    "crudAction" : "NONE",
    "message" : "Opening Balance of 0.0 and there are 11 open orders"
  }, {
    "id" : 0,
    "crudAction" : "NONE",
    "message" : "  Id Item ParentId  Ordered Assigned      Start   Complete Stat   Type Acti  Balance"
  }, {
    "id" : 0,
    "crudAction" : "NONE",
    "message" : " 118   13      117  -500.00     0.00  2025-0822  2025-0901 OPEN  MODET INSERT  -500.00"
  }, {
    "id" : 0,
    "crudAction" : "NONE",
    "message" : "   0   13        0   500.00     0.00       null  2025-0822 OPEN     PO INSERT     0.00"
  }, {
    "id" : 0,
    "crudAction" : "NONE",
    "message" : " 120   13      117  -500.00     0.00  2025-0822  2025-0901 OPEN  MODET INSERT  -500.00"
  }, {
    "id" : 0,
    "crudAction" : "NONE",
    "message" : "   0   13        0   500.00     0.00       null  2025-0822 OPEN     PO INSERT     0.00"
  }, {
    "id" : 0,
    "crudAction" : "NONE",
    "message" : " 127   13      117  -500.00     0.00  2025-0822  2025-0901 OPEN  MODET INSERT  -500.00"
  }, {
    "id" : 0,
    "crudAction" : "NONE",
    "message" : "   0   13        0   500.00     0.00       null  2025-0822 OPEN     PO INSERT     0.00"
  }, {
    "id" : 0,
    "crudAction" : "NONE",
    "message" : " 141   13      117  -500.00     0.00  2025-0822  2025-0901 OPEN  MODET INSERT  -500.00"
  }, {
    "id" : 0,
    "crudAction" : "NONE",
    "message" : "   0   13        0   500.00     0.00       null  2025-0822 OPEN     PO INSERT     0.00"
  }, {
    "id" : 0,
    "crudAction" : "NONE",
    "message" : " 155   13      117  -500.00     0.00  2025-0822  2025-0901 OPEN  MODET INSERT  -500.00"
  }, {
    "id" : 0,
    "crudAction" : "NONE",
    "message" : "   0   13        0   500.00     0.00       null  2025-0822 OPEN     PO INSERT     0.00"
  }, {
    "id" : 0,
    "crudAction" : "NONE",
    "message" : " 169   13      117  -500.00     0.00  2025-0822  2025-0901 OPEN  MODET INSERT  -500.00"
  }, {
    "id" : 0,
    "crudAction" : "NONE",
    "message" : "   0   13        0   500.00     0.00       null  2025-0822 OPEN     PO INSERT     0.00"
  }, {
    "id" : 0,
    "crudAction" : "NONE",
    "message" : " 196   13      117  -500.00     0.00  2025-0822  2025-0901 OPEN  MODET INSERT  -500.00"
  }, {
    "id" : 0,
    "crudAction" : "NONE",
    "message" : "   0   13        0   500.00     0.00       null  2025-0822 OPEN     PO INSERT     0.00"
  }, {
    "id" : 0,
    "crudAction" : "NONE",
    "message" : " 221   13      117  -500.00     0.00  2025-0822  2025-0901 OPEN  MODET INSERT  -500.00"
  }, {
    "id" : 0,
    "crudAction" : "NONE",
    "message" : "   0   13        0   500.00     0.00       null  2025-0822 OPEN     PO INSERT     0.00"
  }, {
    "id" : 0,
    "crudAction" : "NONE",
    "message" : " 254   13      117  -500.00     0.00  2025-0822  2025-0901 OPEN  MODET INSERT  -500.00"
  }, {
    "id" : 0,
    "crudAction" : "NONE",
    "message" : "   0   13        0   500.00     0.00       null  2025-0822 OPEN     PO INSERT     0.00"
  }, {
    "id" : 0,
    "crudAction" : "NONE",
    "message" : " 280   13      117  -500.00     0.00  2025-0822  2025-0901 OPEN  MODET INSERT  -500.00"
  }, {
    "id" : 0,
    "crudAction" : "NONE",
    "message" : "   0   13        0   500.00     0.00       null  2025-0822 OPEN     PO INSERT     0.00"
  }, {
    "id" : 0,
    "crudAction" : "NONE",
    "message" : " 308   13      117  -500.00     0.00  2025-0822  2025-0901 OPEN  MODET INSERT  -500.00"
  }, {
    "id" : 0,
    "crudAction" : "NONE",
    "message" : "   0   13        0   500.00     0.00       null  2025-0822 OPEN     PO INSERT     0.00"
  }, {
    "id" : 0,
    "crudAction" : "NONE",
    "message" : ""
  }, {
    "id" : 0,
    "crudAction" : "NONE",
    "message" : "Inventory Analysis for 0014: W-014,Red Paint    20.00 PUR   2   5     0.00     4.00"
  }, {
    "id" : 0,
    "crudAction" : "NONE",
    "message" : "Opening Balance of 0.0 and there are 12 open orders"
  }, {
    "id" : 0,
    "crudAction" : "NONE",
    "message" : "  Id Item ParentId  Ordered Assigned      Start   Complete Stat   Type Acti  Balance"
  }, {
    "id" : 0,
    "crudAction" : "NONE",
    "message" : " 119   14      117  -125.00     0.00  2025-0822  2025-0901 OPEN  MODET INSERT  -125.00"
  }, {
    "id" : 0,
    "crudAction" : "NONE",
    "message" : "   0   14        0   125.00     0.00       null  2025-0822 OPEN     PO INSERT     0.00"
  }, {
    "id" : 0,
    "crudAction" : "NONE",
    "message" : " 121   14      117  -125.00     0.00  2025-0822  2025-0901 OPEN  MODET INSERT  -125.00"
  }, {
    "id" : 0,
    "crudAction" : "NONE",
    "message" : "   0   14        0   125.00     0.00       null  2025-0822 OPEN     PO INSERT     0.00"
  }, {
    "id" : 0,
    "crudAction" : "NONE",
    "message" : " 128   14      117  -125.00     0.00  2025-0822  2025-0901 OPEN  MODET INSERT  -125.00"
  }, {
    "id" : 0,
    "crudAction" : "NONE",
    "message" : "   0   14        0   125.00     0.00       null  2025-0822 OPEN     PO INSERT     0.00"
  }, {
    "id" : 0,
    "crudAction" : "NONE",
    "message" : " 142   14      117  -125.00     0.00  2025-0822  2025-0901 OPEN  MODET INSERT  -125.00"
  }, {
    "id" : 0,
    "crudAction" : "NONE",
    "message" : "   0   14        0   125.00     0.00       null  2025-0822 OPEN     PO INSERT     0.00"
  }, {
    "id" : 0,
    "crudAction" : "NONE",
    "message" : " 156   14      117  -125.00     0.00  2025-0822  2025-0901 OPEN  MODET INSERT  -125.00"
  }, {
    "id" : 0,
    "crudAction" : "NONE",
    "message" : "   0   14        0   125.00     0.00       null  2025-0822 OPEN     PO INSERT     0.00"
  }, {
    "id" : 0,
    "crudAction" : "NONE",
    "message" : " 170   14      117  -125.00     0.00  2025-0822  2025-0901 OPEN  MODET INSERT  -125.00"
  }, {
    "id" : 0,
    "crudAction" : "NONE",
    "message" : "   0   14        0   125.00     0.00       null  2025-0822 OPEN     PO INSERT     0.00"
  }, {
    "id" : 0,
    "crudAction" : "NONE",
    "message" : " 197   14      117  -125.00     0.00  2025-0822  2025-0901 OPEN  MODET INSERT  -125.00"
  }, {
    "id" : 0,
    "crudAction" : "NONE",
    "message" : "   0   14        0   125.00     0.00       null  2025-0822 OPEN     PO INSERT     0.00"
  }, {
    "id" : 0,
    "crudAction" : "NONE",
    "message" : " 222   14      117  -125.00     0.00  2025-0822  2025-0901 OPEN  MODET INSERT  -125.00"
  }, {
    "id" : 0,
    "crudAction" : "NONE",
    "message" : "   0   14        0   125.00     0.00       null  2025-0822 OPEN     PO INSERT     0.00"
  }, {
    "id" : 0,
    "crudAction" : "NONE",
    "message" : " 255   14      117  -125.00     0.00  2025-0822  2025-0901 OPEN  MODET INSERT  -125.00"
  }, {
    "id" : 0,
    "crudAction" : "NONE",
    "message" : "   0   14        0   125.00     0.00       null  2025-0822 OPEN     PO INSERT     0.00"
  }, {
    "id" : 0,
    "crudAction" : "NONE",
    "message" : " 281   14      117  -125.00     0.00  2025-0822  2025-0901 OPEN  MODET INSERT  -125.00"
  }, {
    "id" : 0,
    "crudAction" : "NONE",
    "message" : "   0   14        0   125.00     0.00       null  2025-0822 OPEN     PO INSERT     0.00"
  }, {
    "id" : 0,
    "crudAction" : "NONE",
    "message" : " 309   14      117  -125.00     0.00  2025-0822  2025-0901 OPEN  MODET INSERT  -125.00"
  }, {
    "id" : 0,
    "crudAction" : "NONE",
    "message" : "   0   14        0   125.00     0.00       null  2025-0822 OPEN     PO INSERT     0.00"
  }, {
    "id" : 0,
    "crudAction" : "NONE",
    "message" : " 338   14      117  -125.00     0.00  2025-0822  2025-0901 OPEN  MODET INSERT  -125.00"
  }, {
    "id" : 0,
    "crudAction" : "NONE",
    "message" : "   0   14        0   125.00     0.00       null  2025-0822 OPEN     PO INSERT     0.00"
  }, {
    "id" : 0,
    "crudAction" : "NONE",
    "message" : ""
  }, {
    "id" : 0,
    "crudAction" : "NONE",
    "message" : "Inventory Analysis for 0015: W-015,Rear Wheel bracket     1.00 PUR   2   4     0.00    50.00"
  }, {
    "id" : 0,
    "crudAction" : "NONE",
    "message" : "Opening Balance of 0.0 and there are 11 open orders"
  }, {
    "id" : 0,
    "crudAction" : "NONE",
    "message" : "  Id Item ParentId  Ordered Assigned      Start   Complete Stat   Type Acti  Balance"
  }, {
    "id" : 0,
    "crudAction" : "NONE",
    "message" : " 138   15      133  -500.00     0.00  2025-0909  2025-0910 OPEN  MODET INSERT  -500.00"
  }, {
    "id" : 0,
    "crudAction" : "NONE",
    "message" : "   0   15        0   500.00     0.00       null  2025-0909 OPEN     PO INSERT     0.00"
  }, {
    "id" : 0,
    "crudAction" : "NONE",
    "message" : " 151   15      133  -500.00     0.00  2025-0909  2025-0910 OPEN  MODET INSERT  -500.00"
  }, {
    "id" : 0,
    "crudAction" : "NONE",
    "message" : "   0   15        0   500.00     0.00       null  2025-0909 OPEN     PO INSERT     0.00"
  }, {
    "id" : 0,
    "crudAction" : "NONE",
    "message" : " 165   15      133  -500.00     0.00  2025-0909  2025-0910 OPEN  MODET INSERT  -500.00"
  }, {
    "id" : 0,
    "crudAction" : "NONE",
    "message" : "   0   15        0   500.00     0.00       null  2025-0909 OPEN     PO INSERT     0.00"
  }, {
    "id" : 0,
    "crudAction" : "NONE",
    "message" : " 179   15      133  -500.00     0.00  2025-0909  2025-0910 OPEN  MODET INSERT  -500.00"
  }, {
    "id" : 0,
    "crudAction" : "NONE",
    "message" : "   0   15        0   500.00     0.00       null  2025-0909 OPEN     PO INSERT     0.00"
  }, {
    "id" : 0,
    "crudAction" : "NONE",
    "message" : " 206   15      133  -500.00     0.00  2025-0909  2025-0910 OPEN  MODET INSERT  -500.00"
  }, {
    "id" : 0,
    "crudAction" : "NONE",
    "message" : "   0   15        0   500.00     0.00       null  2025-0909 OPEN     PO INSERT     0.00"
  }, {
    "id" : 0,
    "crudAction" : "NONE",
    "message" : " 231   15      133  -500.00     0.00  2025-0909  2025-0910 OPEN  MODET INSERT  -500.00"
  }, {
    "id" : 0,
    "crudAction" : "NONE",
    "message" : "   0   15        0   500.00     0.00       null  2025-0909 OPEN     PO INSERT     0.00"
  }, {
    "id" : 0,
    "crudAction" : "NONE",
    "message" : " 264   15      133  -500.00     0.00  2025-0909  2025-0910 OPEN  MODET INSERT  -500.00"
  }, {
    "id" : 0,
    "crudAction" : "NONE",
    "message" : "   0   15        0   500.00     0.00       null  2025-0909 OPEN     PO INSERT     0.00"
  }, {
    "id" : 0,
    "crudAction" : "NONE",
    "message" : " 290   15      133  -500.00     0.00  2025-0909  2025-0910 OPEN  MODET INSERT  -500.00"
  }, {
    "id" : 0,
    "crudAction" : "NONE",
    "message" : "   0   15        0   500.00     0.00       null  2025-0909 OPEN     PO INSERT     0.00"
  }, {
    "id" : 0,
    "crudAction" : "NONE",
    "message" : " 318   15      133  -500.00     0.00  2025-0909  2025-0910 OPEN  MODET INSERT  -500.00"
  }, {
    "id" : 0,
    "crudAction" : "NONE",
    "message" : "   0   15        0   500.00     0.00       null  2025-0909 OPEN     PO INSERT     0.00"
  }, {
    "id" : 0,
    "crudAction" : "NONE",
    "message" : " 347   15      133  -500.00     0.00  2025-0909  2025-0910 OPEN  MODET INSERT  -500.00"
  }, {
    "id" : 0,
    "crudAction" : "NONE",
    "message" : "   0   15        0   500.00     0.00       null  2025-0909 OPEN     PO INSERT     0.00"
  }, {
    "id" : 0,
    "crudAction" : "NONE",
    "message" : " 378   15      133  -500.00     0.00  2025-0909  2025-0910 OPEN  MODET INSERT  -500.00"
  }, {
    "id" : 0,
    "crudAction" : "NONE",
    "message" : "   0   15        0   500.00     0.00       null  2025-0909 OPEN     PO INSERT     0.00"
  }, {
    "id" : 0,
    "crudAction" : "NONE",
    "message" : ""
  }, {
    "id" : 0,
    "crudAction" : "NONE",
    "message" : "Inventory Analysis for 0016: W-016,Axle Bracket Brace     0.75 PUR   2   6     0.00    50.00"
  }, {
    "id" : 0,
    "crudAction" : "NONE",
    "message" : "Opening Balance of 0.0 and there are 12 open orders"
  }, {
    "id" : 0,
    "crudAction" : "NONE",
    "message" : "  Id Item ParentId  Ordered Assigned      Start   Complete Stat   Type Acti  Balance"
  }, {
    "id" : 0,
    "crudAction" : "NONE",
    "message" : " 139   16      133  -500.00     0.00  2025-0909  2025-0910 OPEN  MODET INSERT  -500.00"
  }, {
    "id" : 0,
    "crudAction" : "NONE",
    "message" : "   0   16        0   500.00     0.00       null  2025-0909 OPEN     PO INSERT     0.00"
  }, {
    "id" : 0,
    "crudAction" : "NONE",
    "message" : " 152   16      133  -500.00     0.00  2025-0909  2025-0910 OPEN  MODET INSERT  -500.00"
  }, {
    "id" : 0,
    "crudAction" : "NONE",
    "message" : "   0   16        0   500.00     0.00       null  2025-0909 OPEN     PO INSERT     0.00"
  }, {
    "id" : 0,
    "crudAction" : "NONE",
    "message" : " 166   16      133  -500.00     0.00  2025-0909  2025-0910 OPEN  MODET INSERT  -500.00"
  }, {
    "id" : 0,
    "crudAction" : "NONE",
    "message" : "   0   16        0   500.00     0.00       null  2025-0909 OPEN     PO INSERT     0.00"
  }, {
    "id" : 0,
    "crudAction" : "NONE",
    "message" : " 180   16      133  -500.00     0.00  2025-0909  2025-0910 OPEN  MODET INSERT  -500.00"
  }, {
    "id" : 0,
    "crudAction" : "NONE",
    "message" : "   0   16        0   500.00     0.00       null  2025-0909 OPEN     PO INSERT     0.00"
  }, {
    "id" : 0,
    "crudAction" : "NONE",
    "message" : " 207   16      133  -500.00     0.00  2025-0909  2025-0910 OPEN  MODET INSERT  -500.00"
  }, {
    "id" : 0,
    "crudAction" : "NONE",
    "message" : "   0   16        0   500.00     0.00       null  2025-0909 OPEN     PO INSERT     0.00"
  }, {
    "id" : 0,
    "crudAction" : "NONE",
    "message" : " 232   16      133  -500.00     0.00  2025-0909  2025-0910 OPEN  MODET INSERT  -500.00"
  }, {
    "id" : 0,
    "crudAction" : "NONE",
    "message" : "   0   16        0   500.00     0.00       null  2025-0909 OPEN     PO INSERT     0.00"
  }, {
    "id" : 0,
    "crudAction" : "NONE",
    "message" : " 265   16      133  -500.00     0.00  2025-0909  2025-0910 OPEN  MODET INSERT  -500.00"
  }, {
    "id" : 0,
    "crudAction" : "NONE",
    "message" : "   0   16        0   500.00     0.00       null  2025-0909 OPEN     PO INSERT     0.00"
  }, {
    "id" : 0,
    "crudAction" : "NONE",
    "message" : " 291   16      133  -500.00     0.00  2025-0909  2025-0910 OPEN  MODET INSERT  -500.00"
  }, {
    "id" : 0,
    "crudAction" : "NONE",
    "message" : "   0   16        0   500.00     0.00       null  2025-0909 OPEN     PO INSERT     0.00"
  }, {
    "id" : 0,
    "crudAction" : "NONE",
    "message" : " 319   16      133  -500.00     0.00  2025-0909  2025-0910 OPEN  MODET INSERT  -500.00"
  }, {
    "id" : 0,
    "crudAction" : "NONE",
    "message" : "   0   16        0   500.00     0.00       null  2025-0909 OPEN     PO INSERT     0.00"
  }, {
    "id" : 0,
    "crudAction" : "NONE",
    "message" : " 348   16      133  -500.00     0.00  2025-0909  2025-0910 OPEN  MODET INSERT  -500.00"
  }, {
    "id" : 0,
    "crudAction" : "NONE",
    "message" : "   0   16        0   500.00     0.00       null  2025-0909 OPEN     PO INSERT     0.00"
  }, {
    "id" : 0,
    "crudAction" : "NONE",
    "message" : " 379   16      133  -500.00     0.00  2025-0909  2025-0910 OPEN  MODET INSERT  -500.00"
  }, {
    "id" : 0,
    "crudAction" : "NONE",
    "message" : "   0   16        0   500.00     0.00       null  2025-0909 OPEN     PO INSERT     0.00"
  }, {
    "id" : 0,
    "crudAction" : "NONE",
    "message" : " 411   16      133  -500.00     0.00  2025-0909  2025-0910 OPEN  MODET INSERT  -500.00"
  }, {
    "id" : 0,
    "crudAction" : "NONE",
    "message" : "   0   16        0   500.00     0.00       null  2025-0909 OPEN     PO INSERT     0.00"
  }, {
    "id" : 0,
    "crudAction" : "NONE",
    "message" : ""
  }, {
    "id" : 0,
    "crudAction" : "NONE",
    "message" : "Inventory Analysis for 0018: W-018,Carriage Bolt     0.17 PUR   2   3     0.00   500.00"
  }, {
    "id" : 0,
    "crudAction" : "NONE",
    "message" : "Opening Balance of 0.0 and there are 13 open orders"
  }, {
    "id" : 0,
    "crudAction" : "NONE",
    "message" : "  Id Item ParentId  Ordered Assigned      Start   Complete Stat   Type Acti  Balance"
  }, {
    "id" : 0,
    "crudAction" : "NONE",
    "message" : " 140   18      133  -500.00     0.00  2025-0909  2025-0910 OPEN  MODET INSERT  -500.00"
  }, {
    "id" : 0,
    "crudAction" : "NONE",
    "message" : "   0   18        0   500.00     0.00       null  2025-0909 OPEN     PO INSERT     0.00"
  }, {
    "id" : 0,
    "crudAction" : "NONE",
    "message" : " 153   18      133  -500.00     0.00  2025-0909  2025-0910 OPEN  MODET INSERT  -500.00"
  }, {
    "id" : 0,
    "crudAction" : "NONE",
    "message" : "   0   18        0   500.00     0.00       null  2025-0909 OPEN     PO INSERT     0.00"
  }, {
    "id" : 0,
    "crudAction" : "NONE",
    "message" : " 167   18      133  -500.00     0.00  2025-0909  2025-0910 OPEN  MODET INSERT  -500.00"
  }, {
    "id" : 0,
    "crudAction" : "NONE",
    "message" : "   0   18        0   500.00     0.00       null  2025-0909 OPEN     PO INSERT     0.00"
  }, {
    "id" : 0,
    "crudAction" : "NONE",
    "message" : " 181   18      133  -500.00     0.00  2025-0909  2025-0910 OPEN  MODET INSERT  -500.00"
  }, {
    "id" : 0,
    "crudAction" : "NONE",
    "message" : "   0   18        0   500.00     0.00       null  2025-0909 OPEN     PO INSERT     0.00"
  }, {
    "id" : 0,
    "crudAction" : "NONE",
    "message" : " 208   18      133  -500.00     0.00  2025-0909  2025-0910 OPEN  MODET INSERT  -500.00"
  }, {
    "id" : 0,
    "crudAction" : "NONE",
    "message" : "   0   18        0   500.00     0.00       null  2025-0909 OPEN     PO INSERT     0.00"
  }, {
    "id" : 0,
    "crudAction" : "NONE",
    "message" : " 233   18      133  -500.00     0.00  2025-0909  2025-0910 OPEN  MODET INSERT  -500.00"
  }, {
    "id" : 0,
    "crudAction" : "NONE",
    "message" : "   0   18        0   500.00     0.00       null  2025-0909 OPEN     PO INSERT     0.00"
  }, {
    "id" : 0,
    "crudAction" : "NONE",
    "message" : " 266   18      133  -500.00     0.00  2025-0909  2025-0910 OPEN  MODET INSERT  -500.00"
  }, {
    "id" : 0,
    "crudAction" : "NONE",
    "message" : "   0   18        0   500.00     0.00       null  2025-0909 OPEN     PO INSERT     0.00"
  }, {
    "id" : 0,
    "crudAction" : "NONE",
    "message" : " 292   18      133  -500.00     0.00  2025-0909  2025-0910 OPEN  MODET INSERT  -500.00"
  }, {
    "id" : 0,
    "crudAction" : "NONE",
    "message" : "   0   18        0   500.00     0.00       null  2025-0909 OPEN     PO INSERT     0.00"
  }, {
    "id" : 0,
    "crudAction" : "NONE",
    "message" : " 320   18      133  -500.00     0.00  2025-0909  2025-0910 OPEN  MODET INSERT  -500.00"
  }, {
    "id" : 0,
    "crudAction" : "NONE",
    "message" : "   0   18        0   500.00     0.00       null  2025-0909 OPEN     PO INSERT     0.00"
  }, {
    "id" : 0,
    "crudAction" : "NONE",
    "message" : " 349   18      133  -500.00     0.00  2025-0909  2025-0910 OPEN  MODET INSERT  -500.00"
  }, {
    "id" : 0,
    "crudAction" : "NONE",
    "message" : "   0   18        0   500.00     0.00       null  2025-0909 OPEN     PO INSERT     0.00"
  }, {
    "id" : 0,
    "crudAction" : "NONE",
    "message" : " 380   18      133  -500.00     0.00  2025-0909  2025-0910 OPEN  MODET INSERT  -500.00"
  }, {
    "id" : 0,
    "crudAction" : "NONE",
    "message" : "   0   18        0   500.00     0.00       null  2025-0909 OPEN     PO INSERT     0.00"
  }, {
    "id" : 0,
    "crudAction" : "NONE",
    "message" : " 412   18      133  -500.00     0.00  2025-0909  2025-0910 OPEN  MODET INSERT  -500.00"
  }, {
    "id" : 0,
    "crudAction" : "NONE",
    "message" : "   0   18        0   500.00     0.00       null  2025-0909 OPEN     PO INSERT     0.00"
  }, {
    "id" : 0,
    "crudAction" : "NONE",
    "message" : " 443   18      133  -500.00     0.00  2025-0909  2025-0910 OPEN  MODET INSERT  -500.00"
  }, {
    "id" : 0,
    "crudAction" : "NONE",
    "message" : "   0   18        0   500.00     0.00       null  2025-0909 OPEN     PO INSERT     0.00"
  }, {
    "id" : 0,
    "crudAction" : "NONE",
    "message" : ""
  }, {
    "id" : 0,
    "crudAction" : "NONE",
    "message" : "Inventory Analysis for 0017: W-017,Rod Stock     0.70 PUR   3   5     0.00  1000.00"
  }, {
    "id" : 0,
    "crudAction" : "NONE",
    "message" : "Opening Balance of 0.0 and there are 145 open orders"
  }, {
    "id" : 0,
    "crudAction" : "NONE",
    "message" : "  Id Item ParentId  Ordered Assigned      Start   Complete Stat   Type Acti  Balance"
  }, {
    "id" : 0,
    "crudAction" : "NONE",
    "message" : "   3   17        0  1000.00     0.00  2025-0823  2025-0828 OPEN     PO NONE  1000.00"
  }, {
    "id" : 0,
    "crudAction" : "NONE",
    "message" : "   2   17        1    -9.00     0.00  2025-0828  2025-0901 OPEN  MODET NONE   991.00"
  }, {
    "id" : 0,
    "crudAction" : "NONE",
    "message" : "  86   17        0  1000.00     0.00  2025-0831  2025-0905 OPEN     PO NONE  1991.00"
  }, {
    "id" : 0,
    "crudAction" : "NONE",
    "message" : "  87   17        0  1000.00     0.00  2025-0831  2025-0905 OPEN     PO NONE  2991.00"
  }, {
    "id" : 0,
    "crudAction" : "NONE",
    "message" : "  88   17        0  1000.00     0.00  2025-0831  2025-0905 OPEN     PO NONE  3991.00"
  }, {
    "id" : 0,
    "crudAction" : "NONE",
    "message" : "  89   17        0  1000.00     0.00  2025-0831  2025-0905 OPEN     PO NONE  4991.00"
  }, {
    "id" : 0,
    "crudAction" : "NONE",
    "message" : "  90   17        0  1000.00     0.00  2025-0831  2025-0905 OPEN     PO NONE  5991.00"
  }, {
    "id" : 0,
    "crudAction" : "NONE",
    "message" : "  91   17        0  1000.00     0.00  2025-0831  2025-0905 OPEN     PO NONE  6991.00"
  }, {
    "id" : 0,
    "crudAction" : "NONE",
    "message" : "  92   17        0  1000.00     0.00  2025-0831  2025-0905 OPEN     PO NONE  7991.00"
  }, {
    "id" : 0,
    "crudAction" : "NONE",
    "message" : "  93   17        0  1000.00     0.00  2025-0831  2025-0905 OPEN     PO NONE  8991.00"
  }, {
    "id" : 0,
    "crudAction" : "NONE",
    "message" : " 183   17      182  -750.00     0.00  2025-0901  2025-0905 OPEN  MODET INSERT  8241.00"
  }, {
    "id" : 0,
    "crudAction" : "NONE",
    "message" : " 185   17      184  -750.00     0.00  2025-0901  2025-0905 OPEN  MODET INSERT  7491.00"
  }, {
    "id" : 0,
    "crudAction" : "NONE",
    "message" : " 187   17      186  -750.00     0.00  2025-0901  2025-0905 OPEN  MODET INSERT  6741.00"
  }, {
    "id" : 0,
    "crudAction" : "NONE",
    "message" : " 189   17      188  -750.00     0.00  2025-0901  2025-0905 OPEN  MODET INSERT  5991.00"
  }, {
    "id" : 0,
    "crudAction" : "NONE",
    "message" : " 191   17      190  -750.00     0.00  2025-0901  2025-0905 OPEN  MODET INSERT  5241.00"
  }, {
    "id" : 0,
    "crudAction" : "NONE",
    "message" : " 193   17      192  -750.00     0.00  2025-0901  2025-0905 OPEN  MODET INSERT  4491.00"
  }, {
    "id" : 0,
    "crudAction" : "NONE",
    "message" : " 195   17      194  -750.00     0.00  2025-0901  2025-0905 OPEN  MODET INSERT  3741.00"
  }, {
    "id" : 0,
    "crudAction" : "NONE",
    "message" : " 209   17      182  -750.00     0.00  2025-0901  2025-0905 OPEN  MODET INSERT  2991.00"
  }, {
    "id" : 0,
    "crudAction" : "NONE",
    "message" : " 210   17      184  -750.00     0.00  2025-0901  2025-0905 OPEN  MODET INSERT  2241.00"
  }, {
    "id" : 0,
    "crudAction" : "NONE",
    "message" : " 211   17      186  -750.00     0.00  2025-0901  2025-0905 OPEN  MODET INSERT  1491.00"
  }, {
    "id" : 0,
    "crudAction" : "NONE",
    "message" : " 212   17      188  -750.00     0.00  2025-0901  2025-0905 OPEN  MODET INSERT   741.00"
  }, {
    "id" : 0,
    "crudAction" : "NONE",
    "message" : " 213   17      190  -750.00     0.00  2025-0901  2025-0905 OPEN  MODET INSERT    -9.00"
  }, {
    "id" : 0,
    "crudAction" : "NONE",
    "message" : "   0   17        0  1000.00     0.00       null  2025-0901 OPEN     PO INSERT   991.00"
  }, {
    "id" : 0,
    "crudAction" : "NONE",
    "message" : " 214   17      192  -750.00     0.00  2025-0901  2025-0905 OPEN  MODET INSERT   241.00"
  }, {
    "id" : 0,
    "crudAction" : "NONE",
    "message" : " 215   17      194  -750.00     0.00  2025-0901  2025-0905 OPEN  MODET INSERT  -509.00"
  }, {
    "id" : 0,
    "crudAction" : "NONE",
    "message" : "   0   17        0  1000.00     0.00       null  2025-0901 OPEN     PO INSERT   491.00"
  }, {
    "id" : 0,
    "crudAction" : "NONE",
    "message" : " 234   17      182  -750.00     0.00  2025-0901  2025-0905 OPEN  MODET INSERT  -259.00"
  }, {
    "id" : 0,
    "crudAction" : "NONE",
    "message" : "   0   17        0  1000.00     0.00       null  2025-0901 OPEN     PO INSERT   741.00"
  }, {
    "id" : 0,
    "crudAction" : "NONE",
    "message" : " 235   17      184  -750.00     0.00  2025-0901  2025-0905 OPEN  MODET INSERT    -9.00"
  }, {
    "id" : 0,
    "crudAction" : "NONE",
    "message" : "   0   17        0  1000.00     0.00       null  2025-0901 OPEN     PO INSERT   991.00"
  }, {
    "id" : 0,
    "crudAction" : "NONE",
    "message" : " 236   17      186  -750.00     0.00  2025-0901  2025-0905 OPEN  MODET INSERT   241.00"
  }, {
    "id" : 0,
    "crudAction" : "NONE",
    "message" : " 237   17      188  -750.00     0.00  2025-0901  2025-0905 OPEN  MODET INSERT  -509.00"
  }, {
    "id" : 0,
    "crudAction" : "NONE",
    "message" : "   0   17        0  1000.00     0.00       null  2025-0901 OPEN     PO INSERT   491.00"
  }, {
    "id" : 0,
    "crudAction" : "NONE",
    "message" : " 238   17      190  -750.00     0.00  2025-0901  2025-0905 OPEN  MODET INSERT  -259.00"
  }, {
    "id" : 0,
    "crudAction" : "NONE",
    "message" : "   0   17        0  1000.00     0.00       null  2025-0901 OPEN     PO INSERT   741.00"
  }, {
    "id" : 0,
    "crudAction" : "NONE",
    "message" : " 239   17      192  -750.00     0.00  2025-0901  2025-0905 OPEN  MODET INSERT    -9.00"
  }, {
    "id" : 0,
    "crudAction" : "NONE",
    "message" : "   0   17        0  1000.00     0.00       null  2025-0901 OPEN     PO INSERT   991.00"
  }, {
    "id" : 0,
    "crudAction" : "NONE",
    "message" : " 240   17      194  -750.00     0.00  2025-0901  2025-0905 OPEN  MODET INSERT   241.00"
  }, {
    "id" : 0,
    "crudAction" : "NONE",
    "message" : " 267   17      182  -750.00     0.00  2025-0901  2025-0905 OPEN  MODET INSERT  -509.00"
  }, {
    "id" : 0,
    "crudAction" : "NONE",
    "message" : "   0   17        0  1000.00     0.00       null  2025-0901 OPEN     PO INSERT   491.00"
  }, {
    "id" : 0,
    "crudAction" : "NONE",
    "message" : " 268   17      184  -750.00     0.00  2025-0901  2025-0905 OPEN  MODET INSERT  -259.00"
  }, {
    "id" : 0,
    "crudAction" : "NONE",
    "message" : "   0   17        0  1000.00     0.00       null  2025-0901 OPEN     PO INSERT   741.00"
  }, {
    "id" : 0,
    "crudAction" : "NONE",
    "message" : " 269   17      186  -750.00     0.00  2025-0901  2025-0905 OPEN  MODET INSERT    -9.00"
  }, {
    "id" : 0,
    "crudAction" : "NONE",
    "message" : "   0   17        0  1000.00     0.00       null  2025-0901 OPEN     PO INSERT   991.00"
  }, {
    "id" : 0,
    "crudAction" : "NONE",
    "message" : " 270   17      188  -750.00     0.00  2025-0901  2025-0905 OPEN  MODET INSERT   241.00"
  }, {
    "id" : 0,
    "crudAction" : "NONE",
    "message" : " 271   17      190  -750.00     0.00  2025-0901  2025-0905 OPEN  MODET INSERT  -509.00"
  }, {
    "id" : 0,
    "crudAction" : "NONE",
    "message" : "   0   17        0  1000.00     0.00       null  2025-0901 OPEN     PO INSERT   491.00"
  }, {
    "id" : 0,
    "crudAction" : "NONE",
    "message" : " 272   17      192  -750.00     0.00  2025-0901  2025-0905 OPEN  MODET INSERT  -259.00"
  }, {
    "id" : 0,
    "crudAction" : "NONE",
    "message" : "   0   17        0  1000.00     0.00       null  2025-0901 OPEN     PO INSERT   741.00"
  }, {
    "id" : 0,
    "crudAction" : "NONE",
    "message" : " 273   17      194  -750.00     0.00  2025-0901  2025-0905 OPEN  MODET INSERT    -9.00"
  }, {
    "id" : 0,
    "crudAction" : "NONE",
    "message" : "   0   17        0  1000.00     0.00       null  2025-0901 OPEN     PO INSERT   991.00"
  }, {
    "id" : 0,
    "crudAction" : "NONE",
    "message" : " 293   17      182  -750.00     0.00  2025-0901  2025-0905 OPEN  MODET INSERT   241.00"
  }, {
    "id" : 0,
    "crudAction" : "NONE",
    "message" : " 294   17      184  -750.00     0.00  2025-0901  2025-0905 OPEN  MODET INSERT  -509.00"
  }, {
    "id" : 0,
    "crudAction" : "NONE",
    "message" : "   0   17        0  1000.00     0.00       null  2025-0901 OPEN     PO INSERT   491.00"
  }, {
    "id" : 0,
    "crudAction" : "NONE",
    "message" : " 295   17      186  -750.00     0.00  2025-0901  2025-0905 OPEN  MODET INSERT  -259.00"
  }, {
    "id" : 0,
    "crudAction" : "NONE",
    "message" : "   0   17        0  1000.00     0.00       null  2025-0901 OPEN     PO INSERT   741.00"
  }, {
    "id" : 0,
    "crudAction" : "NONE",
    "message" : " 296   17      188  -750.00     0.00  2025-0901  2025-0905 OPEN  MODET INSERT    -9.00"
  }, {
    "id" : 0,
    "crudAction" : "NONE",
    "message" : "   0   17        0  1000.00     0.00       null  2025-0901 OPEN     PO INSERT   991.00"
  }, {
    "id" : 0,
    "crudAction" : "NONE",
    "message" : " 297   17      190  -750.00     0.00  2025-0901  2025-0905 OPEN  MODET INSERT   241.00"
  }, {
    "id" : 0,
    "crudAction" : "NONE",
    "message" : " 298   17      192  -750.00     0.00  2025-0901  2025-0905 OPEN  MODET INSERT  -509.00"
  }, {
    "id" : 0,
    "crudAction" : "NONE",
    "message" : "   0   17        0  1000.00     0.00       null  2025-0901 OPEN     PO INSERT   491.00"
  }, {
    "id" : 0,
    "crudAction" : "NONE",
    "message" : " 299   17      194  -750.00     0.00  2025-0901  2025-0905 OPEN  MODET INSERT  -259.00"
  }, {
    "id" : 0,
    "crudAction" : "NONE",
    "message" : "   0   17        0  1000.00     0.00       null  2025-0901 OPEN     PO INSERT   741.00"
  }, {
    "id" : 0,
    "crudAction" : "NONE",
    "message" : " 321   17      182  -750.00     0.00  2025-0901  2025-0905 OPEN  MODET INSERT    -9.00"
  }, {
    "id" : 0,
    "crudAction" : "NONE",
    "message" : "   0   17        0  1000.00     0.00       null  2025-0901 OPEN     PO INSERT   991.00"
  }, {
    "id" : 0,
    "crudAction" : "NONE",
    "message" : " 322   17      184  -750.00     0.00  2025-0901  2025-0905 OPEN  MODET INSERT   241.00"
  }, {
    "id" : 0,
    "crudAction" : "NONE",
    "message" : " 323   17      186  -750.00     0.00  2025-0901  2025-0905 OPEN  MODET INSERT  -509.00"
  }, {
    "id" : 0,
    "crudAction" : "NONE",
    "message" : "   0   17        0  1000.00     0.00       null  2025-0901 OPEN     PO INSERT   491.00"
  }, {
    "id" : 0,
    "crudAction" : "NONE",
    "message" : " 324   17      188  -750.00     0.00  2025-0901  2025-0905 OPEN  MODET INSERT  -259.00"
  }, {
    "id" : 0,
    "crudAction" : "NONE",
    "message" : "   0   17        0  1000.00     0.00       null  2025-0901 OPEN     PO INSERT   741.00"
  }, {
    "id" : 0,
    "crudAction" : "NONE",
    "message" : " 325   17      190  -750.00     0.00  2025-0901  2025-0905 OPEN  MODET INSERT    -9.00"
  }, {
    "id" : 0,
    "crudAction" : "NONE",
    "message" : "   0   17        0  1000.00     0.00       null  2025-0901 OPEN     PO INSERT   991.00"
  }, {
    "id" : 0,
    "crudAction" : "NONE",
    "message" : " 326   17      192  -750.00     0.00  2025-0901  2025-0905 OPEN  MODET INSERT   241.00"
  }, {
    "id" : 0,
    "crudAction" : "NONE",
    "message" : " 327   17      194  -750.00     0.00  2025-0901  2025-0905 OPEN  MODET INSERT  -509.00"
  }, {
    "id" : 0,
    "crudAction" : "NONE",
    "message" : "   0   17        0  1000.00     0.00       null  2025-0901 OPEN     PO INSERT   491.00"
  }, {
    "id" : 0,
    "crudAction" : "NONE",
    "message" : " 350   17      182  -750.00     0.00  2025-0901  2025-0905 OPEN  MODET INSERT  -259.00"
  }, {
    "id" : 0,
    "crudAction" : "NONE",
    "message" : "   0   17        0  1000.00     0.00       null  2025-0901 OPEN     PO INSERT   741.00"
  }, {
    "id" : 0,
    "crudAction" : "NONE",
    "message" : " 351   17      184  -750.00     0.00  2025-0901  2025-0905 OPEN  MODET INSERT    -9.00"
  }, {
    "id" : 0,
    "crudAction" : "NONE",
    "message" : "   0   17        0  1000.00     0.00       null  2025-0901 OPEN     PO INSERT   991.00"
  }, {
    "id" : 0,
    "crudAction" : "NONE",
    "message" : " 352   17      186  -750.00     0.00  2025-0901  2025-0905 OPEN  MODET INSERT   241.00"
  }, {
    "id" : 0,
    "crudAction" : "NONE",
    "message" : " 353   17      188  -750.00     0.00  2025-0901  2025-0905 OPEN  MODET INSERT  -509.00"
  }, {
    "id" : 0,
    "crudAction" : "NONE",
    "message" : "   0   17        0  1000.00     0.00       null  2025-0901 OPEN     PO INSERT   491.00"
  }, {
    "id" : 0,
    "crudAction" : "NONE",
    "message" : " 354   17      190  -750.00     0.00  2025-0901  2025-0905 OPEN  MODET INSERT  -259.00"
  }, {
    "id" : 0,
    "crudAction" : "NONE",
    "message" : "   0   17        0  1000.00     0.00       null  2025-0901 OPEN     PO INSERT   741.00"
  }, {
    "id" : 0,
    "crudAction" : "NONE",
    "message" : " 355   17      192  -750.00     0.00  2025-0901  2025-0905 OPEN  MODET INSERT    -9.00"
  }, {
    "id" : 0,
    "crudAction" : "NONE",
    "message" : "   0   17        0  1000.00     0.00       null  2025-0901 OPEN     PO INSERT   991.00"
  }, {
    "id" : 0,
    "crudAction" : "NONE",
    "message" : " 356   17      194  -750.00     0.00  2025-0901  2025-0905 OPEN  MODET INSERT   241.00"
  }, {
    "id" : 0,
    "crudAction" : "NONE",
    "message" : " 381   17      182  -750.00     0.00  2025-0901  2025-0905 OPEN  MODET INSERT  -509.00"
  }, {
    "id" : 0,
    "crudAction" : "NONE",
    "message" : "   0   17        0  1000.00     0.00       null  2025-0901 OPEN     PO INSERT   491.00"
  }, {
    "id" : 0,
    "crudAction" : "NONE",
    "message" : " 382   17      184  -750.00     0.00  2025-0901  2025-0905 OPEN  MODET INSERT  -259.00"
  }, {
    "id" : 0,
    "crudAction" : "NONE",
    "message" : "   0   17        0  1000.00     0.00       null  2025-0901 OPEN     PO INSERT   741.00"
  }, {
    "id" : 0,
    "crudAction" : "NONE",
    "message" : " 383   17      186  -750.00     0.00  2025-0901  2025-0905 OPEN  MODET INSERT    -9.00"
  }, {
    "id" : 0,
    "crudAction" : "NONE",
    "message" : "   0   17        0  1000.00     0.00       null  2025-0901 OPEN     PO INSERT   991.00"
  }, {
    "id" : 0,
    "crudAction" : "NONE",
    "message" : " 384   17      188  -750.00     0.00  2025-0901  2025-0905 OPEN  MODET INSERT   241.00"
  }, {
    "id" : 0,
    "crudAction" : "NONE",
    "message" : " 385   17      190  -750.00     0.00  2025-0901  2025-0905 OPEN  MODET INSERT  -509.00"
  }, {
    "id" : 0,
    "crudAction" : "NONE",
    "message" : "   0   17        0  1000.00     0.00       null  2025-0901 OPEN     PO INSERT   491.00"
  }, {
    "id" : 0,
    "crudAction" : "NONE",
    "message" : " 386   17      192  -750.00     0.00  2025-0901  2025-0905 OPEN  MODET INSERT  -259.00"
  }, {
    "id" : 0,
    "crudAction" : "NONE",
    "message" : "   0   17        0  1000.00     0.00       null  2025-0901 OPEN     PO INSERT   741.00"
  }, {
    "id" : 0,
    "crudAction" : "NONE",
    "message" : " 387   17      194  -750.00     0.00  2025-0901  2025-0905 OPEN  MODET INSERT    -9.00"
  }, {
    "id" : 0,
    "crudAction" : "NONE",
    "message" : "   0   17        0  1000.00     0.00       null  2025-0901 OPEN     PO INSERT   991.00"
  }, {
    "id" : 0,
    "crudAction" : "NONE",
    "message" : " 413   17      182  -750.00     0.00  2025-0901  2025-0905 OPEN  MODET INSERT   241.00"
  }, {
    "id" : 0,
    "crudAction" : "NONE",
    "message" : " 414   17      184  -750.00     0.00  2025-0901  2025-0905 OPEN  MODET INSERT  -509.00"
  }, {
    "id" : 0,
    "crudAction" : "NONE",
    "message" : "   0   17        0  1000.00     0.00       null  2025-0901 OPEN     PO INSERT   491.00"
  }, {
    "id" : 0,
    "crudAction" : "NONE",
    "message" : " 415   17      186  -750.00     0.00  2025-0901  2025-0905 OPEN  MODET INSERT  -259.00"
  }, {
    "id" : 0,
    "crudAction" : "NONE",
    "message" : "   0   17        0  1000.00     0.00       null  2025-0901 OPEN     PO INSERT   741.00"
  }, {
    "id" : 0,
    "crudAction" : "NONE",
    "message" : " 416   17      188  -750.00     0.00  2025-0901  2025-0905 OPEN  MODET INSERT    -9.00"
  }, {
    "id" : 0,
    "crudAction" : "NONE",
    "message" : "   0   17        0  1000.00     0.00       null  2025-0901 OPEN     PO INSERT   991.00"
  }, {
    "id" : 0,
    "crudAction" : "NONE",
    "message" : " 417   17      190  -750.00     0.00  2025-0901  2025-0905 OPEN  MODET INSERT   241.00"
  }, {
    "id" : 0,
    "crudAction" : "NONE",
    "message" : " 418   17      192  -750.00     0.00  2025-0901  2025-0905 OPEN  MODET INSERT  -509.00"
  }, {
    "id" : 0,
    "crudAction" : "NONE",
    "message" : "   0   17        0  1000.00     0.00       null  2025-0901 OPEN     PO INSERT   491.00"
  }, {
    "id" : 0,
    "crudAction" : "NONE",
    "message" : " 419   17      194  -750.00     0.00  2025-0901  2025-0905 OPEN  MODET INSERT  -259.00"
  }, {
    "id" : 0,
    "crudAction" : "NONE",
    "message" : "   0   17        0  1000.00     0.00       null  2025-0901 OPEN     PO INSERT   741.00"
  }, {
    "id" : 0,
    "crudAction" : "NONE",
    "message" : " 444   17      182  -750.00     0.00  2025-0901  2025-0905 OPEN  MODET INSERT    -9.00"
  }, {
    "id" : 0,
    "crudAction" : "NONE",
    "message" : "   0   17        0  1000.00     0.00       null  2025-0901 OPEN     PO INSERT   991.00"
  }, {
    "id" : 0,
    "crudAction" : "NONE",
    "message" : " 445   17      184  -750.00     0.00  2025-0901  2025-0905 OPEN  MODET INSERT   241.00"
  }, {
    "id" : 0,
    "crudAction" : "NONE",
    "message" : " 446   17      186  -750.00     0.00  2025-0901  2025-0905 OPEN  MODET INSERT  -509.00"
  }, {
    "id" : 0,
    "crudAction" : "NONE",
    "message" : "   0   17        0  1000.00     0.00       null  2025-0901 OPEN     PO INSERT   491.00"
  }, {
    "id" : 0,
    "crudAction" : "NONE",
    "message" : " 447   17      188  -750.00     0.00  2025-0901  2025-0905 OPEN  MODET INSERT  -259.00"
  }, {
    "id" : 0,
    "crudAction" : "NONE",
    "message" : "   0   17        0  1000.00     0.00       null  2025-0901 OPEN     PO INSERT   741.00"
  }, {
    "id" : 0,
    "crudAction" : "NONE",
    "message" : " 448   17      190  -750.00     0.00  2025-0901  2025-0905 OPEN  MODET INSERT    -9.00"
  }, {
    "id" : 0,
    "crudAction" : "NONE",
    "message" : "   0   17        0  1000.00     0.00       null  2025-0901 OPEN     PO INSERT   991.00"
  }, {
    "id" : 0,
    "crudAction" : "NONE",
    "message" : " 449   17      192  -750.00     0.00  2025-0901  2025-0905 OPEN  MODET INSERT   241.00"
  }, {
    "id" : 0,
    "crudAction" : "NONE",
    "message" : " 450   17      194  -750.00     0.00  2025-0901  2025-0905 OPEN  MODET INSERT  -509.00"
  }, {
    "id" : 0,
    "crudAction" : "NONE",
    "message" : "   0   17        0  1000.00     0.00       null  2025-0901 OPEN     PO INSERT   491.00"
  }, {
    "id" : 0,
    "crudAction" : "NONE",
    "message" : " 476   17      182  -750.00     0.00  2025-0901  2025-0905 OPEN  MODET INSERT  -259.00"
  }, {
    "id" : 0,
    "crudAction" : "NONE",
    "message" : "   0   17        0  1000.00     0.00       null  2025-0901 OPEN     PO INSERT   741.00"
  }, {
    "id" : 0,
    "crudAction" : "NONE",
    "message" : " 477   17      184  -750.00     0.00  2025-0901  2025-0905 OPEN  MODET INSERT    -9.00"
  }, {
    "id" : 0,
    "crudAction" : "NONE",
    "message" : "   0   17        0  1000.00     0.00       null  2025-0901 OPEN     PO INSERT   991.00"
  }, {
    "id" : 0,
    "crudAction" : "NONE",
    "message" : " 478   17      186  -750.00     0.00  2025-0901  2025-0905 OPEN  MODET INSERT   241.00"
  }, {
    "id" : 0,
    "crudAction" : "NONE",
    "message" : " 479   17      188  -750.00     0.00  2025-0901  2025-0905 OPEN  MODET INSERT  -509.00"
  }, {
    "id" : 0,
    "crudAction" : "NONE",
    "message" : "   0   17        0  1000.00     0.00       null  2025-0901 OPEN     PO INSERT   491.00"
  }, {
    "id" : 0,
    "crudAction" : "NONE",
    "message" : " 480   17      190  -750.00     0.00  2025-0901  2025-0905 OPEN  MODET INSERT  -259.00"
  }, {
    "id" : 0,
    "crudAction" : "NONE",
    "message" : "   0   17        0  1000.00     0.00       null  2025-0901 OPEN     PO INSERT   741.00"
  }, {
    "id" : 0,
    "crudAction" : "NONE",
    "message" : " 481   17      192  -750.00     0.00  2025-0901  2025-0905 OPEN  MODET INSERT    -9.00"
  }, {
    "id" : 0,
    "crudAction" : "NONE",
    "message" : "   0   17        0  1000.00     0.00       null  2025-0901 OPEN     PO INSERT   991.00"
  }, {
    "id" : 0,
    "crudAction" : "NONE",
    "message" : " 482   17      194  -750.00     0.00  2025-0901  2025-0905 OPEN  MODET INSERT   241.00"
  }, {
    "id" : 0,
    "crudAction" : "NONE",
    "message" : "  36   17       35  -741.00     0.00  2025-0905  2025-0909 OPEN  MODET NONE  -500.00"
  }, {
    "id" : 0,
    "crudAction" : "NONE",
    "message" : "   0   17        0  1000.00     0.00       null  2025-0905 OPEN     PO INSERT   500.00"
  }, {
    "id" : 0,
    "crudAction" : "NONE",
    "message" : "  41   17       35  -741.00     0.00  2025-0905  2025-0909 OPEN  MODET NONE  -241.00"
  }, {
    "id" : 0,
    "crudAction" : "NONE",
    "message" : "   0   17        0  1000.00     0.00       null  2025-0905 OPEN     PO INSERT   759.00"
  }, {
    "id" : 0,
    "crudAction" : "NONE",
    "message" : "  44   17       35  -741.00     0.00  2025-0905  2025-0909 OPEN  MODET NONE    18.00"
  }, {
    "id" : 0,
    "crudAction" : "NONE",
    "message" : "  51   17       35  -741.00     0.00  2025-0905  2025-0909 OPEN  MODET NONE  -723.00"
  }, {
    "id" : 0,
    "crudAction" : "NONE",
    "message" : "   0   17        0  1000.00     0.00       null  2025-0905 OPEN     PO INSERT   277.00"
  }, {
    "id" : 0,
    "crudAction" : "NONE",
    "message" : "  54   17       35  -741.00     0.00  2025-0905  2025-0909 OPEN  MODET NONE  -464.00"
  }, {
    "id" : 0,
    "crudAction" : "NONE",
    "message" : "   0   17        0  1000.00     0.00       null  2025-0905 OPEN     PO INSERT   536.00"
  }, {
    "id" : 0,
    "crudAction" : "NONE",
    "message" : "  61   17       35  -741.00     0.00  2025-0905  2025-0909 OPEN  MODET NONE  -205.00"
  }, {
    "id" : 0,
    "crudAction" : "NONE",
    "message" : "   0   17        0  1000.00     0.00       null  2025-0905 OPEN     PO INSERT   795.00"
  }, {
    "id" : 0,
    "crudAction" : "NONE",
    "message" : "  68   17       35  -741.00     0.00  2025-0905  2025-0909 OPEN  MODET NONE    54.00"
  }, {
    "id" : 0,
    "crudAction" : "NONE",
    "message" : "  71   17       35  -741.00     0.00  2025-0905  2025-0909 OPEN  MODET NONE  -687.00"
  }, {
    "id" : 0,
    "crudAction" : "NONE",
    "message" : "   0   17        0  1000.00     0.00       null  2025-0905 OPEN     PO INSERT   313.00"
  }, {
    "id" : 0,
    "crudAction" : "NONE",
    "message" : "  74   17       35  -741.00     0.00  2025-0905  2025-0909 OPEN  MODET NONE  -428.00"
  }, {
    "id" : 0,
    "crudAction" : "NONE",
    "message" : "   0   17        0  1000.00     0.00       null  2025-0905 OPEN     PO INSERT   572.00"
  }, {
    "id" : 0,
    "crudAction" : "NONE",
    "message" : "  77   17       35  -741.00     0.00  2025-0905  2025-0909 OPEN  MODET NONE  -169.00"
  }, {
    "id" : 0,
    "crudAction" : "NONE",
    "message" : "   0   17        0  1000.00     0.00       null  2025-0905 OPEN     PO INSERT   831.00"
  }, {
    "id" : 0,
    "crudAction" : "NONE",
    "message" : "  80   17       35  -741.00     0.00  2025-0905  2025-0909 OPEN  MODET NONE    90.00"
  }, {
    "id" : 0,
    "crudAction" : "NONE",
    "message" : "  83   17       35  -741.00     0.00  2025-0905  2025-0909 OPEN  MODET NONE  -651.00"
  }, {
    "id" : 0,
    "crudAction" : "NONE",
    "message" : "   0   17        0  1000.00     0.00       null  2025-0905 OPEN     PO INSERT   349.00"
  }, {
    "id" : 0,
    "crudAction" : "NONE",
    "message" : "   5   17        4  -750.00     0.00  2025-0907  2025-0911 OPEN  MODET NONE  -401.00"
  }, {
    "id" : 0,
    "crudAction" : "NONE",
    "message" : "   0   17        0  1000.00     0.00       null  2025-0907 OPEN     PO INSERT   599.00"
  }, {
    "id" : 0,
    "crudAction" : "NONE",
    "message" : "  94   17        0  1000.00     0.00  2025-0930  2025-1005 OPEN     PO NONE  1599.00"
  }, {
    "id" : 0,
    "crudAction" : "NONE",
    "message" : "  95   17        0  1000.00     0.00  2025-0930  2025-1005 OPEN     PO NONE  2599.00"
  }, {
    "id" : 0,
    "crudAction" : "NONE",
    "message" : "  96   17        0  1000.00     0.00  2025-0930  2025-1005 OPEN     PO NONE  3599.00"
  }, {
    "id" : 0,
    "crudAction" : "NONE",
    "message" : "  97   17        0  1000.00     0.00  2025-0930  2025-1005 OPEN     PO NONE  4599.00"
  }, {
    "id" : 0,
    "crudAction" : "NONE",
    "message" : "  98   17        0  1000.00     0.00  2025-0930  2025-1005 OPEN     PO NONE  5599.00"
  }, {
    "id" : 0,
    "crudAction" : "NONE",
    "message" : "  99   17        0  1000.00     0.00  2025-0930  2025-1005 OPEN     PO NONE  6599.00"
  }, {
    "id" : 0,
    "crudAction" : "NONE",
    "message" : " 100   17        0  1000.00     0.00  2025-0930  2025-1005 OPEN     PO NONE  7599.00"
  }, {
    "id" : 0,
    "crudAction" : "NONE",
    "message" : "  12   17        0  1259.00     0.00  2025-1002  2025-1007 OPEN     PO NONE  8858.00"
  }, {
    "id" : 0,
    "crudAction" : "NONE",
    "message" : " 101   17        0  1401.00     0.00  2025-1002  2025-1007 OPEN     PO NONE 10259.00"
  }, {
    "id" : 0,
    "crudAction" : "NONE",
    "message" : "  38   17       37  -750.00     0.00  2025-1005  2025-1009 OPEN  MODET NONE  9509.00"
  }, {
    "id" : 0,
    "crudAction" : "NONE",
    "message" : "  42   17       37  -750.00     0.00  2025-1005  2025-1009 OPEN  MODET NONE  8759.00"
  }, {
    "id" : 0,
    "crudAction" : "NONE",
    "message" : "  45   17       37  -750.00     0.00  2025-1005  2025-1009 OPEN  MODET NONE  8009.00"
  }, {
    "id" : 0,
    "crudAction" : "NONE",
    "message" : "  52   17       37  -750.00     0.00  2025-1005  2025-1009 OPEN  MODET NONE  7259.00"
  }, {
    "id" : 0,
    "crudAction" : "NONE",
    "message" : "  55   17       37  -750.00     0.00  2025-1005  2025-1009 OPEN  MODET NONE  6509.00"
  }, {
    "id" : 0,
    "crudAction" : "NONE",
    "message" : "  62   17       37  -750.00     0.00  2025-1005  2025-1009 OPEN  MODET NONE  5759.00"
  }, {
    "id" : 0,
    "crudAction" : "NONE",
    "message" : "  69   17       37  -750.00     0.00  2025-1005  2025-1009 OPEN  MODET NONE  5009.00"
  }, {
    "id" : 0,
    "crudAction" : "NONE",
    "message" : "  72   17       37  -750.00     0.00  2025-1005  2025-1009 OPEN  MODET NONE  4259.00"
  }, {
    "id" : 0,
    "crudAction" : "NONE",
    "message" : "  75   17       37  -750.00     0.00  2025-1005  2025-1009 OPEN  MODET NONE  3509.00"
  }, {
    "id" : 0,
    "crudAction" : "NONE",
    "message" : "  78   17       37  -750.00     0.00  2025-1005  2025-1009 OPEN  MODET NONE  2759.00"
  }, {
    "id" : 0,
    "crudAction" : "NONE",
    "message" : "  81   17       37  -750.00     0.00  2025-1005  2025-1009 OPEN  MODET NONE  2009.00"
  }, {
    "id" : 0,
    "crudAction" : "NONE",
    "message" : "  84   17       37  -750.00     0.00  2025-1005  2025-1009 OPEN  MODET NONE  1259.00"
  }, {
    "id" : 0,
    "crudAction" : "NONE",
    "message" : "   7   17        6 -1500.00     0.00  2025-1007  2025-1011 OPEN  MODET NONE  -241.00"
  }, {
    "id" : 0,
    "crudAction" : "NONE",
    "message" : "   0   17        0  1000.00     0.00       null  2025-1007 OPEN     PO INSERT   759.00"
  }, {
    "id" : 0,
    "crudAction" : "NONE",
    "message" : " 102   17        0  1000.00     0.00  2025-1031  2025-1105 OPEN     PO NONE  1759.00"
  }, {
    "id" : 0,
    "crudAction" : "NONE",
    "message" : " 103   17        0  1000.00     0.00  2025-1031  2025-1105 OPEN     PO NONE  2759.00"
  }, {
    "id" : 0,
    "crudAction" : "NONE",
    "message" : " 104   17        0  1000.00     0.00  2025-1031  2025-1105 OPEN     PO NONE  3759.00"
  }, {
    "id" : 0,
    "crudAction" : "NONE",
    "message" : " 105   17        0  1000.00     0.00  2025-1031  2025-1105 OPEN     PO NONE  4759.00"
  }, {
    "id" : 0,
    "crudAction" : "NONE",
    "message" : " 106   17        0  1000.00     0.00  2025-1031  2025-1105 OPEN     PO NONE  5759.00"
  }, {
    "id" : 0,
    "crudAction" : "NONE",
    "message" : " 107   17        0  1000.00     0.00  2025-1031  2025-1105 OPEN     PO NONE  6759.00"
  }, {
    "id" : 0,
    "crudAction" : "NONE",
    "message" : "  13   17        0  2250.00     0.00  2025-1102  2025-1107 OPEN     PO NONE  9009.00"
  }, {
    "id" : 0,
    "crudAction" : "NONE",
    "message" : " 108   17        0  2250.00     0.00  2025-1102  2025-1107 OPEN     PO NONE 11259.00"
  }, {
    "id" : 0,
    "crudAction" : "NONE",
    "message" : "  40   17       39  -750.00     0.00  2025-1105  2025-1109 OPEN  MODET NONE 10509.00"
  }, {
    "id" : 0,
    "crudAction" : "NONE",
    "message" : "  43   17       39  -750.00     0.00  2025-1105  2025-1109 OPEN  MODET NONE  9759.00"
  }, {
    "id" : 0,
    "crudAction" : "NONE",
    "message" : "  46   17       39  -750.00     0.00  2025-1105  2025-1109 OPEN  MODET NONE  9009.00"
  }, {
    "id" : 0,
    "crudAction" : "NONE",
    "message" : "  53   17       39  -750.00     0.00  2025-1105  2025-1109 OPEN  MODET NONE  8259.00"
  }, {
    "id" : 0,
    "crudAction" : "NONE",
    "message" : "  56   17       39  -750.00     0.00  2025-1105  2025-1109 OPEN  MODET NONE  7509.00"
  }, {
    "id" : 0,
    "crudAction" : "NONE",
    "message" : "  63   17       39  -750.00     0.00  2025-1105  2025-1109 OPEN  MODET NONE  6759.00"
  }, {
    "id" : 0,
    "crudAction" : "NONE",
    "message" : "  70   17       39  -750.00     0.00  2025-1105  2025-1109 OPEN  MODET NONE  6009.00"
  }, {
    "id" : 0,
    "crudAction" : "NONE",
    "message" : "  73   17       39  -750.00     0.00  2025-1105  2025-1109 OPEN  MODET NONE  5259.00"
  }, {
    "id" : 0,
    "crudAction" : "NONE",
    "message" : "  76   17       39  -750.00     0.00  2025-1105  2025-1109 OPEN  MODET NONE  4509.00"
  }, {
    "id" : 0,
    "crudAction" : "NONE",
    "message" : "  79   17       39  -750.00     0.00  2025-1105  2025-1109 OPEN  MODET NONE  3759.00"
  }, {
    "id" : 0,
    "crudAction" : "NONE",
    "message" : "  82   17       39  -750.00     0.00  2025-1105  2025-1109 OPEN  MODET NONE  3009.00"
  }, {
    "id" : 0,
    "crudAction" : "NONE",
    "message" : "  85   17       39  -750.00     0.00  2025-1105  2025-1109 OPEN  MODET NONE  2259.00"
  }, {
    "id" : 0,
    "crudAction" : "NONE",
    "message" : "   9   17        8 -2250.00     0.00  2025-1107  2025-1111 OPEN  MODET NONE     9.00"
  }, {
    "id" : 0,
    "crudAction" : "NONE",
    "message" : "  14   17        0  1000.00     0.00  2025-1202  2025-1207 OPEN     PO NONE  1009.00"
  }, {
    "id" : 0,
    "crudAction" : "NONE",
    "message" : "  11   17       10   -75.00     0.00  2025-1207  2025-1211 OPEN  MODET NONE   934.00"
  } ]
}