{
  "responseType" : "MULTILINE",
  "errors" : [ ],
  "data" : [ {
    "id" : 0,
    "activityState" : "NONE",
    "message" : "Inventory Analysis for 0001: W-001,36 In Red Wagon     0.00 MAN   0   2     5.00     1.00"
  }, {
    "id" : 0,
    "activityState" : "NONE",
    "message" : "Opening Balance of 5.0 and there are 1 open orders"
  }, {
    "id" : 0,
    "activityState" : "NONE",
    "message" : "  Id Item ParentId  Ordered Assigned      Start   Complete Stat   Type Acti  Balance"
  }, {
    "id" : 0,
    "activityState" : "NONE",
    "message" : "  31    1        0   500.00     0.00  2025-0913  2025-0915 OPEN MOHEAD NONE   505.00"
  }, {
    "id" : 0,
    "activityState" : "NONE",
    "message" : "Inventory Analysis for 0002: W-002,Red Wagon Body     0.00 MAN   1  10     0.00     1.00"
  }, {
    "id" : 0,
    "activityState" : "NONE",
    "message" : "Opening Balance of 0.0 and there are 1 open orders"
  }, {
    "id" : 0,
    "activityState" : "NONE",
    "message" : "  Id Item ParentId  Ordered Assigned      Start   Complete Stat   Type Acti  Balance"
  }, {
    "id" : 0,
    "activityState" : "NONE",
    "message" : "  32    2       31  -500.00     0.00  2025-0913  2025-0915 OPEN  MODET NONE  -500.00"
  }, {
    "id" : 0,
    "activityState" : "NONE",
    "message" : "  32    2       31   500.00     0.00       null  2025-0913 OPEN MOHEAD INSERT"
  }, {
    "id" : 0,
    "activityState" : "NONE",
    "message" : "Inventory Analysis for 0003: W-003,Front Wheel Asmbly     0.00 MAN   1   1     0.00     1.00"
  }, {
    "id" : 0,
    "activityState" : "NONE",
    "message" : "Opening Balance of 0.0 and there are 5 open orders"
  }, {
    "id" : 0,
    "activityState" : "NONE",
    "message" : "  Id Item ParentId  Ordered Assigned      Start   Complete Stat   Type Acti  Balance"
  }, {
    "id" : 0,
    "activityState" : "NONE",
    "message" : "  11    3        0   500.00     0.00  2025-0914  2025-0915 OPEN MOHEAD NONE   500.00"
  }, {
    "id" : 0,
    "activityState" : "NONE",
    "message" : "  33    3       31  -500.00     0.00  2025-0913  2025-0915 OPEN  MODET NONE     0.00"
  }, {
    "id" : 0,
    "activityState" : "NONE",
    "message" : "  16    3        0  1000.00     0.00  2025-1014  2025-1015 OPEN MOHEAD NONE  1000.00"
  }, {
    "id" : 0,
    "activityState" : "NONE",
    "message" : "  21    3        0  1500.00     0.00  2025-1114  2025-1115 OPEN MOHEAD NONE  2500.00"
  }, {
    "id" : 0,
    "activityState" : "NONE",
    "message" : "  26    3        0    50.00     0.00  2025-1214  2025-1215 OPEN MOHEAD NONE  2550.00"
  }, {
    "id" : 0,
    "activityState" : "NONE",
    "message" : "Inventory Analysis for 0004: W-004,Rear Wheel Asmbly     0.00 MAN   1   1     0.00     1.00"
  }, {
    "id" : 0,
    "activityState" : "NONE",
    "message" : "Opening Balance of 0.0 and there are 1 open orders"
  }, {
    "id" : 0,
    "activityState" : "NONE",
    "message" : "  Id Item ParentId  Ordered Assigned      Start   Complete Stat   Type Acti  Balance"
  }, {
    "id" : 0,
    "activityState" : "NONE",
    "message" : "  34    4       31  -500.00     0.00  2025-0913  2025-0915 OPEN  MODET NONE  -500.00"
  }, {
    "id" : 0,
    "activityState" : "NONE",
    "message" : "  34    4       31   500.00     0.00       null  2025-0913 OPEN MOHEAD INSERT"
  }, {
    "id" : 0,
    "activityState" : "NONE",
    "message" : "Inventory Analysis for 0006: W-006,Decal     0.25 PUR   1   5     0.00     1.00"
  }, {
    "id" : 0,
    "activityState" : "NONE",
    "message" : "Opening Balance of 0.0 and there are 1 open orders"
  }, {
    "id" : 0,
    "activityState" : "NONE",
    "message" : "  Id Item ParentId  Ordered Assigned      Start   Complete Stat   Type Acti  Balance"
  }, {
    "id" : 0,
    "activityState" : "NONE",
    "message" : "  35    6       31 -1000.00     0.00  2025-0913  2025-0915 OPEN  MODET NONE -1000.00"
  }, {
    "id" : 0,
    "activityState" : "NONE",
    "message" : "  35    6       31  1000.00     0.00       null  2025-0913 OPEN     PO INSERT"
  }, {
    "id" : 0,
    "activityState" : "NONE",
    "message" : "Inventory Analysis for 0008: W-008,Threaded bolt     0.60 PUR   1   5     0.00   500.00"
  }, {
    "id" : 0,
    "activityState" : "NONE",
    "message" : "Opening Balance of 0.0 and there are 1 open orders"
  }, {
    "id" : 0,
    "activityState" : "NONE",
    "message" : "  Id Item ParentId  Ordered Assigned      Start   Complete Stat   Type Acti  Balance"
  }, {
    "id" : 0,
    "activityState" : "NONE",
    "message" : "  37    8       31 -2000.00     0.00  2025-0913  2025-0915 OPEN  MODET NONE -2000.00"
  }, {
    "id" : 0,
    "activityState" : "NONE",
    "message" : "  37    8       31  2000.00     0.00       null  2025-0913 OPEN     PO INSERT"
  }, {
    "id" : 0,
    "activityState" : "NONE",
    "message" : "Inventory Analysis for 0005: W-005,Axle     0.00 MAN   2   4     0.00     1.00"
  }, {
    "id" : 0,
    "activityState" : "NONE",
    "message" : "Opening Balance of 0.0 and there are 12 open orders"
  }, {
    "id" : 0,
    "activityState" : "NONE",
    "message" : "  Id Item ParentId  Ordered Assigned      Start   Complete Stat   Type Acti  Balance"
  }, {
    "id" : 0,
    "activityState" : "NONE",
    "message" : "   1    5        0     6.00     0.00  2025-0901  2025-0913 OPEN MOHEAD NONE     6.00"
  }, {
    "id" : 0,
    "activityState" : "NONE",
    "message" : "  45    5       34  -500.00     0.00  2025-0912  2025-0913 OPEN  MODET NONE  -494.00"
  }, {
    "id" : 0,
    "activityState" : "NONE",
    "message" : "  45    5       34   494.00     0.00       null  2025-0912 OPEN MOHEAD INSERT"
  }, {
    "id" : 0,
    "activityState" : "NONE",
    "message" : "  54    5       34  -500.00     0.00  2025-0912  2025-0913 OPEN  MODET NONE  -500.00"
  }, {
    "id" : 0,
    "activityState" : "NONE",
    "message" : "  54    5       34   500.00     0.00       null  2025-0912 OPEN MOHEAD INSERT"
  }, {
    "id" : 0,
    "activityState" : "NONE",
    "message" : "  63    5       34  -500.00     0.00  2025-0912  2025-0913 OPEN  MODET NONE  -500.00"
  }, {
    "id" : 0,
    "activityState" : "NONE",
    "message" : "  63    5       34   500.00     0.00       null  2025-0912 OPEN MOHEAD INSERT"
  }, {
    "id" : 0,
    "activityState" : "NONE",
    "message" : "   3    5        0   500.00     0.00  2025-0911  2025-0915 OPEN MOHEAD NONE   500.00"
  }, {
    "id" : 0,
    "activityState" : "NONE",
    "message" : "  12    5       11  -500.00     0.00  2025-0914  2025-0915 OPEN  MODET NONE     0.00"
  }, {
    "id" : 0,
    "activityState" : "NONE",
    "message" : "   5    5        0  1000.00     0.00  2025-1011  2025-1015 OPEN MOHEAD NONE  1000.00"
  }, {
    "id" : 0,
    "activityState" : "NONE",
    "message" : "  17    5       16 -1000.00     0.00  2025-1014  2025-1015 OPEN  MODET NONE     0.00"
  }, {
    "id" : 0,
    "activityState" : "NONE",
    "message" : "   7    5        0  1500.00     0.00  2025-1111  2025-1115 OPEN MOHEAD NONE  1500.00"
  }, {
    "id" : 0,
    "activityState" : "NONE",
    "message" : "  22    5       21 -1500.00     0.00  2025-1114  2025-1115 OPEN  MODET NONE     0.00"
  }, {
    "id" : 0,
    "activityState" : "NONE",
    "message" : "   9    5        0    50.00     0.00  2025-1211  2025-1215 OPEN MOHEAD NONE    50.00"
  }, {
    "id" : 0,
    "activityState" : "NONE",
    "message" : "  27    5       26   -50.00     0.00  2025-1214  2025-1215 OPEN  MODET NONE     0.00"
  }, {
    "id" : 0,
    "activityState" : "NONE",
    "message" : "Inventory Analysis for 0007: W-007,Washer     0.21 PUR   2   5     0.00  1000.00"
  }, {
    "id" : 0,
    "activityState" : "NONE",
    "message" : "Opening Balance of 0.0 and there are 5 open orders"
  }, {
    "id" : 0,
    "activityState" : "NONE",
    "message" : "  Id Item ParentId  Ordered Assigned      Start   Complete Stat   Type Acti  Balance"
  }, {
    "id" : 0,
    "activityState" : "NONE",
    "message" : "  46    7       34 -1000.00     0.00  2025-0912  2025-0913 OPEN  MODET NONE -1000.00"
  }, {
    "id" : 0,
    "activityState" : "NONE",
    "message" : "  46    7       34  1000.00     0.00       null  2025-0912 OPEN     PO INSERT"
  }, {
    "id" : 0,
    "activityState" : "NONE",
    "message" : "  55    7       34 -1000.00     0.00  2025-0912  2025-0913 OPEN  MODET NONE -1000.00"
  }, {
    "id" : 0,
    "activityState" : "NONE",
    "message" : "  55    7       34  1000.00     0.00       null  2025-0912 OPEN     PO INSERT"
  }, {
    "id" : 0,
    "activityState" : "NONE",
    "message" : "  64    7       34 -1000.00     0.00  2025-0912  2025-0913 OPEN  MODET NONE -1000.00"
  }, {
    "id" : 0,
    "activityState" : "NONE",
    "message" : "  64    7       34  1000.00     0.00       null  2025-0912 OPEN     PO INSERT"
  }, {
    "id" : 0,
    "activityState" : "NONE",
    "message" : "  73    7       34 -1000.00     0.00  2025-0912  2025-0913 OPEN  MODET NONE -1000.00"
  }, {
    "id" : 0,
    "activityState" : "NONE",
    "message" : "  73    7       34  1000.00     0.00       null  2025-0912 OPEN     PO INSERT"
  }, {
    "id" : 0,
    "activityState" : "NONE",
    "message" : "  36    7       31 -4000.00     0.00  2025-0913  2025-0915 OPEN  MODET NONE -4000.00"
  }, {
    "id" : 0,
    "activityState" : "NONE",
    "message" : "  36    7       31  4000.00     0.00       null  2025-0913 OPEN     PO INSERT"
  }, {
    "id" : 0,
    "activityState" : "NONE",
    "message" : "Inventory Analysis for 0009: W-009,Nut     0.17 PUR   2   6     0.00   500.00"
  }, {
    "id" : 0,
    "activityState" : "NONE",
    "message" : "Opening Balance of 0.0 and there are 10 open orders"
  }, {
    "id" : 0,
    "activityState" : "NONE",
    "message" : "  Id Item ParentId  Ordered Assigned      Start   Complete Stat   Type Acti  Balance"
  }, {
    "id" : 0,
    "activityState" : "NONE",
    "message" : "  47    9       34 -1000.00     0.00  2025-0912  2025-0913 OPEN  MODET NONE -1000.00"
  }, {
    "id" : 0,
    "activityState" : "NONE",
    "message" : "  47    9       34  1000.00     0.00       null  2025-0912 OPEN     PO INSERT"
  }, {
    "id" : 0,
    "activityState" : "NONE",
    "message" : "  56    9       34 -1000.00     0.00  2025-0912  2025-0913 OPEN  MODET NONE -1000.00"
  }, {
    "id" : 0,
    "activityState" : "NONE",
    "message" : "  56    9       34  1000.00     0.00       null  2025-0912 OPEN     PO INSERT"
  }, {
    "id" : 0,
    "activityState" : "NONE",
    "message" : "  65    9       34 -1000.00     0.00  2025-0912  2025-0913 OPEN  MODET NONE -1000.00"
  }, {
    "id" : 0,
    "activityState" : "NONE",
    "message" : "  65    9       34  1000.00     0.00       null  2025-0912 OPEN     PO INSERT"
  }, {
    "id" : 0,
    "activityState" : "NONE",
    "message" : "  74    9       34 -1000.00     0.00  2025-0912  2025-0913 OPEN  MODET NONE -1000.00"
  }, {
    "id" : 0,
    "activityState" : "NONE",
    "message" : "  74    9       34  1000.00     0.00       null  2025-0912 OPEN     PO INSERT"
  }, {
    "id" : 0,
    "activityState" : "NONE",
    "message" : "  86    9       34 -1000.00     0.00  2025-0912  2025-0913 OPEN  MODET NONE -1000.00"
  }, {
    "id" : 0,
    "activityState" : "NONE",
    "message" : "  86    9       34  1000.00     0.00       null  2025-0912 OPEN     PO INSERT"
  }, {
    "id" : 0,
    "activityState" : "NONE",
    "message" : "  13    9       11  1000.00     0.00  2025-0908  2025-0914 OPEN     PO NONE  1000.00"
  }, {
    "id" : 0,
    "activityState" : "NONE",
    "message" : "  38    9       31 -2000.00     0.00  2025-0913  2025-0915 OPEN  MODET NONE -1000.00"
  }, {
    "id" : 0,
    "activityState" : "NONE",
    "message" : "  38    9       31  1000.00     0.00       null  2025-0913 OPEN     PO INSERT"
  }, {
    "id" : 0,
    "activityState" : "NONE",
    "message" : "  18    9       16  2000.00     0.00  2025-1008  2025-1014 OPEN     PO NONE  2000.00"
  }, {
    "id" : 0,
    "activityState" : "NONE",
    "message" : "  23    9       21  3000.00     0.00  2025-1108  2025-1114 OPEN     PO NONE  5000.00"
  }, {
    "id" : 0,
    "activityState" : "NONE",
    "message" : "  28    9       26   500.00     0.00  2025-1208  2025-1214 OPEN     PO NONE  5500.00"
  }, {
    "id" : 0,
    "activityState" : "NONE",
    "message" : "Inventory Analysis for 0010: W-010,8 In Wheel     0.17 PUR   2  10     0.00   120.00"
  }, {
    "id" : 0,
    "activityState" : "NONE",
    "message" : "Opening Balance of 0.0 and there are 6 open orders"
  }, {
    "id" : 0,
    "activityState" : "NONE",
    "message" : "  Id Item ParentId  Ordered Assigned      Start   Complete Stat   Type Acti  Balance"
  }, {
    "id" : 0,
    "activityState" : "NONE",
    "message" : "  48   10       34 -1000.00     0.00  2025-0912  2025-0913 OPEN  MODET NONE -1000.00"
  }, {
    "id" : 0,
    "activityState" : "NONE",
    "message" : "  48   10       34  1000.00     0.00       null  2025-0912 OPEN     PO INSERT"
  }, {
    "id" : 0,
    "activityState" : "NONE",
    "message" : "  57   10       34 -1000.00     0.00  2025-0912  2025-0913 OPEN  MODET NONE -1000.00"
  }, {
    "id" : 0,
    "activityState" : "NONE",
    "message" : "  57   10       34  1000.00     0.00       null  2025-0912 OPEN     PO INSERT"
  }, {
    "id" : 0,
    "activityState" : "NONE",
    "message" : "  66   10       34 -1000.00     0.00  2025-0912  2025-0913 OPEN  MODET NONE -1000.00"
  }, {
    "id" : 0,
    "activityState" : "NONE",
    "message" : "  66   10       34  1000.00     0.00       null  2025-0912 OPEN     PO INSERT"
  }, {
    "id" : 0,
    "activityState" : "NONE",
    "message" : "  75   10       34 -1000.00     0.00  2025-0912  2025-0913 OPEN  MODET NONE -1000.00"
  }, {
    "id" : 0,
    "activityState" : "NONE",
    "message" : "  75   10       34  1000.00     0.00       null  2025-0912 OPEN     PO INSERT"
  }, {
    "id" : 0,
    "activityState" : "NONE",
    "message" : "  87   10       34 -1000.00     0.00  2025-0912  2025-0913 OPEN  MODET NONE -1000.00"
  }, {
    "id" : 0,
    "activityState" : "NONE",
    "message" : "  87   10       34  1000.00     0.00       null  2025-0912 OPEN     PO INSERT"
  }, {
    "id" : 0,
    "activityState" : "NONE",
    "message" : "  99   10       34 -1000.00     0.00  2025-0912  2025-0913 OPEN  MODET NONE -1000.00"
  }, {
    "id" : 0,
    "activityState" : "NONE",
    "message" : "  99   10       34  1000.00     0.00       null  2025-0912 OPEN     PO INSERT"
  }, {
    "id" : 0,
    "activityState" : "NONE",
    "message" : "Inventory Analysis for 0011: W-011,Front Wheel Bracket     0.95 PUR   2   2     0.00    50.00"
  }, {
    "id" : 0,
    "activityState" : "NONE",
    "message" : "Opening Balance of 0.0 and there are 4 open orders"
  }, {
    "id" : 0,
    "activityState" : "NONE",
    "message" : "  Id Item ParentId  Ordered Assigned      Start   Complete Stat   Type Acti  Balance"
  }, {
    "id" : 0,
    "activityState" : "NONE",
    "message" : "  14   11       11  1000.00     0.00  2025-0912  2025-0914 OPEN     PO NONE  1000.00"
  }, {
    "id" : 0,
    "activityState" : "NONE",
    "message" : "  19   11       16  2000.00     0.00  2025-1012  2025-1014 OPEN     PO NONE  3000.00"
  }, {
    "id" : 0,
    "activityState" : "NONE",
    "message" : "  24   11       21  3000.00     0.00  2025-1112  2025-1114 OPEN     PO NONE  6000.00"
  }, {
    "id" : 0,
    "activityState" : "NONE",
    "message" : "  29   11       26   100.00     0.00  2025-1212  2025-1214 OPEN     PO NONE  6100.00"
  }, {
    "id" : 0,
    "activityState" : "NONE",
    "message" : "Inventory Analysis for 0012: W-012,Yoke     0.17 PUR   2  10     0.00    50.00"
  }, {
    "id" : 0,
    "activityState" : "NONE",
    "message" : "Opening Balance of 0.0 and there are 4 open orders"
  }, {
    "id" : 0,
    "activityState" : "NONE",
    "message" : "  Id Item ParentId  Ordered Assigned      Start   Complete Stat   Type Acti  Balance"
  }, {
    "id" : 0,
    "activityState" : "NONE",
    "message" : "  15   12       11  1000.00     0.00  2025-0904  2025-0914 OPEN     PO NONE  1000.00"
  }, {
    "id" : 0,
    "activityState" : "NONE",
    "message" : "  20   12       16  2000.00     0.00  2025-1004  2025-1014 OPEN     PO NONE  3000.00"
  }, {
    "id" : 0,
    "activityState" : "NONE",
    "message" : "  25   12       21  3000.00     0.00  2025-1104  2025-1114 OPEN     PO NONE  6000.00"
  }, {
    "id" : 0,
    "activityState" : "NONE",
    "message" : "  30   12       26   100.00     0.00  2025-1204  2025-1214 OPEN     PO NONE  6100.00"
  }, {
    "id" : 0,
    "activityState" : "NONE",
    "message" : "Inventory Analysis for 0013: W-013,Wagon Body     2.25 PUR   2  20     0.00   100.00"
  }, {
    "id" : 0,
    "activityState" : "NONE",
    "message" : "Opening Balance of 0.0 and there are 11 open orders"
  }, {
    "id" : 0,
    "activityState" : "NONE",
    "message" : "  Id Item ParentId  Ordered Assigned      Start   Complete Stat   Type Acti  Balance"
  }, {
    "id" : 0,
    "activityState" : "NONE",
    "message" : "  39   13       32  -500.00     0.00  2025-0903  2025-0913 OPEN  MODET NONE  -500.00"
  }, {
    "id" : 0,
    "activityState" : "NONE",
    "message" : "  39   13       32   500.00     0.00       null  2025-0903 OPEN     PO INSERT"
  }, {
    "id" : 0,
    "activityState" : "NONE",
    "message" : "  41   13       32  -500.00     0.00  2025-0903  2025-0913 OPEN  MODET NONE  -500.00"
  }, {
    "id" : 0,
    "activityState" : "NONE",
    "message" : "  41   13       32   500.00     0.00       null  2025-0903 OPEN     PO INSERT"
  }, {
    "id" : 0,
    "activityState" : "NONE",
    "message" : "  43   13       32  -500.00     0.00  2025-0903  2025-0913 OPEN  MODET NONE  -500.00"
  }, {
    "id" : 0,
    "activityState" : "NONE",
    "message" : "  43   13       32   500.00     0.00       null  2025-0903 OPEN     PO INSERT"
  }, {
    "id" : 0,
    "activityState" : "NONE",
    "message" : "  52   13       32  -500.00     0.00  2025-0903  2025-0913 OPEN  MODET NONE  -500.00"
  }, {
    "id" : 0,
    "activityState" : "NONE",
    "message" : "  52   13       32   500.00     0.00       null  2025-0903 OPEN     PO INSERT"
  }, {
    "id" : 0,
    "activityState" : "NONE",
    "message" : "  61   13       32  -500.00     0.00  2025-0903  2025-0913 OPEN  MODET NONE  -500.00"
  }, {
    "id" : 0,
    "activityState" : "NONE",
    "message" : "  61   13       32   500.00     0.00       null  2025-0903 OPEN     PO INSERT"
  }, {
    "id" : 0,
    "activityState" : "NONE",
    "message" : "  70   13       32  -500.00     0.00  2025-0903  2025-0913 OPEN  MODET NONE  -500.00"
  }, {
    "id" : 0,
    "activityState" : "NONE",
    "message" : "  70   13       32   500.00     0.00       null  2025-0903 OPEN     PO INSERT"
  }, {
    "id" : 0,
    "activityState" : "NONE",
    "message" : "  82   13       32  -500.00     0.00  2025-0903  2025-0913 OPEN  MODET NONE  -500.00"
  }, {
    "id" : 0,
    "activityState" : "NONE",
    "message" : "  82   13       32   500.00     0.00       null  2025-0903 OPEN     PO INSERT"
  }, {
    "id" : 0,
    "activityState" : "NONE",
    "message" : "  94   13       32  -500.00     0.00  2025-0903  2025-0913 OPEN  MODET NONE  -500.00"
  }, {
    "id" : 0,
    "activityState" : "NONE",
    "message" : "  94   13       32   500.00     0.00       null  2025-0903 OPEN     PO INSERT"
  }, {
    "id" : 0,
    "activityState" : "NONE",
    "message" : " 106   13       32  -500.00     0.00  2025-0903  2025-0913 OPEN  MODET NONE  -500.00"
  }, {
    "id" : 0,
    "activityState" : "NONE",
    "message" : " 106   13       32   500.00     0.00       null  2025-0903 OPEN     PO INSERT"
  }, {
    "id" : 0,
    "activityState" : "NONE",
    "message" : " 118   13       32  -500.00     0.00  2025-0903  2025-0913 OPEN  MODET NONE  -500.00"
  }, {
    "id" : 0,
    "activityState" : "NONE",
    "message" : " 118   13       32   500.00     0.00       null  2025-0903 OPEN     PO INSERT"
  }, {
    "id" : 0,
    "activityState" : "NONE",
    "message" : " 130   13       32  -500.00     0.00  2025-0903  2025-0913 OPEN  MODET NONE  -500.00"
  }, {
    "id" : 0,
    "activityState" : "NONE",
    "message" : " 130   13       32   500.00     0.00       null  2025-0903 OPEN     PO INSERT"
  }, {
    "id" : 0,
    "activityState" : "NONE",
    "message" : "Inventory Analysis for 0014: W-014,Red Paint    20.00 PUR   2   5     0.00     4.00"
  }, {
    "id" : 0,
    "activityState" : "NONE",
    "message" : "Opening Balance of 0.0 and there are 12 open orders"
  }, {
    "id" : 0,
    "activityState" : "NONE",
    "message" : "  Id Item ParentId  Ordered Assigned      Start   Complete Stat   Type Acti  Balance"
  }, {
    "id" : 0,
    "activityState" : "NONE",
    "message" : "  40   14       32  -125.00     0.00  2025-0903  2025-0913 OPEN  MODET NONE  -125.00"
  }, {
    "id" : 0,
    "activityState" : "NONE",
    "message" : "  40   14       32   125.00     0.00       null  2025-0903 OPEN     PO INSERT"
  }, {
    "id" : 0,
    "activityState" : "NONE",
    "message" : "  42   14       32  -125.00     0.00  2025-0903  2025-0913 OPEN  MODET NONE  -125.00"
  }, {
    "id" : 0,
    "activityState" : "NONE",
    "message" : "  42   14       32   125.00     0.00       null  2025-0903 OPEN     PO INSERT"
  }, {
    "id" : 0,
    "activityState" : "NONE",
    "message" : "  44   14       32  -125.00     0.00  2025-0903  2025-0913 OPEN  MODET NONE  -125.00"
  }, {
    "id" : 0,
    "activityState" : "NONE",
    "message" : "  44   14       32   125.00     0.00       null  2025-0903 OPEN     PO INSERT"
  }, {
    "id" : 0,
    "activityState" : "NONE",
    "message" : "  53   14       32  -125.00     0.00  2025-0903  2025-0913 OPEN  MODET NONE  -125.00"
  }, {
    "id" : 0,
    "activityState" : "NONE",
    "message" : "  53   14       32   125.00     0.00       null  2025-0903 OPEN     PO INSERT"
  }, {
    "id" : 0,
    "activityState" : "NONE",
    "message" : "  62   14       32  -125.00     0.00  2025-0903  2025-0913 OPEN  MODET NONE  -125.00"
  }, {
    "id" : 0,
    "activityState" : "NONE",
    "message" : "  62   14       32   125.00     0.00       null  2025-0903 OPEN     PO INSERT"
  }, {
    "id" : 0,
    "activityState" : "NONE",
    "message" : "  71   14       32  -125.00     0.00  2025-0903  2025-0913 OPEN  MODET NONE  -125.00"
  }, {
    "id" : 0,
    "activityState" : "NONE",
    "message" : "  71   14       32   125.00     0.00       null  2025-0903 OPEN     PO INSERT"
  }, {
    "id" : 0,
    "activityState" : "NONE",
    "message" : "  83   14       32  -125.00     0.00  2025-0903  2025-0913 OPEN  MODET NONE  -125.00"
  }, {
    "id" : 0,
    "activityState" : "NONE",
    "message" : "  83   14       32   125.00     0.00       null  2025-0903 OPEN     PO INSERT"
  }, {
    "id" : 0,
    "activityState" : "NONE",
    "message" : "  95   14       32  -125.00     0.00  2025-0903  2025-0913 OPEN  MODET NONE  -125.00"
  }, {
    "id" : 0,
    "activityState" : "NONE",
    "message" : "  95   14       32   125.00     0.00       null  2025-0903 OPEN     PO INSERT"
  }, {
    "id" : 0,
    "activityState" : "NONE",
    "message" : " 107   14       32  -125.00     0.00  2025-0903  2025-0913 OPEN  MODET NONE  -125.00"
  }, {
    "id" : 0,
    "activityState" : "NONE",
    "message" : " 107   14       32   125.00     0.00       null  2025-0903 OPEN     PO INSERT"
  }, {
    "id" : 0,
    "activityState" : "NONE",
    "message" : " 119   14       32  -125.00     0.00  2025-0903  2025-0913 OPEN  MODET NONE  -125.00"
  }, {
    "id" : 0,
    "activityState" : "NONE",
    "message" : " 119   14       32   125.00     0.00       null  2025-0903 OPEN     PO INSERT"
  }, {
    "id" : 0,
    "activityState" : "NONE",
    "message" : " 131   14       32  -125.00     0.00  2025-0903  2025-0913 OPEN  MODET NONE  -125.00"
  }, {
    "id" : 0,
    "activityState" : "NONE",
    "message" : " 131   14       32   125.00     0.00       null  2025-0903 OPEN     PO INSERT"
  }, {
    "id" : 0,
    "activityState" : "NONE",
    "message" : " 143   14       32  -125.00     0.00  2025-0903  2025-0913 OPEN  MODET NONE  -125.00"
  }, {
    "id" : 0,
    "activityState" : "NONE",
    "message" : " 143   14       32   125.00     0.00       null  2025-0903 OPEN     PO INSERT"
  }, {
    "id" : 0,
    "activityState" : "NONE",
    "message" : "Inventory Analysis for 0015: W-015,Rear Wheel bracket     1.00 PUR   2   4     0.00    50.00"
  }, {
    "id" : 0,
    "activityState" : "NONE",
    "message" : "Opening Balance of 0.0 and there are 11 open orders"
  }, {
    "id" : 0,
    "activityState" : "NONE",
    "message" : "  Id Item ParentId  Ordered Assigned      Start   Complete Stat   Type Acti  Balance"
  }, {
    "id" : 0,
    "activityState" : "NONE",
    "message" : "  49   15       34  -500.00     0.00  2025-0912  2025-0913 OPEN  MODET NONE  -500.00"
  }, {
    "id" : 0,
    "activityState" : "NONE",
    "message" : "  49   15       34   500.00     0.00       null  2025-0912 OPEN     PO INSERT"
  }, {
    "id" : 0,
    "activityState" : "NONE",
    "message" : "  58   15       34  -500.00     0.00  2025-0912  2025-0913 OPEN  MODET NONE  -500.00"
  }, {
    "id" : 0,
    "activityState" : "NONE",
    "message" : "  58   15       34   500.00     0.00       null  2025-0912 OPEN     PO INSERT"
  }, {
    "id" : 0,
    "activityState" : "NONE",
    "message" : "  67   15       34  -500.00     0.00  2025-0912  2025-0913 OPEN  MODET NONE  -500.00"
  }, {
    "id" : 0,
    "activityState" : "NONE",
    "message" : "  67   15       34   500.00     0.00       null  2025-0912 OPEN     PO INSERT"
  }, {
    "id" : 0,
    "activityState" : "NONE",
    "message" : "  76   15       34  -500.00     0.00  2025-0912  2025-0913 OPEN  MODET NONE  -500.00"
  }, {
    "id" : 0,
    "activityState" : "NONE",
    "message" : "  76   15       34   500.00     0.00       null  2025-0912 OPEN     PO INSERT"
  }, {
    "id" : 0,
    "activityState" : "NONE",
    "message" : "  88   15       34  -500.00     0.00  2025-0912  2025-0913 OPEN  MODET NONE  -500.00"
  }, {
    "id" : 0,
    "activityState" : "NONE",
    "message" : "  88   15       34   500.00     0.00       null  2025-0912 OPEN     PO INSERT"
  }, {
    "id" : 0,
    "activityState" : "NONE",
    "message" : " 100   15       34  -500.00     0.00  2025-0912  2025-0913 OPEN  MODET NONE  -500.00"
  }, {
    "id" : 0,
    "activityState" : "NONE",
    "message" : " 100   15       34   500.00     0.00       null  2025-0912 OPEN     PO INSERT"
  }, {
    "id" : 0,
    "activityState" : "NONE",
    "message" : " 112   15       34  -500.00     0.00  2025-0912  2025-0913 OPEN  MODET NONE  -500.00"
  }, {
    "id" : 0,
    "activityState" : "NONE",
    "message" : " 112   15       34   500.00     0.00       null  2025-0912 OPEN     PO INSERT"
  }, {
    "id" : 0,
    "activityState" : "NONE",
    "message" : " 124   15       34  -500.00     0.00  2025-0912  2025-0913 OPEN  MODET NONE  -500.00"
  }, {
    "id" : 0,
    "activityState" : "NONE",
    "message" : " 124   15       34   500.00     0.00       null  2025-0912 OPEN     PO INSERT"
  }, {
    "id" : 0,
    "activityState" : "NONE",
    "message" : " 136   15       34  -500.00     0.00  2025-0912  2025-0913 OPEN  MODET NONE  -500.00"
  }, {
    "id" : 0,
    "activityState" : "NONE",
    "message" : " 136   15       34   500.00     0.00       null  2025-0912 OPEN     PO INSERT"
  }, {
    "id" : 0,
    "activityState" : "NONE",
    "message" : " 148   15       34  -500.00     0.00  2025-0912  2025-0913 OPEN  MODET NONE  -500.00"
  }, {
    "id" : 0,
    "activityState" : "NONE",
    "message" : " 148   15       34   500.00     0.00       null  2025-0912 OPEN     PO INSERT"
  }, {
    "id" : 0,
    "activityState" : "NONE",
    "message" : " 160   15       34  -500.00     0.00  2025-0912  2025-0913 OPEN  MODET NONE  -500.00"
  }, {
    "id" : 0,
    "activityState" : "NONE",
    "message" : " 160   15       34   500.00     0.00       null  2025-0912 OPEN     PO INSERT"
  }, {
    "id" : 0,
    "activityState" : "NONE",
    "message" : "Inventory Analysis for 0016: W-016,Axle Bracket Brace     0.75 PUR   2   6     0.00    50.00"
  }, {
    "id" : 0,
    "activityState" : "NONE",
    "message" : "Opening Balance of 0.0 and there are 12 open orders"
  }, {
    "id" : 0,
    "activityState" : "NONE",
    "message" : "  Id Item ParentId  Ordered Assigned      Start   Complete Stat   Type Acti  Balance"
  }, {
    "id" : 0,
    "activityState" : "NONE",
    "message" : "  50   16       34  -500.00     0.00  2025-0912  2025-0913 OPEN  MODET NONE  -500.00"
  }, {
    "id" : 0,
    "activityState" : "NONE",
    "message" : "  50   16       34   500.00     0.00       null  2025-0912 OPEN     PO INSERT"
  }, {
    "id" : 0,
    "activityState" : "NONE",
    "message" : "  59   16       34  -500.00     0.00  2025-0912  2025-0913 OPEN  MODET NONE  -500.00"
  }, {
    "id" : 0,
    "activityState" : "NONE",
    "message" : "  59   16       34   500.00     0.00       null  2025-0912 OPEN     PO INSERT"
  }, {
    "id" : 0,
    "activityState" : "NONE",
    "message" : "  68   16       34  -500.00     0.00  2025-0912  2025-0913 OPEN  MODET NONE  -500.00"
  }, {
    "id" : 0,
    "activityState" : "NONE",
    "message" : "  68   16       34   500.00     0.00       null  2025-0912 OPEN     PO INSERT"
  }, {
    "id" : 0,
    "activityState" : "NONE",
    "message" : "  77   16       34  -500.00     0.00  2025-0912  2025-0913 OPEN  MODET NONE  -500.00"
  }, {
    "id" : 0,
    "activityState" : "NONE",
    "message" : "  77   16       34   500.00     0.00       null  2025-0912 OPEN     PO INSERT"
  }, {
    "id" : 0,
    "activityState" : "NONE",
    "message" : "  89   16       34  -500.00     0.00  2025-0912  2025-0913 OPEN  MODET NONE  -500.00"
  }, {
    "id" : 0,
    "activityState" : "NONE",
    "message" : "  89   16       34   500.00     0.00       null  2025-0912 OPEN     PO INSERT"
  }, {
    "id" : 0,
    "activityState" : "NONE",
    "message" : " 101   16       34  -500.00     0.00  2025-0912  2025-0913 OPEN  MODET NONE  -500.00"
  }, {
    "id" : 0,
    "activityState" : "NONE",
    "message" : " 101   16       34   500.00     0.00       null  2025-0912 OPEN     PO INSERT"
  }, {
    "id" : 0,
    "activityState" : "NONE",
    "message" : " 113   16       34  -500.00     0.00  2025-0912  2025-0913 OPEN  MODET NONE  -500.00"
  }, {
    "id" : 0,
    "activityState" : "NONE",
    "message" : " 113   16       34   500.00     0.00       null  2025-0912 OPEN     PO INSERT"
  }, {
    "id" : 0,
    "activityState" : "NONE",
    "message" : " 125   16       34  -500.00     0.00  2025-0912  2025-0913 OPEN  MODET NONE  -500.00"
  }, {
    "id" : 0,
    "activityState" : "NONE",
    "message" : " 125   16       34   500.00     0.00       null  2025-0912 OPEN     PO INSERT"
  }, {
    "id" : 0,
    "activityState" : "NONE",
    "message" : " 137   16       34  -500.00     0.00  2025-0912  2025-0913 OPEN  MODET NONE  -500.00"
  }, {
    "id" : 0,
    "activityState" : "NONE",
    "message" : " 137   16       34   500.00     0.00       null  2025-0912 OPEN     PO INSERT"
  }, {
    "id" : 0,
    "activityState" : "NONE",
    "message" : " 149   16       34  -500.00     0.00  2025-0912  2025-0913 OPEN  MODET NONE  -500.00"
  }, {
    "id" : 0,
    "activityState" : "NONE",
    "message" : " 149   16       34   500.00     0.00       null  2025-0912 OPEN     PO INSERT"
  }, {
    "id" : 0,
    "activityState" : "NONE",
    "message" : " 161   16       34  -500.00     0.00  2025-0912  2025-0913 OPEN  MODET NONE  -500.00"
  }, {
    "id" : 0,
    "activityState" : "NONE",
    "message" : " 161   16       34   500.00     0.00       null  2025-0912 OPEN     PO INSERT"
  }, {
    "id" : 0,
    "activityState" : "NONE",
    "message" : " 173   16       34  -500.00     0.00  2025-0912  2025-0913 OPEN  MODET NONE  -500.00"
  }, {
    "id" : 0,
    "activityState" : "NONE",
    "message" : " 173   16       34   500.00     0.00       null  2025-0912 OPEN     PO INSERT"
  }, {
    "id" : 0,
    "activityState" : "NONE",
    "message" : "Inventory Analysis for 0018: W-018,Carriage Bolt     0.17 PUR   2   3     0.00   500.00"
  }, {
    "id" : 0,
    "activityState" : "NONE",
    "message" : "Opening Balance of 0.0 and there are 13 open orders"
  }, {
    "id" : 0,
    "activityState" : "NONE",
    "message" : "  Id Item ParentId  Ordered Assigned      Start   Complete Stat   Type Acti  Balance"
  }, {
    "id" : 0,
    "activityState" : "NONE",
    "message" : "  51   18       34  -500.00     0.00  2025-0912  2025-0913 OPEN  MODET NONE  -500.00"
  }, {
    "id" : 0,
    "activityState" : "NONE",
    "message" : "  51   18       34   500.00     0.00       null  2025-0912 OPEN     PO INSERT"
  }, {
    "id" : 0,
    "activityState" : "NONE",
    "message" : "  60   18       34  -500.00     0.00  2025-0912  2025-0913 OPEN  MODET NONE  -500.00"
  }, {
    "id" : 0,
    "activityState" : "NONE",
    "message" : "  60   18       34   500.00     0.00       null  2025-0912 OPEN     PO INSERT"
  }, {
    "id" : 0,
    "activityState" : "NONE",
    "message" : "  69   18       34  -500.00     0.00  2025-0912  2025-0913 OPEN  MODET NONE  -500.00"
  }, {
    "id" : 0,
    "activityState" : "NONE",
    "message" : "  69   18       34   500.00     0.00       null  2025-0912 OPEN     PO INSERT"
  }, {
    "id" : 0,
    "activityState" : "NONE",
    "message" : "  78   18       34  -500.00     0.00  2025-0912  2025-0913 OPEN  MODET NONE  -500.00"
  }, {
    "id" : 0,
    "activityState" : "NONE",
    "message" : "  78   18       34   500.00     0.00       null  2025-0912 OPEN     PO INSERT"
  }, {
    "id" : 0,
    "activityState" : "NONE",
    "message" : "  90   18       34  -500.00     0.00  2025-0912  2025-0913 OPEN  MODET NONE  -500.00"
  }, {
    "id" : 0,
    "activityState" : "NONE",
    "message" : "  90   18       34   500.00     0.00       null  2025-0912 OPEN     PO INSERT"
  }, {
    "id" : 0,
    "activityState" : "NONE",
    "message" : " 102   18       34  -500.00     0.00  2025-0912  2025-0913 OPEN  MODET NONE  -500.00"
  }, {
    "id" : 0,
    "activityState" : "NONE",
    "message" : " 102   18       34   500.00     0.00       null  2025-0912 OPEN     PO INSERT"
  }, {
    "id" : 0,
    "activityState" : "NONE",
    "message" : " 114   18       34  -500.00     0.00  2025-0912  2025-0913 OPEN  MODET NONE  -500.00"
  }, {
    "id" : 0,
    "activityState" : "NONE",
    "message" : " 114   18       34   500.00     0.00       null  2025-0912 OPEN     PO INSERT"
  }, {
    "id" : 0,
    "activityState" : "NONE",
    "message" : " 126   18       34  -500.00     0.00  2025-0912  2025-0913 OPEN  MODET NONE  -500.00"
  }, {
    "id" : 0,
    "activityState" : "NONE",
    "message" : " 126   18       34   500.00     0.00       null  2025-0912 OPEN     PO INSERT"
  }, {
    "id" : 0,
    "activityState" : "NONE",
    "message" : " 138   18       34  -500.00     0.00  2025-0912  2025-0913 OPEN  MODET NONE  -500.00"
  }, {
    "id" : 0,
    "activityState" : "NONE",
    "message" : " 138   18       34   500.00     0.00       null  2025-0912 OPEN     PO INSERT"
  }, {
    "id" : 0,
    "activityState" : "NONE",
    "message" : " 150   18       34  -500.00     0.00  2025-0912  2025-0913 OPEN  MODET NONE  -500.00"
  }, {
    "id" : 0,
    "activityState" : "NONE",
    "message" : " 150   18       34   500.00     0.00       null  2025-0912 OPEN     PO INSERT"
  }, {
    "id" : 0,
    "activityState" : "NONE",
    "message" : " 162   18       34  -500.00     0.00  2025-0912  2025-0913 OPEN  MODET NONE  -500.00"
  }, {
    "id" : 0,
    "activityState" : "NONE",
    "message" : " 162   18       34   500.00     0.00       null  2025-0912 OPEN     PO INSERT"
  }, {
    "id" : 0,
    "activityState" : "NONE",
    "message" : " 174   18       34  -500.00     0.00  2025-0912  2025-0913 OPEN  MODET NONE  -500.00"
  }, {
    "id" : 0,
    "activityState" : "NONE",
    "message" : " 174   18       34   500.00     0.00       null  2025-0912 OPEN     PO INSERT"
  }, {
    "id" : 0,
    "activityState" : "NONE",
    "message" : " 186   18       34  -500.00     0.00  2025-0912  2025-0913 OPEN  MODET NONE  -500.00"
  }, {
    "id" : 0,
    "activityState" : "NONE",
    "message" : " 186   18       34   500.00     0.00       null  2025-0912 OPEN     PO INSERT"
  }, {
    "id" : 0,
    "activityState" : "NONE",
    "message" : "Inventory Analysis for 0017: W-017,Rod Stock     0.70 PUR   3   5     0.00  1000.00"
  }, {
    "id" : 0,
    "activityState" : "NONE",
    "message" : "Opening Balance of 0.0 and there are 38 open orders"
  }, {
    "id" : 0,
    "activityState" : "NONE",
    "message" : "  Id Item ParentId  Ordered Assigned      Start   Complete Stat   Type Acti  Balance"
  }, {
    "id" : 0,
    "activityState" : "NONE",
    "message" : "   2   17        1  1000.00     0.00  2025-0827  2025-0901 OPEN     PO NONE  1000.00"
  }, {
    "id" : 0,
    "activityState" : "NONE",
    "message" : "  79   17       45  -741.00     0.00  2025-0908  2025-0912 OPEN  MODET NONE   259.00"
  }, {
    "id" : 0,
    "activityState" : "NONE",
    "message" : "  80   17       54  -750.00     0.00  2025-0908  2025-0912 OPEN  MODET NONE  -491.00"
  }, {
    "id" : 0,
    "activityState" : "NONE",
    "message" : "  80   17       54  1000.00     0.00       null  2025-0908 OPEN     PO INSERT"
  }, {
    "id" : 0,
    "activityState" : "NONE",
    "message" : "  81   17       63  -750.00     0.00  2025-0908  2025-0912 OPEN  MODET NONE  -241.00"
  }, {
    "id" : 0,
    "activityState" : "NONE",
    "message" : "  81   17       63  1000.00     0.00       null  2025-0908 OPEN     PO INSERT"
  }, {
    "id" : 0,
    "activityState" : "NONE",
    "message" : "  91   17       45  -741.00     0.00  2025-0908  2025-0912 OPEN  MODET NONE    18.00"
  }, {
    "id" : 0,
    "activityState" : "NONE",
    "message" : "  92   17       54  -750.00     0.00  2025-0908  2025-0912 OPEN  MODET NONE  -732.00"
  }, {
    "id" : 0,
    "activityState" : "NONE",
    "message" : "  92   17       54  1000.00     0.00       null  2025-0908 OPEN     PO INSERT"
  }, {
    "id" : 0,
    "activityState" : "NONE",
    "message" : "  93   17       63  -750.00     0.00  2025-0908  2025-0912 OPEN  MODET NONE  -482.00"
  }, {
    "id" : 0,
    "activityState" : "NONE",
    "message" : "  93   17       63  1000.00     0.00       null  2025-0908 OPEN     PO INSERT"
  }, {
    "id" : 0,
    "activityState" : "NONE",
    "message" : " 103   17       45  -741.00     0.00  2025-0908  2025-0912 OPEN  MODET NONE  -223.00"
  }, {
    "id" : 0,
    "activityState" : "NONE",
    "message" : " 103   17       45  1000.00     0.00       null  2025-0908 OPEN     PO INSERT"
  }, {
    "id" : 0,
    "activityState" : "NONE",
    "message" : " 104   17       54  -750.00     0.00  2025-0908  2025-0912 OPEN  MODET NONE    27.00"
  }, {
    "id" : 0,
    "activityState" : "NONE",
    "message" : " 105   17       63  -750.00     0.00  2025-0908  2025-0912 OPEN  MODET NONE  -723.00"
  }, {
    "id" : 0,
    "activityState" : "NONE",
    "message" : " 105   17       63  1000.00     0.00       null  2025-0908 OPEN     PO INSERT"
  }, {
    "id" : 0,
    "activityState" : "NONE",
    "message" : " 115   17       45  -741.00     0.00  2025-0908  2025-0912 OPEN  MODET NONE  -464.00"
  }, {
    "id" : 0,
    "activityState" : "NONE",
    "message" : " 115   17       45  1000.00     0.00       null  2025-0908 OPEN     PO INSERT"
  }, {
    "id" : 0,
    "activityState" : "NONE",
    "message" : " 116   17       54  -750.00     0.00  2025-0908  2025-0912 OPEN  MODET NONE  -214.00"
  }, {
    "id" : 0,
    "activityState" : "NONE",
    "message" : " 116   17       54  1000.00     0.00       null  2025-0908 OPEN     PO INSERT"
  }, {
    "id" : 0,
    "activityState" : "NONE",
    "message" : " 117   17       63  -750.00     0.00  2025-0908  2025-0912 OPEN  MODET NONE    36.00"
  }, {
    "id" : 0,
    "activityState" : "NONE",
    "message" : " 127   17       45  -741.00     0.00  2025-0908  2025-0912 OPEN  MODET NONE  -705.00"
  }, {
    "id" : 0,
    "activityState" : "NONE",
    "message" : " 127   17       45  1000.00     0.00       null  2025-0908 OPEN     PO INSERT"
  }, {
    "id" : 0,
    "activityState" : "NONE",
    "message" : " 128   17       54  -750.00     0.00  2025-0908  2025-0912 OPEN  MODET NONE  -455.00"
  }, {
    "id" : 0,
    "activityState" : "NONE",
    "message" : " 128   17       54  1000.00     0.00       null  2025-0908 OPEN     PO INSERT"
  }, {
    "id" : 0,
    "activityState" : "NONE",
    "message" : " 129   17       63  -750.00     0.00  2025-0908  2025-0912 OPEN  MODET NONE  -205.00"
  }, {
    "id" : 0,
    "activityState" : "NONE",
    "message" : " 129   17       63  1000.00     0.00       null  2025-0908 OPEN     PO INSERT"
  }, {
    "id" : 0,
    "activityState" : "NONE",
    "message" : " 139   17       45  -741.00     0.00  2025-0908  2025-0912 OPEN  MODET NONE    54.00"
  }, {
    "id" : 0,
    "activityState" : "NONE",
    "message" : " 140   17       54  -750.00     0.00  2025-0908  2025-0912 OPEN  MODET NONE  -696.00"
  }, {
    "id" : 0,
    "activityState" : "NONE",
    "message" : " 140   17       54  1000.00     0.00       null  2025-0908 OPEN     PO INSERT"
  }, {
    "id" : 0,
    "activityState" : "NONE",
    "message" : " 141   17       63  -750.00     0.00  2025-0908  2025-0912 OPEN  MODET NONE  -446.00"
  }, {
    "id" : 0,
    "activityState" : "NONE",
    "message" : " 141   17       63  1000.00     0.00       null  2025-0908 OPEN     PO INSERT"
  }, {
    "id" : 0,
    "activityState" : "NONE",
    "message" : " 151   17       45  -741.00     0.00  2025-0908  2025-0912 OPEN  MODET NONE  -187.00"
  }, {
    "id" : 0,
    "activityState" : "NONE",
    "message" : " 151   17       45  1000.00     0.00       null  2025-0908 OPEN     PO INSERT"
  }, {
    "id" : 0,
    "activityState" : "NONE",
    "message" : " 152   17       54  -750.00     0.00  2025-0908  2025-0912 OPEN  MODET NONE    63.00"
  }, {
    "id" : 0,
    "activityState" : "NONE",
    "message" : " 153   17       63  -750.00     0.00  2025-0908  2025-0912 OPEN  MODET NONE  -687.00"
  }, {
    "id" : 0,
    "activityState" : "NONE",
    "message" : " 153   17       63  1000.00     0.00       null  2025-0908 OPEN     PO INSERT"
  }, {
    "id" : 0,
    "activityState" : "NONE",
    "message" : " 163   17       45  -741.00     0.00  2025-0908  2025-0912 OPEN  MODET NONE  -428.00"
  }, {
    "id" : 0,
    "activityState" : "NONE",
    "message" : " 163   17       45  1000.00     0.00       null  2025-0908 OPEN     PO INSERT"
  }, {
    "id" : 0,
    "activityState" : "NONE",
    "message" : " 164   17       54  -750.00     0.00  2025-0908  2025-0912 OPEN  MODET NONE  -178.00"
  }, {
    "id" : 0,
    "activityState" : "NONE",
    "message" : " 164   17       54  1000.00     0.00       null  2025-0908 OPEN     PO INSERT"
  }, {
    "id" : 0,
    "activityState" : "NONE",
    "message" : " 165   17       63  -750.00     0.00  2025-0908  2025-0912 OPEN  MODET NONE    72.00"
  }, {
    "id" : 0,
    "activityState" : "NONE",
    "message" : " 175   17       45  -741.00     0.00  2025-0908  2025-0912 OPEN  MODET NONE  -669.00"
  }, {
    "id" : 0,
    "activityState" : "NONE",
    "message" : " 175   17       45  1000.00     0.00       null  2025-0908 OPEN     PO INSERT"
  }, {
    "id" : 0,
    "activityState" : "NONE",
    "message" : " 176   17       54  -750.00     0.00  2025-0908  2025-0912 OPEN  MODET NONE  -419.00"
  }, {
    "id" : 0,
    "activityState" : "NONE",
    "message" : " 176   17       54  1000.00     0.00       null  2025-0908 OPEN     PO INSERT"
  }, {
    "id" : 0,
    "activityState" : "NONE",
    "message" : " 177   17       63  -750.00     0.00  2025-0908  2025-0912 OPEN  MODET NONE  -169.00"
  }, {
    "id" : 0,
    "activityState" : "NONE",
    "message" : " 177   17       63  1000.00     0.00       null  2025-0908 OPEN     PO INSERT"
  }, {
    "id" : 0,
    "activityState" : "NONE",
    "message" : " 187   17       45  -741.00     0.00  2025-0908  2025-0912 OPEN  MODET NONE    90.00"
  }, {
    "id" : 0,
    "activityState" : "NONE",
    "message" : " 188   17       54  -750.00     0.00  2025-0908  2025-0912 OPEN  MODET NONE  -660.00"
  }, {
    "id" : 0,
    "activityState" : "NONE",
    "message" : " 188   17       54  1000.00     0.00       null  2025-0908 OPEN     PO INSERT"
  }, {
    "id" : 0,
    "activityState" : "NONE",
    "message" : " 189   17       63  -750.00     0.00  2025-0908  2025-0912 OPEN  MODET NONE  -410.00"
  }, {
    "id" : 0,
    "activityState" : "NONE",
    "message" : " 189   17       63  1000.00     0.00       null  2025-0908 OPEN     PO INSERT"
  }, {
    "id" : 0,
    "activityState" : "NONE",
    "message" : " 199   17       45  -741.00     0.00  2025-0908  2025-0912 OPEN  MODET NONE  -151.00"
  }, {
    "id" : 0,
    "activityState" : "NONE",
    "message" : " 199   17       45  1000.00     0.00       null  2025-0908 OPEN     PO INSERT"
  }, {
    "id" : 0,
    "activityState" : "NONE",
    "message" : " 200   17       54  -750.00     0.00  2025-0908  2025-0912 OPEN  MODET NONE    99.00"
  }, {
    "id" : 0,
    "activityState" : "NONE",
    "message" : " 201   17       63  -750.00     0.00  2025-0908  2025-0912 OPEN  MODET NONE  -651.00"
  }, {
    "id" : 0,
    "activityState" : "NONE",
    "message" : " 201   17       63  1000.00     0.00       null  2025-0908 OPEN     PO INSERT"
  }, {
    "id" : 0,
    "activityState" : "NONE",
    "message" : "   4   17        3  -750.00     0.00  2025-0911  2025-0915 OPEN  MODET NONE  -401.00"
  }, {
    "id" : 0,
    "activityState" : "NONE",
    "message" : "   4   17        3  1000.00     0.00       null  2025-0911 OPEN     PO INSERT"
  }, {
    "id" : 0,
    "activityState" : "NONE",
    "message" : "   6   17        5  1250.00     0.00  2025-1006  2025-1011 OPEN     PO NONE  1849.00"
  }, {
    "id" : 0,
    "activityState" : "NONE",
    "message" : "   8   17        7  2250.00     0.00  2025-1106  2025-1111 OPEN     PO NONE  4099.00"
  }, {
    "id" : 0,
    "activityState" : "NONE",
    "message" : "  10   17        9  1000.00     0.00  2025-1206  2025-1211 OPEN     PO NONE  5099.00"
  } ]
}