{
  "responseType" : null,
  "errors" : [ ],
  "data" : [ {
    "id" : 2,
    "crudAction" : "NONE",
    "itemId" : 17,
    "quantityOrdered" : 9.0,
    "quantityAssigned" : 0.0,
    "startDate" : "2025-0828",
    "completeDate" : "2025-0901",
    "parentOliId" : 1,
    "orderState" : "OPEN",
    "orderType" : "MODET"
  } ]
}