{
  "responseType" : "MULTILINE",
  "errors" : [ ],
  "data" : [ {
    "id" : 1,
    "crudAction" : "NONE",
    "message" : ""
  }, {
    "id" : 2,
    "crudAction" : "NONE",
    "message" : "Inventory Analysis for 0001: 36 In Red Wagon     0.00 MAN   0   2     5.00     1.00"
  }, {
    "id" : 3,
    "crudAction" : "NONE",
    "message" : "Opening Balance of 5.0 and there are 1 open orders"
  }, {
    "id" : 4,
    "crudAction" : "NONE",
    "message" : "  Id Item ParentId  Ordered Assigned      Start   Complete Stat   Type Acti  Balance"
  }, {
    "id" : 5,
    "crudAction" : "NONE",
    "message" : "  27    1        0   500.00     0.00  2025-0913  2025-0915 OPEN MOHEAD NONE   505.00"
  }, {
    "id" : 6,
    "crudAction" : "NONE",
    "message" : ""
  }, {
    "id" : 7,
    "crudAction" : "NONE",
    "message" : "Inventory Analysis for 0002: Red Wagon Body     0.00 MAN   1  10     0.00     1.00"
  }, {
    "id" : 8,
    "crudAction" : "NONE",
    "message" : "Opening Balance of 0.0 and there are 1 open orders"
  }, {
    "id" : 9,
    "crudAction" : "NONE",
    "message" : "  Id Item ParentId  Ordered Assigned      Start   Complete Stat   Type Acti  Balance"
  }, {
    "id" : 10,
    "crudAction" : "NONE",
    "message" : "  28    2       27  -500.00     0.00  2025-0911  2025-0913 OPEN  MODET NONE  -500.00"
  }, {
    "id" : 11,
    "crudAction" : "NONE",
    "message" : "   0    2        0   500.00     0.00       null  2025-0911 OPEN MOHEAD INSERT     0.00"
  }, {
    "id" : 12,
    "crudAction" : "NONE",
    "message" : ""
  }, {
    "id" : 13,
    "crudAction" : "NONE",
    "message" : "Inventory Analysis for 0003: Front Wheel Asmbly     0.00 MAN   1   1     0.00     1.00"
  }, {
    "id" : 14,
    "crudAction" : "NONE",
    "message" : "Opening Balance of 0.0 and there are 2 open orders"
  }, {
    "id" : 15,
    "crudAction" : "NONE",
    "message" : "  Id Item ParentId  Ordered Assigned      Start   Complete Stat   Type Acti  Balance"
  }, {
    "id" : 16,
    "crudAction" : "NONE",
    "message" : "  29    3       27  -500.00     0.00  2025-0911  2025-0913 OPEN  MODET NONE  -500.00"
  }, {
    "id" : 17,
    "crudAction" : "NONE",
    "message" : "   0    3        0   500.00     0.00       null  2025-0911 OPEN MOHEAD INSERT     0.00"
  }, {
    "id" : 18,
    "crudAction" : "NONE",
    "message" : "  15    3        0   500.00     0.00  2025-0914  2025-0915 OPEN MOHEAD NONE   500.00"
  }, {
    "id" : 19,
    "crudAction" : "NONE",
    "message" : ""
  }, {
    "id" : 20,
    "crudAction" : "NONE",
    "message" : "Inventory Analysis for 0004: Rear Wheel Asmbly     0.00 MAN   1   1     0.00     1.00"
  }, {
    "id" : 21,
    "crudAction" : "NONE",
    "message" : "Opening Balance of 0.0 and there are 1 open orders"
  }, {
    "id" : 22,
    "crudAction" : "NONE",
    "message" : "  Id Item ParentId  Ordered Assigned      Start   Complete Stat   Type Acti  Balance"
  }, {
    "id" : 23,
    "crudAction" : "NONE",
    "message" : "  30    4       27  -500.00     0.00  2025-0911  2025-0913 OPEN  MODET NONE  -500.00"
  }, {
    "id" : 24,
    "crudAction" : "NONE",
    "message" : "   0    4        0   500.00     0.00       null  2025-0911 OPEN MOHEAD INSERT     0.00"
  }, {
    "id" : 25,
    "crudAction" : "NONE",
    "message" : ""
  }, {
    "id" : 26,
    "crudAction" : "NONE",
    "message" : "Inventory Analysis for 0006: Decal     0.25 PUR   1   5     0.00     1.00"
  }, {
    "id" : 27,
    "crudAction" : "NONE",
    "message" : "Opening Balance of 0.0 and there are 1 open orders"
  }, {
    "id" : 28,
    "crudAction" : "NONE",
    "message" : "  Id Item ParentId  Ordered Assigned      Start   Complete Stat   Type Acti  Balance"
  }, {
    "id" : 29,
    "crudAction" : "NONE",
    "message" : "  31    6       27 -1000.00     0.00  2025-0911  2025-0913 OPEN  MODET NONE -1000.00"
  }, {
    "id" : 30,
    "crudAction" : "NONE",
    "message" : "   0    6        0  1000.00     0.00       null  2025-0911 OPEN     PO INSERT     0.00"
  }, {
    "id" : 31,
    "crudAction" : "NONE",
    "message" : ""
  }, {
    "id" : 32,
    "crudAction" : "NONE",
    "message" : "Inventory Analysis for 0008: Threaded bolt     0.60 PUR   1   5     0.00   500.00"
  }, {
    "id" : 33,
    "crudAction" : "NONE",
    "message" : "Opening Balance of 0.0 and there are 1 open orders"
  }, {
    "id" : 34,
    "crudAction" : "NONE",
    "message" : "  Id Item ParentId  Ordered Assigned      Start   Complete Stat   Type Acti  Balance"
  }, {
    "id" : 35,
    "crudAction" : "NONE",
    "message" : "  33    8       27 -2000.00     0.00  2025-0911  2025-0913 OPEN  MODET NONE -2000.00"
  }, {
    "id" : 36,
    "crudAction" : "NONE",
    "message" : "   0    8        0  2000.00     0.00       null  2025-0911 OPEN     PO INSERT     0.00"
  }, {
    "id" : 37,
    "crudAction" : "NONE",
    "message" : ""
  }, {
    "id" : 38,
    "crudAction" : "NONE",
    "message" : "Inventory Analysis for 0005: Axle     0.00 MAN   2   4     0.00     1.00"
  }, {
    "id" : 39,
    "crudAction" : "NONE",
    "message" : "Opening Balance of 0.0 and there are 9 open orders"
  }, {
    "id" : 40,
    "crudAction" : "NONE",
    "message" : "  Id Item ParentId  Ordered Assigned      Start   Complete Stat   Type Acti  Balance"
  }, {
    "id" : 41,
    "crudAction" : "NONE",
    "message" : "  39    5       38  -500.00     0.00  2025-0909  2025-0910 OPEN  MODET INSERT  -500.00"
  }, {
    "id" : 42,
    "crudAction" : "NONE",
    "message" : "   0    5        0   500.00     0.00       null  2025-0909 OPEN MOHEAD INSERT     0.00"
  }, {
    "id" : 43,
    "crudAction" : "NONE",
    "message" : "  44    5       43  -500.00     0.00  2025-0909  2025-0910 OPEN  MODET INSERT  -500.00"
  }, {
    "id" : 44,
    "crudAction" : "NONE",
    "message" : "   0    5        0   500.00     0.00       null  2025-0909 OPEN MOHEAD INSERT     0.00"
  }, {
    "id" : 45,
    "crudAction" : "NONE",
    "message" : "   1    5        0     6.00     0.00  2025-0901  2025-0913 OPEN MOHEAD NONE     6.00"
  }, {
    "id" : 46,
    "crudAction" : "NONE",
    "message" : "  20    5        0   494.00     0.00  2025-0909  2025-0913 OPEN MOHEAD NONE   500.00"
  }, {
    "id" : 47,
    "crudAction" : "NONE",
    "message" : "  16    5       15  -500.00     0.00  2025-0913  2025-0914 OPEN  MODET NONE     0.00"
  }, {
    "id" : 48,
    "crudAction" : "NONE",
    "message" : "   4    5        0   500.00     0.00  2025-0911  2025-0915 OPEN MOHEAD NONE   500.00"
  }, {
    "id" : 49,
    "crudAction" : "NONE",
    "message" : "   6    5        0  1000.00     0.00  2025-1011  2025-1015 OPEN MOHEAD NONE  1500.00"
  }, {
    "id" : 50,
    "crudAction" : "NONE",
    "message" : "   8    5        0  1500.00     0.00  2025-1111  2025-1115 OPEN MOHEAD NONE  3000.00"
  }, {
    "id" : 51,
    "crudAction" : "NONE",
    "message" : "  10    5        0    50.00     0.00  2025-1211  2025-1215 OPEN MOHEAD NONE  3050.00"
  }, {
    "id" : 52,
    "crudAction" : "NONE",
    "message" : ""
  }, {
    "id" : 53,
    "crudAction" : "NONE",
    "message" : "Inventory Analysis for 0007: Washer     0.21 PUR   2   5     0.00  1000.00"
  }, {
    "id" : 54,
    "crudAction" : "NONE",
    "message" : "Opening Balance of 0.0 and there are 2 open orders"
  }, {
    "id" : 55,
    "crudAction" : "NONE",
    "message" : "  Id Item ParentId  Ordered Assigned      Start   Complete Stat   Type Acti  Balance"
  }, {
    "id" : 56,
    "crudAction" : "NONE",
    "message" : "  45    7       43 -1000.00     0.00  2025-0909  2025-0910 OPEN  MODET INSERT -1000.00"
  }, {
    "id" : 57,
    "crudAction" : "NONE",
    "message" : "   0    7        0  1000.00     0.00       null  2025-0909 OPEN     PO INSERT     0.00"
  }, {
    "id" : 58,
    "crudAction" : "NONE",
    "message" : "  32    7       27 -4000.00     0.00  2025-0911  2025-0913 OPEN  MODET NONE -4000.00"
  }, {
    "id" : 59,
    "crudAction" : "NONE",
    "message" : "   0    7        0  4000.00     0.00       null  2025-0911 OPEN     PO INSERT     0.00"
  }, {
    "id" : 60,
    "crudAction" : "NONE",
    "message" : ""
  }, {
    "id" : 61,
    "crudAction" : "NONE",
    "message" : "Inventory Analysis for 0009: Nut     0.17 PUR   2   6     0.00   500.00"
  }, {
    "id" : 62,
    "crudAction" : "NONE",
    "message" : "Opening Balance of 0.0 and there are 5 open orders"
  }, {
    "id" : 63,
    "crudAction" : "NONE",
    "message" : "  Id Item ParentId  Ordered Assigned      Start   Complete Stat   Type Acti  Balance"
  }, {
    "id" : 64,
    "crudAction" : "NONE",
    "message" : "  40    9       38 -1000.00     0.00  2025-0909  2025-0910 OPEN  MODET INSERT -1000.00"
  }, {
    "id" : 65,
    "crudAction" : "NONE",
    "message" : "   0    9        0  1000.00     0.00       null  2025-0909 OPEN     PO INSERT     0.00"
  }, {
    "id" : 66,
    "crudAction" : "NONE",
    "message" : "  46    9       43 -1000.00     0.00  2025-0909  2025-0910 OPEN  MODET INSERT -1000.00"
  }, {
    "id" : 67,
    "crudAction" : "NONE",
    "message" : "   0    9        0  1000.00     0.00       null  2025-0909 OPEN     PO INSERT     0.00"
  }, {
    "id" : 68,
    "crudAction" : "NONE",
    "message" : "  22    9        0  1000.00     0.00  2025-0907  2025-0913 OPEN     PO NONE  1000.00"
  }, {
    "id" : 69,
    "crudAction" : "NONE",
    "message" : "  34    9       27 -2000.00     0.00  2025-0911  2025-0913 OPEN  MODET NONE -1000.00"
  }, {
    "id" : 70,
    "crudAction" : "NONE",
    "message" : "   0    9        0  1000.00     0.00       null  2025-0911 OPEN     PO INSERT     0.00"
  }, {
    "id" : 71,
    "crudAction" : "NONE",
    "message" : "  17    9       15 -1000.00     0.00  2025-0913  2025-0914 OPEN  MODET NONE -1000.00"
  }, {
    "id" : 72,
    "crudAction" : "NONE",
    "message" : "   0    9        0  1000.00     0.00       null  2025-0913 OPEN     PO INSERT     0.00"
  }, {
    "id" : 73,
    "crudAction" : "NONE",
    "message" : ""
  }, {
    "id" : 74,
    "crudAction" : "NONE",
    "message" : "Inventory Analysis for 0010: 8 In Wheel     0.17 PUR   2  10     0.00   120.00"
  }, {
    "id" : 75,
    "crudAction" : "NONE",
    "message" : "Opening Balance of 0.0 and there are 1 open orders"
  }, {
    "id" : 76,
    "crudAction" : "NONE",
    "message" : "  Id Item ParentId  Ordered Assigned      Start   Complete Stat   Type Acti  Balance"
  }, {
    "id" : 77,
    "crudAction" : "NONE",
    "message" : "  47   10       43 -1000.00     0.00  2025-0909  2025-0910 OPEN  MODET INSERT -1000.00"
  }, {
    "id" : 78,
    "crudAction" : "NONE",
    "message" : "   0   10        0  1000.00     0.00       null  2025-0909 OPEN     PO INSERT     0.00"
  }, {
    "id" : 79,
    "crudAction" : "NONE",
    "message" : ""
  }, {
    "id" : 80,
    "crudAction" : "NONE",
    "message" : "Inventory Analysis for 0011: Front Wheel Bracket     0.95 PUR   2   2     0.00    50.00"
  }, {
    "id" : 81,
    "crudAction" : "NONE",
    "message" : "Opening Balance of 0.0 and there are 3 open orders"
  }, {
    "id" : 82,
    "crudAction" : "NONE",
    "message" : "  Id Item ParentId  Ordered Assigned      Start   Complete Stat   Type Acti  Balance"
  }, {
    "id" : 83,
    "crudAction" : "NONE",
    "message" : "  41   11       38 -1000.00     0.00  2025-0909  2025-0910 OPEN  MODET INSERT -1000.00"
  }, {
    "id" : 84,
    "crudAction" : "NONE",
    "message" : "   0   11        0  1000.00     0.00       null  2025-0909 OPEN     PO INSERT     0.00"
  }, {
    "id" : 85,
    "crudAction" : "NONE",
    "message" : "  23   11        0  1000.00     0.00  2025-0911  2025-0913 OPEN     PO NONE  1000.00"
  }, {
    "id" : 86,
    "crudAction" : "NONE",
    "message" : "  18   11       15 -1000.00     0.00  2025-0913  2025-0914 OPEN  MODET NONE     0.00"
  }, {
    "id" : 87,
    "crudAction" : "NONE",
    "message" : ""
  }, {
    "id" : 88,
    "crudAction" : "NONE",
    "message" : "Inventory Analysis for 0012: Yoke     0.17 PUR   2  10     0.00    50.00"
  }, {
    "id" : 89,
    "crudAction" : "NONE",
    "message" : "Opening Balance of 0.0 and there are 3 open orders"
  }, {
    "id" : 90,
    "crudAction" : "NONE",
    "message" : "  Id Item ParentId  Ordered Assigned      Start   Complete Stat   Type Acti  Balance"
  }, {
    "id" : 91,
    "crudAction" : "NONE",
    "message" : "  42   12       38 -1000.00     0.00  2025-0909  2025-0910 OPEN  MODET INSERT -1000.00"
  }, {
    "id" : 92,
    "crudAction" : "NONE",
    "message" : "   0   12        0  1000.00     0.00       null  2025-0909 OPEN     PO INSERT     0.00"
  }, {
    "id" : 93,
    "crudAction" : "NONE",
    "message" : "  24   12        0  1000.00     0.00  2025-0903  2025-0913 OPEN     PO NONE  1000.00"
  }, {
    "id" : 94,
    "crudAction" : "NONE",
    "message" : "  19   12       15 -1000.00     0.00  2025-0913  2025-0914 OPEN  MODET NONE     0.00"
  }, {
    "id" : 95,
    "crudAction" : "NONE",
    "message" : ""
  }, {
    "id" : 96,
    "crudAction" : "NONE",
    "message" : "Inventory Analysis for 0013: Wagon Body     2.25 PUR   2  20     0.00   100.00"
  }, {
    "id" : 97,
    "crudAction" : "NONE",
    "message" : "Opening Balance of 0.0 and there are 1 open orders"
  }, {
    "id" : 98,
    "crudAction" : "NONE",
    "message" : "  Id Item ParentId  Ordered Assigned      Start   Complete Stat   Type Acti  Balance"
  }, {
    "id" : 99,
    "crudAction" : "NONE",
    "message" : "  36   13       35  -500.00     0.00  2025-0822  2025-0901 OPEN  MODET INSERT  -500.00"
  }, {
    "id" : 100,
    "crudAction" : "NONE",
    "message" : "   0   13        0   500.00     0.00       null  2025-0822 OPEN     PO INSERT     0.00"
  }, {
    "id" : 101,
    "crudAction" : "NONE",
    "message" : ""
  }, {
    "id" : 102,
    "crudAction" : "NONE",
    "message" : "Inventory Analysis for 0014: Red Paint    20.00 PUR   2   5     0.00     4.00"
  }, {
    "id" : 103,
    "crudAction" : "NONE",
    "message" : "Opening Balance of 0.0 and there are 1 open orders"
  }, {
    "id" : 104,
    "crudAction" : "NONE",
    "message" : "  Id Item ParentId  Ordered Assigned      Start   Complete Stat   Type Acti  Balance"
  }, {
    "id" : 105,
    "crudAction" : "NONE",
    "message" : "  37   14       35  -125.00     0.00  2025-0822  2025-0901 OPEN  MODET INSERT  -125.00"
  }, {
    "id" : 106,
    "crudAction" : "NONE",
    "message" : "   0   14        0   125.00     0.00       null  2025-0822 OPEN     PO INSERT     0.00"
  }, {
    "id" : 107,
    "crudAction" : "NONE",
    "message" : ""
  }, {
    "id" : 108,
    "crudAction" : "NONE",
    "message" : "Inventory Analysis for 0015: Rear Wheel bracket     1.00 PUR   2   4     0.00    50.00"
  }, {
    "id" : 109,
    "crudAction" : "NONE",
    "message" : "Opening Balance of 0.0 and there are 1 open orders"
  }, {
    "id" : 110,
    "crudAction" : "NONE",
    "message" : "  Id Item ParentId  Ordered Assigned      Start   Complete Stat   Type Acti  Balance"
  }, {
    "id" : 111,
    "crudAction" : "NONE",
    "message" : "  48   15       43  -500.00     0.00  2025-0909  2025-0910 OPEN  MODET INSERT  -500.00"
  }, {
    "id" : 112,
    "crudAction" : "NONE",
    "message" : "   0   15        0   500.00     0.00       null  2025-0909 OPEN     PO INSERT     0.00"
  }, {
    "id" : 113,
    "crudAction" : "NONE",
    "message" : ""
  }, {
    "id" : 114,
    "crudAction" : "NONE",
    "message" : "Inventory Analysis for 0016: Axle Bracket Brace     0.75 PUR   2   6     0.00    50.00"
  }, {
    "id" : 115,
    "crudAction" : "NONE",
    "message" : "Opening Balance of 0.0 and there are 1 open orders"
  }, {
    "id" : 116,
    "crudAction" : "NONE",
    "message" : "  Id Item ParentId  Ordered Assigned      Start   Complete Stat   Type Acti  Balance"
  }, {
    "id" : 117,
    "crudAction" : "NONE",
    "message" : "  49   16       43  -500.00     0.00  2025-0909  2025-0910 OPEN  MODET INSERT  -500.00"
  }, {
    "id" : 118,
    "crudAction" : "NONE",
    "message" : "   0   16        0   500.00     0.00       null  2025-0909 OPEN     PO INSERT     0.00"
  }, {
    "id" : 119,
    "crudAction" : "NONE",
    "message" : ""
  }, {
    "id" : 120,
    "crudAction" : "NONE",
    "message" : "Inventory Analysis for 0018: Carriage Bolt     0.17 PUR   2   3     0.00   500.00"
  }, {
    "id" : 121,
    "crudAction" : "NONE",
    "message" : "Opening Balance of 0.0 and there are 1 open orders"
  }, {
    "id" : 122,
    "crudAction" : "NONE",
    "message" : "  Id Item ParentId  Ordered Assigned      Start   Complete Stat   Type Acti  Balance"
  }, {
    "id" : 123,
    "crudAction" : "NONE",
    "message" : "  50   18       43  -500.00     0.00  2025-0909  2025-0910 OPEN  MODET INSERT  -500.00"
  }, {
    "id" : 124,
    "crudAction" : "NONE",
    "message" : "   0   18        0   500.00     0.00       null  2025-0909 OPEN     PO INSERT     0.00"
  }, {
    "id" : 125,
    "crudAction" : "NONE",
    "message" : ""
  }, {
    "id" : 126,
    "crudAction" : "NONE",
    "message" : "Inventory Analysis for 0017: Rod Stock     0.70 PUR   3   5     0.00  1000.00"
  }, {
    "id" : 127,
    "crudAction" : "NONE",
    "message" : "Opening Balance of 0.0 and there are 13 open orders"
  }, {
    "id" : 128,
    "crudAction" : "NONE",
    "message" : "  Id Item ParentId  Ordered Assigned      Start   Complete Stat   Type Acti  Balance"
  }, {
    "id" : 129,
    "crudAction" : "NONE",
    "message" : "   3   17        0  1000.00     0.00  2025-0823  2025-0828 OPEN     PO NONE  1000.00"
  }, {
    "id" : 130,
    "crudAction" : "NONE",
    "message" : "   2   17        1    -9.00     0.00  2025-0828  2025-0901 OPEN  MODET NONE   991.00"
  }, {
    "id" : 131,
    "crudAction" : "NONE",
    "message" : "  54   17       53 -1500.00     0.00  2025-0901  2025-0905 OPEN  MODET INSERT  -509.00"
  }, {
    "id" : 132,
    "crudAction" : "NONE",
    "message" : "   0   17        0   509.00     0.00       null  2025-0901 OPEN     PO INSERT     0.00"
  }, {
    "id" : 133,
    "crudAction" : "NONE",
    "message" : "  25   17        0  1000.00     0.00  2025-0902  2025-0907 OPEN     PO NONE  1000.00"
  }, {
    "id" : 134,
    "crudAction" : "NONE",
    "message" : "  21   17       20  -741.00     0.00  2025-0905  2025-0909 OPEN  MODET NONE   259.00"
  }, {
    "id" : 135,
    "crudAction" : "NONE",
    "message" : "   5   17        4  -750.00     0.00  2025-0907  2025-0911 OPEN  MODET NONE  -491.00"
  }, {
    "id" : 136,
    "crudAction" : "NONE",
    "message" : "   0   17        0   491.00     0.00       null  2025-0907 OPEN     PO INSERT     0.00"
  }, {
    "id" : 137,
    "crudAction" : "NONE",
    "message" : "  12   17        0  1259.00     0.00  2025-1002  2025-1007 OPEN     PO NONE  1259.00"
  }, {
    "id" : 138,
    "crudAction" : "NONE",
    "message" : "  26   17        0  1000.00     0.00  2025-1002  2025-1007 OPEN     PO NONE  2259.00"
  }, {
    "id" : 139,
    "crudAction" : "NONE",
    "message" : "   7   17        6 -1500.00     0.00  2025-1007  2025-1011 OPEN  MODET NONE   759.00"
  }, {
    "id" : 140,
    "crudAction" : "NONE",
    "message" : "  13   17        0  2250.00     0.00  2025-1102  2025-1107 OPEN     PO NONE  3009.00"
  }, {
    "id" : 141,
    "crudAction" : "NONE",
    "message" : "   9   17        8 -2250.00     0.00  2025-1107  2025-1111 OPEN  MODET NONE   759.00"
  }, {
    "id" : 142,
    "crudAction" : "NONE",
    "message" : "  14   17        0  1000.00     0.00  2025-1202  2025-1207 OPEN     PO NONE  1759.00"
  }, {
    "id" : 143,
    "crudAction" : "NONE",
    "message" : "  11   17       10   -75.00     0.00  2025-1207  2025-1211 OPEN  MODET NONE  1684.00"
  } ]
}