{
  "responseType" : "QUERY",
  "errors" : [ ],
  "data" : [ {
    "id" : 0,
    "crudAction" : "NONE",
    "message" : "Description                      Unit Cost  Src    Depth   QonHand  MinOrdQty LeadTime"
  }, {
    "id" : 0,
    "crudAction" : "NONE",
    "message" : "36 In Red Wagon                       0.00  MAN        0      7.00     1.00        2"
  }, {
    "id" : 0,
    "crudAction" : "NONE",
    "message" : "Red Wagon Body                        0.00  MAN        1      0.00     1.00       10"
  }, {
    "id" : 0,
    "crudAction" : "NONE",
    "message" : "Front Wheel Asmbly                    0.00  MAN        1      0.00     1.00        1"
  }, {
    "id" : 0,
    "crudAction" : "NONE",
    "message" : "Rear Wheel Asmbly                     0.00  MAN        1      0.00     1.00        1"
  }, {
    "id" : 0,
    "crudAction" : "NONE",
    "message" : "Axle                                  0.00  MAN        2      0.00     1.00        4"
  }, {
    "id" : 0,
    "crudAction" : "NONE",
    "message" : "Decal                                 0.25  PUR        1      0.00     1.00        5"
  }, {
    "id" : 0,
    "crudAction" : "NONE",
    "message" : "Washer                                0.21  PUR        2      0.00  1000.00        5"
  }, {
    "id" : 0,
    "crudAction" : "NONE",
    "message" : "Threaded bolt                         0.60  PUR        1      0.00   500.00        5"
  }, {
    "id" : 0,
    "crudAction" : "NONE",
    "message" : "Nut                                   0.17  PUR        2      0.00   500.00        6"
  }, {
    "id" : 0,
    "crudAction" : "NONE",
    "message" : "8 In Wheel                            0.17  PUR        2      0.00   120.00       10"
  }, {
    "id" : 0,
    "crudAction" : "NONE",
    "message" : "Front Wheel Bracket                   0.95  PUR        2      0.00    50.00        2"
  }, {
    "id" : 0,
    "crudAction" : "NONE",
    "message" : "Yoke                                  0.17  PUR        2      0.00    50.00       10"
  }, {
    "id" : 0,
    "crudAction" : "NONE",
    "message" : "Wagon Body                            2.25  PUR        2      0.00   100.00       20"
  }, {
    "id" : 0,
    "crudAction" : "NONE",
    "message" : "Red Paint                            20.00  PUR        2      0.00     4.00        5"
  }, {
    "id" : 0,
    "crudAction" : "NONE",
    "message" : "Rear Wheel bracket                    1.00  PUR        2      0.00    50.00        4"
  }, {
    "id" : 0,
    "crudAction" : "NONE",
    "message" : "Axle Bracket Brace                    0.75  PUR        2      0.00    50.00        6"
  }, {
    "id" : 0,
    "crudAction" : "NONE",
    "message" : "Rod Stock                             0.70  PUR        3      7.00  1000.00        5"
  }, {
    "id" : 0,
    "crudAction" : "NONE",
    "message" : "Carriage Bolt                         0.17  PUR        2      0.00   500.00        3"
  } ]
}