{
  "responseType" : "MULTILINE",
  "errors" : [ ],
  "data" : [ {
    "id" : 0,
    "crudAction" : "NONE",
    "message" : "Item                         Ordered Assigned     Start  Complete State   Type"
  }, {
    "id" : 0,
    "crudAction" : "NONE",
    "message" : "W-017                        1000.00     7.00 2025-0823 2025-0828 OPEN    PO "
  } ]
}