{
  "responseType" : "QUERY",
  "errors" : [ ],
  "data" : [ {
    "id" : 6,
    "crudAction" : "NONE",
    "parentId" : 1,
    "childId" : 7,
    "quantityPer" : 8.0,
    "parentDescription" : "36 In Red Wagon",
    "childDescription" : "Washer",
    "unitCost" : 0.21,
    "extendedCost" : 1.68
  }, {
    "id" : 18,
    "crudAction" : "NONE",
    "parentId" : 4,
    "childId" : 7,
    "quantityPer" : 2.0,
    "parentDescription" : "Rear Wheel Asmbly",
    "childDescription" : "Washer",
    "unitCost" : 0.21,
    "extendedCost" : 0.42
  } ]
}