{
  "responseType" : "CHANGE",
  "errors" : [ ],
  "data" : [ {
    "id" : 1,
    "activityState" : "INSERT",
    "parentId" : 1,
    "childId" : 2,
    "quantityPer" : 1.0,
    "parentSummary" : "W-001",
    "parentDescription" : "36 In Red Wagon",
    "childSummary" : "W-002",
    "childDescription" : "Red Wagon Body",
    "unitCost" : 0.0,
    "extendedCost" : 0.0
  } ]
}