{
  "responseType" : null,
  "errors" : [ ],
  "data" : [ {
    "id" : 0,
    "activityState" : "NONE",
    "message" : "Items deleted"
  }, {
    "id" : 0,
    "activityState" : "NONE",
    "message" : "Items deleted"
  }, {
    "id" : 0,
    "activityState" : "NONE",
    "message" : "BOMs deleted"
  } ]
}