{
  "responseType" : "MULTILINE",
  "errors" : [ ],
  "data" : [ {
    "id" : 1,
    "activityState" : "DELETE",
    "itemId" : 1,
    "quantityOrdered" : 1.0,
    "quantityAssigned" : 0.0,
    "startDate" : "2025-07-01",
    "completeDate" : "",
    "parentOliId" : 0,
    "debitCreditIndicator" : "ADDS_TO_BALANCE"
  } ]
}